Archive member included to satisfy reference by file (symbol)

c:/program files (x86)/atollic/truestudio for stm32 9.0.1/armtools/bin/../lib/gcc/arm-atollic-eabi/6.3.1/../../../../arm-atollic-eabi/lib/armv7e-m/fpu\libc_nano.a(lib_a-init.o)
                              startup\startup_stm32l475xx.o (__libc_init_array)
c:/program files (x86)/atollic/truestudio for stm32 9.0.1/armtools/bin/../lib/gcc/arm-atollic-eabi/6.3.1/../../../../arm-atollic-eabi/lib/armv7e-m/fpu\libc_nano.a(lib_a-memcpy-stub.o)
                              Middlewares\Third_Party\FreeRTOS\Source\queue.o (memcpy)
c:/program files (x86)/atollic/truestudio for stm32 9.0.1/armtools/bin/../lib/gcc/arm-atollic-eabi/6.3.1/../../../../arm-atollic-eabi/lib/armv7e-m/fpu\libc_nano.a(lib_a-memset.o)
                              Middlewares\Third_Party\FreeRTOS\Source\stream_buffer.o (memset)
c:/program files (x86)/atollic/truestudio for stm32 9.0.1/armtools/bin/../lib/gcc/arm-atollic-eabi/6.3.1/armv7e-m/fpu\libgcc.a(_aeabi_uldivmod.o)
                              Drivers\STM32L4xx_HAL_Driver\Src\stm32l4xx_hal_uart.o (__aeabi_uldivmod)
c:/program files (x86)/atollic/truestudio for stm32 9.0.1/armtools/bin/../lib/gcc/arm-atollic-eabi/6.3.1/armv7e-m/fpu\libgcc.a(_udivmoddi4.o)
                              c:/program files (x86)/atollic/truestudio for stm32 9.0.1/armtools/bin/../lib/gcc/arm-atollic-eabi/6.3.1/armv7e-m/fpu\libgcc.a(_aeabi_uldivmod.o) (__udivmoddi4)
c:/program files (x86)/atollic/truestudio for stm32 9.0.1/armtools/bin/../lib/gcc/arm-atollic-eabi/6.3.1/armv7e-m/fpu\libgcc.a(_dvmd_tls.o)
                              c:/program files (x86)/atollic/truestudio for stm32 9.0.1/armtools/bin/../lib/gcc/arm-atollic-eabi/6.3.1/armv7e-m/fpu\libgcc.a(_aeabi_uldivmod.o) (__aeabi_ldiv0)

Allocating common symbols
Common symbol       size              file

hdfsdm1_channel1    0x38              Src\main.o
defaultTaskHandle   0x4               Src\main.o
huart3              0x78              Src\main.o
hpcd_USB_OTG_FS     0x408             Src\main.o
hi2c2               0x4c              Src\main.o
htim17              0x40              Src\stm32l4xx_hal_timebase_TIM.o
uwTick              0x4               Drivers\STM32L4xx_HAL_Driver\Src\stm32l4xx_hal.o
xQueueRegistry      0x40              Middlewares\Third_Party\FreeRTOS\Source\queue.o
htim3               0x40              Src\main.o
hspi3               0x64              Src\main.o
huart1              0x78              Src\main.o
hqspi               0x44              Src\main.o

Discarded input sections

 .text          0x00000000        0x0 c:/program files (x86)/atollic/truestudio for stm32 9.0.1/armtools/bin/../lib/gcc/arm-atollic-eabi/6.3.1/armv7e-m/fpu/crti.o
 .data          0x00000000        0x0 c:/program files (x86)/atollic/truestudio for stm32 9.0.1/armtools/bin/../lib/gcc/arm-atollic-eabi/6.3.1/armv7e-m/fpu/crti.o
 .bss           0x00000000        0x0 c:/program files (x86)/atollic/truestudio for stm32 9.0.1/armtools/bin/../lib/gcc/arm-atollic-eabi/6.3.1/armv7e-m/fpu/crti.o
 .data          0x00000000        0x4 c:/program files (x86)/atollic/truestudio for stm32 9.0.1/armtools/bin/../lib/gcc/arm-atollic-eabi/6.3.1/armv7e-m/fpu/crtbegin.o
 .text          0x00000000        0x0 Drivers\STM32L4xx_HAL_Driver\Src\stm32l4xx_hal.o
 .data          0x00000000        0x0 Drivers\STM32L4xx_HAL_Driver\Src\stm32l4xx_hal.o
 .bss           0x00000000        0x0 Drivers\STM32L4xx_HAL_Driver\Src\stm32l4xx_hal.o
 .text.HAL_MspInit
                0x00000000        0x2 Drivers\STM32L4xx_HAL_Driver\Src\stm32l4xx_hal.o
 .text.HAL_MspDeInit
                0x00000000        0x2 Drivers\STM32L4xx_HAL_Driver\Src\stm32l4xx_hal.o
 .text.HAL_DeInit
                0x00000000       0x2c Drivers\STM32L4xx_HAL_Driver\Src\stm32l4xx_hal.o
 .text.HAL_InitTick
                0x00000000       0x30 Drivers\STM32L4xx_HAL_Driver\Src\stm32l4xx_hal.o
 .text.HAL_SuspendTick
                0x00000000       0x10 Drivers\STM32L4xx_HAL_Driver\Src\stm32l4xx_hal.o
 .text.HAL_ResumeTick
                0x00000000       0x10 Drivers\STM32L4xx_HAL_Driver\Src\stm32l4xx_hal.o
 .text.HAL_GetHalVersion
                0x00000000        0x8 Drivers\STM32L4xx_HAL_Driver\Src\stm32l4xx_hal.o
 .text.HAL_GetREVID
                0x00000000        0xc Drivers\STM32L4xx_HAL_Driver\Src\stm32l4xx_hal.o
 .text.HAL_GetDEVID
                0x00000000       0x10 Drivers\STM32L4xx_HAL_Driver\Src\stm32l4xx_hal.o
 .text.HAL_GetUIDw0
                0x00000000        0xc Drivers\STM32L4xx_HAL_Driver\Src\stm32l4xx_hal.o
 .text.HAL_GetUIDw1
                0x00000000        0xc Drivers\STM32L4xx_HAL_Driver\Src\stm32l4xx_hal.o
 .text.HAL_GetUIDw2
                0x00000000        0xc Drivers\STM32L4xx_HAL_Driver\Src\stm32l4xx_hal.o
 .text.HAL_DBGMCU_EnableDBGSleepMode
                0x00000000       0x10 Drivers\STM32L4xx_HAL_Driver\Src\stm32l4xx_hal.o
 .text.HAL_DBGMCU_DisableDBGSleepMode
[...]
Memory Configuration

Name             Origin             Length             Attributes
RAM              0x20000000         0x00018000         xrw
RAM2             0x10000000         0x00008000         xrw
FLASH            0x08000000         0x00100000         xr
*default*        0x00000000         0xffffffff

Linker script and memory map

LOAD c:/program files (x86)/atollic/truestudio for stm32 9.0.1/armtools/bin/../lib/gcc/arm-atollic-eabi/6.3.1/armv7e-m/fpu/crti.o
LOAD c:/program files (x86)/atollic/truestudio for stm32 9.0.1/armtools/bin/../lib/gcc/arm-atollic-eabi/6.3.1/armv7e-m/fpu/crtbegin.o
LOAD Drivers\STM32L4xx_HAL_Driver\Src\stm32l4xx_hal.o
LOAD Drivers\STM32L4xx_HAL_Driver\Src\stm32l4xx_hal_cortex.o
LOAD Drivers\STM32L4xx_HAL_Driver\Src\stm32l4xx_hal_dfsdm.o
LOAD Drivers\STM32L4xx_HAL_Driver\Src\stm32l4xx_hal_dma.o
LOAD Drivers\STM32L4xx_HAL_Driver\Src\stm32l4xx_hal_dma_ex.o
LOAD Drivers\STM32L4xx_HAL_Driver\Src\stm32l4xx_hal_flash.o
LOAD Drivers\STM32L4xx_HAL_Driver\Src\stm32l4xx_hal_flash_ex.o
LOAD Drivers\STM32L4xx_HAL_Driver\Src\stm32l4xx_hal_flash_ramfunc.o
LOAD Drivers\STM32L4xx_HAL_Driver\Src\stm32l4xx_hal_gpio.o
LOAD Drivers\STM32L4xx_HAL_Driver\Src\stm32l4xx_hal_i2c.o
LOAD Drivers\STM32L4xx_HAL_Driver\Src\stm32l4xx_hal_i2c_ex.o
LOAD Drivers\STM32L4xx_HAL_Driver\Src\stm32l4xx_hal_pcd.o
LOAD Drivers\STM32L4xx_HAL_Driver\Src\stm32l4xx_hal_pcd_ex.o
LOAD Drivers\STM32L4xx_HAL_Driver\Src\stm32l4xx_hal_pwr.o
LOAD Drivers\STM32L4xx_HAL_Driver\Src\stm32l4xx_hal_pwr_ex.o
LOAD Drivers\STM32L4xx_HAL_Driver\Src\stm32l4xx_hal_qspi.o
LOAD Drivers\STM32L4xx_HAL_Driver\Src\stm32l4xx_hal_rcc.o
LOAD Drivers\STM32L4xx_HAL_Driver\Src\stm32l4xx_hal_rcc_ex.o
LOAD Drivers\STM32L4xx_HAL_Driver\Src\stm32l4xx_hal_spi.o
LOAD Drivers\STM32L4xx_HAL_Driver\Src\stm32l4xx_hal_spi_ex.o
LOAD Drivers\STM32L4xx_HAL_Driver\Src\stm32l4xx_hal_tim.o
LOAD Drivers\STM32L4xx_HAL_Driver\Src\stm32l4xx_hal_tim_ex.o
LOAD Drivers\STM32L4xx_HAL_Driver\Src\stm32l4xx_hal_uart.o
LOAD Drivers\STM32L4xx_HAL_Driver\Src\stm32l4xx_hal_uart_ex.o
LOAD Drivers\STM32L4xx_HAL_Driver\Src\stm32l4xx_ll_usb.o
LOAD Middlewares\Third_Party\FreeRTOS\Source\CMSIS_RTOS\cmsis_os.o
LOAD Middlewares\Third_Party\FreeRTOS\Source\croutine.o
LOAD Middlewares\Third_Party\FreeRTOS\Source\event_groups.o
LOAD Middlewares\Third_Party\FreeRTOS\Source\list.o
LOAD Middlewares\Third_Party\FreeRTOS\Source\portable\GCC\ARM_CM4F\port.o
LOAD Middlewares\Third_Party\FreeRTOS\Source\portable\MemMang\heap_4.o
LOAD Middlewares\Third_Party\FreeRTOS\Source\queue.o
LOAD Middlewares\Third_Party\FreeRTOS\Source\stream_buffer.o
LOAD Middlewares\Third_Party\FreeRTOS\Source\tasks.o
LOAD Middlewares\Third_Party\FreeRTOS\Source\timers.o
LOAD Src\freertos.o
LOAD Src\main.o
LOAD Src\stm32l4xx_hal_msp.o
LOAD Src\stm32l4xx_hal_timebase_TIM.o
LOAD Src\stm32l4xx_it.o
LOAD Src\system_stm32l4xx.o
LOAD startup\startup_stm32l475xx.o
                0x00000080                malloc_getpagesize_P = 0x80
START GROUP
LOAD c:/program files (x86)/atollic/truestudio for stm32 9.0.1/armtools/bin/../lib/gcc/arm-atollic-eabi/6.3.1/../../../../arm-atollic-eabi/lib/armv7e-m/fpu\libc_nano.a
LOAD c:/program files (x86)/atollic/truestudio for stm32 9.0.1/armtools/bin/../lib/gcc/arm-atollic-eabi/6.3.1/../../../../arm-atollic-eabi/lib/armv7e-m/fpu\libm.a
END GROUP
START GROUP
LOAD c:/program files (x86)/atollic/truestudio for stm32 9.0.1/armtools/bin/../lib/gcc/arm-atollic-eabi/6.3.1/armv7e-m/fpu\libgcc.a
LOAD c:/program files (x86)/atollic/truestudio for stm32 9.0.1/armtools/bin/../lib/gcc/arm-atollic-eabi/6.3.1/../../../../arm-atollic-eabi/lib/armv7e-m/fpu\libc_nano.a
END GROUP
START GROUP
LOAD c:/program files (x86)/atollic/truestudio for stm32 9.0.1/armtools/bin/../lib/gcc/arm-atollic-eabi/6.3.1/armv7e-m/fpu\libgcc.a
LOAD c:/program files (x86)/atollic/truestudio for stm32 9.0.1/armtools/bin/../lib/gcc/arm-atollic-eabi/6.3.1/../../../../arm-atollic-eabi/lib/armv7e-m/fpu\libc_nano.a
LOAD c:/program files (x86)/atollic/truestudio for stm32 9.0.1/armtools/bin/../lib/gcc/arm-atollic-eabi/6.3.1/../../../../arm-atollic-eabi/lib/armv7e-m/fpu\libnosys.a
END GROUP
START GROUP
LOAD c:/program files (x86)/atollic/truestudio for stm32 9.0.1/armtools/bin/../lib/gcc/arm-atollic-eabi/6.3.1/armv7e-m/fpu\libgcc.a
LOAD c:/program files (x86)/atollic/truestudio for stm32 9.0.1/armtools/bin/../lib/gcc/arm-atollic-eabi/6.3.1/../../../../arm-atollic-eabi/lib/armv7e-m/fpu\libc_nano.a
LOAD c:/program files (x86)/atollic/truestudio for stm32 9.0.1/armtools/bin/../lib/gcc/arm-atollic-eabi/6.3.1/../../../../arm-atollic-eabi/lib/armv7e-m/fpu\libnosys.a
END GROUP
LOAD c:/program files (x86)/atollic/truestudio for stm32 9.0.1/armtools/bin/../lib/gcc/arm-atollic-eabi/6.3.1/armv7e-m/fpu/crtend.o
LOAD c:/program files (x86)/atollic/truestudio for stm32 9.0.1/armtools/bin/../lib/gcc/arm-atollic-eabi/6.3.1/armv7e-m/fpu/crtn.o
                0x20018000                _estack = 0x20018000
                0x00000200                _Min_Heap_Size = 0x200
                0x00000400                _Min_Stack_Size = 0x400

.isr_vector     0x08000000      0x188
                0x08000000                . = ALIGN (0x4)
 *(.isr_vector)
 .isr_vector    0x08000000      0x188 startup\startup_stm32l475xx.o
                0x08000000                g_pfnVectors
                0x08000188                . = ALIGN (0x4)

.text           0x08000190     0x4008
                0x08000190                . = ALIGN (0x4)
 *(.text)
 .text          0x08000190       0x40 c:/program files (x86)/atollic/truestudio for stm32 9.0.1/armtools/bin/../lib/gcc/arm-atollic-eabi/6.3.1/armv7e-m/fpu/crtbegin.o
 .text          0x080001d0       0x30 c:/program files (x86)/atollic/truestudio for stm32 9.0.1/armtools/bin/../lib/gcc/arm-atollic-eabi/6.3.1/armv7e-m/fpu\libgcc.a(_aeabi_uldivmod.o)
                0x080001d0                __aeabi_uldivmod
 .text          0x08000200      0x2dc c:/program files (x86)/atollic/truestudio for stm32 9.0.1/armtools/bin/../lib/gcc/arm-atollic-eabi/6.3.1/armv7e-m/fpu\libgcc.a(_udivmoddi4.o)
                0x08000200                __udivmoddi4
 .text          0x080004dc        0x4 c:/program files (x86)/atollic/truestudio for stm32 9.0.1/armtools/bin/../lib/gcc/arm-atollic-eabi/6.3.1/armv7e-m/fpu\libgcc.a(_dvmd_tls.o)
                0x080004dc                __aeabi_idiv0
                0x080004dc                __aeabi_ldiv0
 *(.text*)
 .text.HAL_Init
                0x080004e0       0x1e Drivers\STM32L4xx_HAL_Driver\Src\stm32l4xx_hal.o
                0x080004e0                HAL_Init
 *fill*         0x080004fe        0x2 
 .text.HAL_IncTick
                0x08000500       0x10 Drivers\STM32L4xx_HAL_Driver\Src\stm32l4xx_hal.o
                0x08000500                HAL_IncTick
 .text.HAL_GetTick
                0x08000510        0xc Drivers\STM32L4xx_HAL_Driver\Src\stm32l4xx_hal.o
                0x08000510                HAL_GetTick
 .text.HAL_Delay
                0x0800051c       0x1c Drivers\STM32L4xx_HAL_Driver\Src\stm32l4xx_hal.o
                0x0800051c                HAL_Delay
 .text.HAL_NVIC_SetPriorityGrouping
                0x08000538       0x24 Drivers\STM32L4xx_HAL_Driver\Src\stm32l4xx_hal_cortex.o
                0x08000538                HAL_NVIC_SetPriorityGrouping
 .text.HAL_NVIC_SetPriority
                0x0800055c       0x68 Drivers\STM32L4xx_HAL_Driver\Src\stm32l4xx_hal_cortex.o
                0x0800055c                HAL_NVIC_SetPriority
 .text.HAL_NVIC_EnableIRQ
                0x080005c4       0x18 Drivers\STM32L4xx_HAL_Driver\Src\stm32l4xx_hal_cortex.o
                0x080005c4                HAL_NVIC_EnableIRQ
 .text.HAL_SYSTICK_Config
                0x080005dc       0x2c Drivers\STM32L4xx_HAL_Driver\Src\stm32l4xx_hal_cortex.o
                0x080005dc                HAL_SYSTICK_Config
 .text.HAL_SYSTICK_CLKSourceConfig
                0x08000608       0x18 Drivers\STM32L4xx_HAL_Driver\Src\stm32l4xx_hal_cortex.o
                0x08000608                HAL_SYSTICK_CLKSourceConfig
 .text.DFSDM_GetChannelFromInstance
                0x08000620       0x58 Drivers\STM32L4xx_HAL_Driver\Src\stm32l4xx_hal_dfsdm.o
 .text.HAL_DFSDM_ChannelInit
                0x08000678       0xe8 Drivers\STM32L4xx_HAL_Driver\Src\stm32l4xx_hal_dfsdm.o
                0x08000678                HAL_DFSDM_ChannelInit
 .text.HAL_GPIO_Init
                0x08000760      0x1b8 Drivers\STM32L4xx_HAL_Driver\Src\stm32l4xx_hal_gpio.o
                0x08000760                HAL_GPIO_Init
 .text.HAL_GPIO_WritePin
                0x08000918        0xa Drivers\STM32L4xx_HAL_Driver\Src\stm32l4xx_hal_gpio.o
                0x08000918                HAL_GPIO_WritePin
 .text.HAL_GPIO_EXTI_Callback
                0x08000922        0x2 Drivers\STM32L4xx_HAL_Driver\Src\stm32l4xx_hal_gpio.o
                0x08000922                HAL_GPIO_EXTI_Callback
 .text.HAL_GPIO_EXTI_IRQHandler
                0x08000924       0x18 Drivers\STM32L4xx_HAL_Driver\Src\stm32l4xx_hal_gpio.o
                0x08000924                HAL_GPIO_EXTI_IRQHandler
 .text.HAL_I2C_Init
                0x0800093c       0xa2 Drivers\STM32L4xx_HAL_Driver\Src\stm32l4xx_hal_i2c.o
                0x0800093c                HAL_I2C_Init
 .text.HAL_I2CEx_ConfigAnalogFilter
                0x080009de       0x4c Drivers\STM32L4xx_HAL_Driver\Src\stm32l4xx_hal_i2c_ex.o
                0x080009de                HAL_I2CEx_ConfigAnalogFilter
 .text.HAL_I2CEx_ConfigDigitalFilter
                0x08000a2a       0x4a Drivers\STM32L4xx_HAL_Driver\Src\stm32l4xx_hal_i2c_ex.o
                0x08000a2a                HAL_I2CEx_ConfigDigitalFilter
 .text.HAL_PCD_Init
                0x08000a74       0xfa Drivers\STM32L4xx_HAL_Driver\Src\stm32l4xx_hal_pcd.o
                0x08000a74                HAL_PCD_Init
 .text.HAL_PCDEx_ActivateLPM
                0x08000b6e       0x26 Drivers\STM32L4xx_HAL_Driver\Src\stm32l4xx_hal_pcd_ex.o
                0x08000b6e                HAL_PCDEx_ActivateLPM
 .text.HAL_PCDEx_ActivateBCD
                0x08000b94       0x14 Drivers\STM32L4xx_HAL_Driver\Src\stm32l4xx_hal_pcd_ex.o
                0x08000b94                HAL_PCDEx_ActivateBCD
 .text.HAL_PWR_EnableBkUpAccess
                0x08000ba8       0x10 Drivers\STM32L4xx_HAL_Driver\Src\stm32l4xx_hal_pwr.o
                0x08000ba8                HAL_PWR_EnableBkUpAccess
 .text.HAL_PWREx_GetVoltageRange
                0x08000bb8       0x10 Drivers\STM32L4xx_HAL_Driver\Src\stm32l4xx_hal_pwr_ex.o
                0x08000bb8                HAL_PWREx_GetVoltageRange
 .text.HAL_PWREx_ControlVoltageScaling
                0x08000bc8       0x6c Drivers\STM32L4xx_HAL_Driver\Src\stm32l4xx_hal_pwr_ex.o
                0x08000bc8                HAL_PWREx_ControlVoltageScaling
 .text.HAL_PWREx_EnableVddUSB
                0x08000c34       0x10 Drivers\STM32L4xx_HAL_Driver\Src\stm32l4xx_hal_pwr_ex.o
                0x08000c34                HAL_PWREx_EnableVddUSB
 .text.QSPI_WaitFlagStateUntilTimeout
                0x08000c44       0x4c Drivers\STM32L4xx_HAL_Driver\Src\stm32l4xx_hal_qspi.o
 .text.HAL_QSPI_Init
                0x08000c90       0xb0 Drivers\STM32L4xx_HAL_Driver\Src\stm32l4xx_hal_qspi.o
                0x08000c90                HAL_QSPI_Init
 .text.RCC_SetFlashLatencyFromMSIRange
                0x08000d40       0x84 Drivers\STM32L4xx_HAL_Driver\Src\stm32l4xx_hal_rcc.o
 .text.HAL_RCC_GetSysClockFreq
                0x08000dc4       0xa8 Drivers\STM32L4xx_HAL_Driver\Src\stm32l4xx_hal_rcc.o
                0x08000dc4                HAL_RCC_GetSysClockFreq
 .text.HAL_RCC_OscConfig
                0x08000e6c      0x44c Drivers\STM32L4xx_HAL_Driver\Src\stm32l4xx_hal_rcc.o
                0x08000e6c                HAL_RCC_OscConfig
 .text.HAL_RCC_ClockConfig
                0x080012b8      0x124 Drivers\STM32L4xx_HAL_Driver\Src\stm32l4xx_hal_rcc.o
                0x080012b8                HAL_RCC_ClockConfig
 .text.HAL_RCC_GetHCLKFreq
                0x080013dc        0xc Drivers\STM32L4xx_HAL_Driver\Src\stm32l4xx_hal_rcc.o
                0x080013dc                HAL_RCC_GetHCLKFreq
 .text.HAL_RCC_GetPCLK1Freq
                0x080013e8       0x24 Drivers\STM32L4xx_HAL_Driver\Src\stm32l4xx_hal_rcc.o
                0x080013e8                HAL_RCC_GetPCLK1Freq
 .text.HAL_RCC_GetPCLK2Freq
                0x0800140c       0x24 Drivers\STM32L4xx_HAL_Driver\Src\stm32l4xx_hal_rcc.o
                0x0800140c                HAL_RCC_GetPCLK2Freq
 .text.HAL_RCC_GetClockConfig
                0x08001430       0x3c Drivers\STM32L4xx_HAL_Driver\Src\stm32l4xx_hal_rcc.o
                0x08001430                HAL_RCC_GetClockConfig
 .text.RCCEx_PLLSAI1_Config
                0x0800146c      0x11c Drivers\STM32L4xx_HAL_Driver\Src\stm32l4xx_hal_rcc_ex.o
 .text.RCCEx_PLLSAI2_Config
                0x08001588       0xfc Drivers\STM32L4xx_HAL_Driver\Src\stm32l4xx_hal_rcc_ex.o
 .text.HAL_RCCEx_PeriphCLKConfig
                0x08001684      0x3d0 Drivers\STM32L4xx_HAL_Driver\Src\stm32l4xx_hal_rcc_ex.o
                0x08001684                HAL_RCCEx_PeriphCLKConfig
 .text.HAL_RCCEx_EnableMSIPLLMode
                0x08001a54       0x10 Drivers\STM32L4xx_HAL_Driver\Src\stm32l4xx_hal_rcc_ex.o
                0x08001a54                HAL_RCCEx_EnableMSIPLLMode
 .text.HAL_SPI_Init
                0x08001a64       0xa2 Drivers\STM32L4xx_HAL_Driver\Src\stm32l4xx_hal_spi.o
                0x08001a64                HAL_SPI_Init
 *fill*         0x08001b06        0x2 
 .text.TIM_OC1_SetConfig
                0x08001b08       0x98 Drivers\STM32L4xx_HAL_Driver\Src\stm32l4xx_hal_tim.o
 .text.TIM_OC3_SetConfig
                0x08001ba0       0x88 Drivers\STM32L4xx_HAL_Driver\Src\stm32l4xx_hal_tim.o
 .text.TIM_OC4_SetConfig
                0x08001c28       0x68 Drivers\STM32L4xx_HAL_Driver\Src\stm32l4xx_hal_tim.o
 .text.TIM_OC5_SetConfig
                0x08001c90       0x68 Drivers\STM32L4xx_HAL_Driver\Src\stm32l4xx_hal_tim.o
 .text.TIM_OC6_SetConfig
                0x08001cf8       0x68 Drivers\STM32L4xx_HAL_Driver\Src\stm32l4xx_hal_tim.o
 .text.HAL_TIM_Base_MspInit
                0x08001d60        0x2 Drivers\STM32L4xx_HAL_Driver\Src\stm32l4xx_hal_tim.o
                0x08001d60                HAL_TIM_Base_MspInit
 *fill*         0x08001d62        0x2 
 .text.HAL_TIM_Base_Start_IT
                0x08001d64       0x30 Drivers\STM32L4xx_HAL_Driver\Src\stm32l4xx_hal_tim.o
                0x08001d64                HAL_TIM_Base_Start_IT
 .text.HAL_TIM_OC_DelayElapsedCallback
                0x08001d94        0x2 Drivers\STM32L4xx_HAL_Driver\Src\stm32l4xx_hal_tim.o
                0x08001d94                HAL_TIM_OC_DelayElapsedCallback
 .text.HAL_TIM_IC_CaptureCallback
                0x08001d96        0x2 Drivers\STM32L4xx_HAL_Driver\Src\stm32l4xx_hal_tim.o
                0x08001d96                HAL_TIM_IC_CaptureCallback
 .text.HAL_TIM_PWM_PulseFinishedCallback
                0x08001d98        0x2 Drivers\STM32L4xx_HAL_Driver\Src\stm32l4xx_hal_tim.o
                0x08001d98                HAL_TIM_PWM_PulseFinishedCallback
 .text.HAL_TIM_TriggerCallback
                0x08001d9a        0x2 Drivers\STM32L4xx_HAL_Driver\Src\stm32l4xx_hal_tim.o
                0x08001d9a                HAL_TIM_TriggerCallback
 .text.HAL_TIM_IRQHandler
                0x08001d9c      0x160 Drivers\STM32L4xx_HAL_Driver\Src\stm32l4xx_hal_tim.o
                0x08001d9c                HAL_TIM_IRQHandler
 .text.TIM_Base_SetConfig
                0x08001efc       0xcc Drivers\STM32L4xx_HAL_Driver\Src\stm32l4xx_hal_tim.o
                0x08001efc                TIM_Base_SetConfig
 .text.HAL_TIM_Base_Init
                0x08001fc8       0x34 Drivers\STM32L4xx_HAL_Driver\Src\stm32l4xx_hal_tim.o
                0x08001fc8                HAL_TIM_Base_Init
 .text.HAL_TIM_PWM_Init
                0x08001ffc       0x34 Drivers\STM32L4xx_HAL_Driver\Src\stm32l4xx_hal_tim.o
                0x08001ffc                HAL_TIM_PWM_Init
 .text.TIM_OC2_SetConfig
                0x08002030       0x8c Drivers\STM32L4xx_HAL_Driver\Src\stm32l4xx_hal_tim.o
                0x08002030                TIM_OC2_SetConfig
 .text.HAL_TIM_PWM_ConfigChannel
                0x080020bc      0x10c Drivers\STM32L4xx_HAL_Driver\Src\stm32l4xx_hal_tim.o
                0x080020bc                HAL_TIM_PWM_ConfigChannel
 .text.TIM_CCxChannelCmd
                0x080021c8       0x1c Drivers\STM32L4xx_HAL_Driver\Src\stm32l4xx_hal_tim.o
                0x080021c8                TIM_CCxChannelCmd
 .text.HAL_TIM_PWM_Start
                0x080021e4       0x68 Drivers\STM32L4xx_HAL_Driver\Src\stm32l4xx_hal_tim.o
                0x080021e4                HAL_TIM_PWM_Start
 .text.HAL_TIMEx_MasterConfigSynchronization
                0x0800224c       0x58 Drivers\STM32L4xx_HAL_Driver\Src\stm32l4xx_hal_tim_ex.o
                0x0800224c                HAL_TIMEx_MasterConfigSynchronization
 .text.HAL_TIMEx_CommutationCallback
                0x080022a4        0x2 Drivers\STM32L4xx_HAL_Driver\Src\stm32l4xx_hal_tim_ex.o
                0x080022a4                HAL_TIMEx_CommutationCallback
 .text.HAL_TIMEx_BreakCallback
                0x080022a6        0x2 Drivers\STM32L4xx_HAL_Driver\Src\stm32l4xx_hal_tim_ex.o
                0x080022a6                HAL_TIMEx_BreakCallback
 .text.HAL_TIMEx_Break2Callback
                0x080022a8        0x2 Drivers\STM32L4xx_HAL_Driver\Src\stm32l4xx_hal_tim_ex.o
                0x080022a8                HAL_TIMEx_Break2Callback
 *fill*         0x080022aa        0x2 
 .text.UART_SetConfig
                0x080022ac      0x330 Drivers\STM32L4xx_HAL_Driver\Src\stm32l4xx_hal_uart.o
                0x080022ac                UART_SetConfig
 .text.UART_AdvFeatureConfig
                0x080025dc       0xa8 Drivers\STM32L4xx_HAL_Driver\Src\stm32l4xx_hal_uart.o
                0x080025dc                UART_AdvFeatureConfig
 .text.UART_WaitOnFlagUntilTimeout
                0x08002684       0x62 Drivers\STM32L4xx_HAL_Driver\Src\stm32l4xx_hal_uart.o
                0x08002684                UART_WaitOnFlagUntilTimeout
 .text.UART_CheckIdleState
                0x080026e6       0x64 Drivers\STM32L4xx_HAL_Driver\Src\stm32l4xx_hal_uart.o
                0x080026e6                UART_CheckIdleState
 .text.HAL_UART_Init
                0x0800274a       0x64 Drivers\STM32L4xx_HAL_Driver\Src\stm32l4xx_hal_uart.o
                0x0800274a                HAL_UART_Init
 *fill*         0x080027ae        0x2 
 .text.USB_CoreReset
                0x080027b0       0x30 Drivers\STM32L4xx_HAL_Driver\Src\stm32l4xx_ll_usb.o
 .text.USB_CoreInit
                0x080027e0       0x5e Drivers\STM32L4xx_HAL_Driver\Src\stm32l4xx_ll_usb.o
                0x080027e0                USB_CoreInit
 .text.USB_DisableGlobalInt
                0x0800283e        0xc Drivers\STM32L4xx_HAL_Driver\Src\stm32l4xx_ll_usb.o
                0x0800283e                USB_DisableGlobalInt
 .text.USB_SetCurrentMode
                0x0800284a       0x2e Drivers\STM32L4xx_HAL_Driver\Src\stm32l4xx_ll_usb.o
                0x0800284a                USB_SetCurrentMode
 .text.USB_FlushTxFifo
                0x08002878       0x24 Drivers\STM32L4xx_HAL_Driver\Src\stm32l4xx_ll_usb.o
                0x08002878                USB_FlushTxFifo
 .text.USB_FlushRxFifo
                0x0800289c       0x20 Drivers\STM32L4xx_HAL_Driver\Src\stm32l4xx_ll_usb.o
                0x0800289c                USB_FlushRxFifo
 .text.USB_SetDevSpeed
                0x080028bc        0xe Drivers\STM32L4xx_HAL_Driver\Src\stm32l4xx_ll_usb.o
                0x080028bc                USB_SetDevSpeed
 *fill*         0x080028ca        0x2 
 .text.USB_DevInit
                0x080028cc      0x138 Drivers\STM32L4xx_HAL_Driver\Src\stm32l4xx_ll_usb.o
                0x080028cc                USB_DevInit
 .text.USB_DevDisconnect
                0x08002a04       0x18 Drivers\STM32L4xx_HAL_Driver\Src\stm32l4xx_ll_usb.o
                0x08002a04                USB_DevDisconnect
 .text.osKernelStart
                0x08002a1c        0xa Middlewares\Third_Party\FreeRTOS\Source\CMSIS_RTOS\cmsis_os.o
                0x08002a1c                osKernelStart
 .text.osThreadCreate
                0x08002a26       0x30 Middlewares\Third_Party\FreeRTOS\Source\CMSIS_RTOS\cmsis_os.o
                0x08002a26                osThreadCreate
 .text.osDelay  0x08002a56       0x10 Middlewares\Third_Party\FreeRTOS\Source\CMSIS_RTOS\cmsis_os.o
                0x08002a56                osDelay
 .text.osSystickHandler
                0x08002a66       0x14 Middlewares\Third_Party\FreeRTOS\Source\CMSIS_RTOS\cmsis_os.o
                0x08002a66                osSystickHandler
 .text.vListInitialise
                0x08002a7a       0x16 Middlewares\Third_Party\FreeRTOS\Source\list.o
                0x08002a7a                vListInitialise
 .text.vListInitialiseItem
                0x08002a90        0x6 Middlewares\Third_Party\FreeRTOS\Source\list.o
                0x08002a90                vListInitialiseItem
 .text.vListInsertEnd
                0x08002a96       0x18 Middlewares\Third_Party\FreeRTOS\Source\list.o
                0x08002a96                vListInsertEnd
 .text.vListInsert
                0x08002aae       0x2e Middlewares\Third_Party\FreeRTOS\Source\list.o
                0x08002aae                vListInsert
 .text.uxListRemove
                0x08002adc       0x22 Middlewares\Third_Party\FreeRTOS\Source\list.o
                0x08002adc                uxListRemove
 *fill*         0x08002afe        0x2 
 .text.prvTaskExitError
                0x08002b00       0x40 Middlewares\Third_Party\FreeRTOS\Source\portable\GCC\ARM_CM4F\port.o
 .text.unlikely.prvPortStartFirstTask
                0x08002b40       0x28 Middlewares\Third_Party\FreeRTOS\Source\portable\GCC\ARM_CM4F\port.o
 .text.unlikely.vPortEnableVFP
                0x08002b68       0x14 Middlewares\Third_Party\FreeRTOS\Source\portable\GCC\ARM_CM4F\port.o
 .text.pxPortInitialiseStack
                0x08002b7c       0x2c Middlewares\Third_Party\FreeRTOS\Source\portable\GCC\ARM_CM4F\port.o
                0x08002b7c                pxPortInitialiseStack
 *fill*         0x08002ba8        0x8 
 .text.SVC_Handler
                0x08002bb0       0x24 Middlewares\Third_Party\FreeRTOS\Source\portable\GCC\ARM_CM4F\port.o
                0x08002bb0                SVC_Handler
 .text.vPortEnterCritical
                0x08002bd4       0x44 Middlewares\Third_Party\FreeRTOS\Source\portable\GCC\ARM_CM4F\port.o
                0x08002bd4                vPortEnterCritical
 .text.vPortExitCritical
                0x08002c18       0x28 Middlewares\Third_Party\FreeRTOS\Source\portable\GCC\ARM_CM4F\port.o
                0x08002c18                vPortExitCritical
 .text.PendSV_Handler
                0x08002c40       0x64 Middlewares\Third_Party\FreeRTOS\Source\portable\GCC\ARM_CM4F\port.o
                0x08002c40                PendSV_Handler
 .text.xPortSysTickHandler
                0x08002ca4       0x2c Middlewares\Third_Party\FreeRTOS\Source\portable\GCC\ARM_CM4F\port.o
                0x08002ca4                xPortSysTickHandler
 .text.vPortSetupTimerInterrupt
                0x08002cd0       0x34 Middlewares\Third_Party\FreeRTOS\Source\portable\GCC\ARM_CM4F\port.o
                0x08002cd0                vPortSetupTimerInterrupt
 .text.xPortStartScheduler
                0x08002d04      0x10c Middlewares\Third_Party\FreeRTOS\Source\portable\GCC\ARM_CM4F\port.o
                0x08002d04                xPortStartScheduler
 .text.unlikely.prvInsertBlockIntoFreeList
                0x08002e10       0x48 Middlewares\Third_Party\FreeRTOS\Source\portable\MemMang\heap_4.o
 .text.pvPortMalloc
                0x08002e58      0x11c Middlewares\Third_Party\FreeRTOS\Source\portable\MemMang\heap_4.o
                0x08002e58                pvPortMalloc
 .text.vPortFree
                0x08002f74       0x70 Middlewares\Third_Party\FreeRTOS\Source\portable\MemMang\heap_4.o
                0x08002f74                vPortFree
 .text.prvResetNextTaskUnblockTime
                0x08002fe4       0x24 Middlewares\Third_Party\FreeRTOS\Source\tasks.o
 .text.prvAddCurrentTaskToDelayedList
                0x08003008       0x8c Middlewares\Third_Party\FreeRTOS\Source\tasks.o
 .text.prvIdleTask
                0x08003094       0x6c Middlewares\Third_Party\FreeRTOS\Source\tasks.o
 .text.xTaskCreate
                0x08003100      0x1a0 Middlewares\Third_Party\FreeRTOS\Source\tasks.o
                0x08003100                xTaskCreate
 .text.vTaskStartScheduler
                0x080032a0       0x78 Middlewares\Third_Party\FreeRTOS\Source\tasks.o
                0x080032a0                vTaskStartScheduler
 .text.vTaskSuspendAll
                0x08003318       0x10 Middlewares\Third_Party\FreeRTOS\Source\tasks.o
                0x08003318                vTaskSuspendAll
 .text.xTaskIncrementTick
                0x08003328      0x124 Middlewares\Third_Party\FreeRTOS\Source\tasks.o
                0x08003328                xTaskIncrementTick
 .text.xTaskResumeAll
                0x0800344c       0xf0 Middlewares\Third_Party\FreeRTOS\Source\tasks.o
                0x0800344c                xTaskResumeAll
 .text.vTaskDelay
                0x0800353c       0x48 Middlewares\Third_Party\FreeRTOS\Source\tasks.o
                0x0800353c                vTaskDelay
 .text.vTaskSwitchContext
                0x08003584       0x74 Middlewares\Third_Party\FreeRTOS\Source\tasks.o
                0x08003584                vTaskSwitchContext
 .text.xTaskGetSchedulerState
                0x080035f8       0x20 Middlewares\Third_Party\FreeRTOS\Source\tasks.o
                0x080035f8                xTaskGetSchedulerState
 .text.SystemClock_Config
                0x08003618       0xd0 Src\main.o
                0x08003618                SystemClock_Config
 .text.startup.main
                0x080036e8      0x460 Src\main.o
                0x080036e8                main
 .text.shiftOut
                0x08003b48       0x3c Src\main.o
                0x08003b48                shiftOut
 .text.setIC3   0x08003b84       0x70 Src\main.o
                0x08003b84                setIC3
 .text.setSpeed
                0x08003bf4       0x24 Src\main.o
                0x08003bf4                setSpeed
 .text.setMotorParameters
                0x08003c18       0x14 Src\main.o
                0x08003c18                setMotorParameters
 .text.MotorCommand
                0x08003c2c       0x16 Src\main.o
                0x08003c2c                MotorCommand
 *fill*         0x08003c42        0x2 
 .text.StartDefaultTask
                0x08003c44       0x1c Src\main.o
                0x08003c44                StartDefaultTask
 .text.HAL_TIM_PeriodElapsedCallback
                0x08003c60       0x14 Src\main.o
                0x08003c60                HAL_TIM_PeriodElapsedCallback
 .text.HAL_MspInit
                0x08003c74       0x8c Src\stm32l4xx_hal_msp.o
                0x08003c74                HAL_MspInit
 .text.HAL_DFSDM_ChannelMspInit
                0x08003d00       0x48 Src\stm32l4xx_hal_msp.o
                0x08003d00                HAL_DFSDM_ChannelMspInit
 .text.HAL_I2C_MspInit
                0x08003d48       0x50 Src\stm32l4xx_hal_msp.o
                0x08003d48                HAL_I2C_MspInit
 .text.HAL_QSPI_MspInit
                0x08003d98       0x50 Src\stm32l4xx_hal_msp.o
                0x08003d98                HAL_QSPI_MspInit
 .text.HAL_SPI_MspInit
                0x08003de8       0x4c Src\stm32l4xx_hal_msp.o
                0x08003de8                HAL_SPI_MspInit
 .text.HAL_TIM_PWM_MspInit
                0x08003e34       0x28 Src\stm32l4xx_hal_msp.o
                0x08003e34                HAL_TIM_PWM_MspInit
 .text.HAL_TIM_MspPostInit
                0x08003e5c       0x48 Src\stm32l4xx_hal_msp.o
                0x08003e5c                HAL_TIM_MspPostInit
 .text.HAL_UART_MspInit
                0x08003ea4       0x8c Src\stm32l4xx_hal_msp.o
                0x08003ea4                HAL_UART_MspInit
 .text.HAL_PCD_MspInit
                0x08003f30       0x88 Src\stm32l4xx_hal_msp.o
                0x08003f30                HAL_PCD_MspInit
 .text.HAL_InitTick
                0x08003fb8       0x78 Src\stm32l4xx_hal_timebase_TIM.o
                0x08003fb8                HAL_InitTick
 .text.NMI_Handler
                0x08004030        0x2 Src\stm32l4xx_it.o
                0x08004030                NMI_Handler
 .text.HardFault_Handler
                0x08004032        0x2 Src\stm32l4xx_it.o
                0x08004032                HardFault_Handler
 .text.MemManage_Handler
                0x08004034        0x2 Src\stm32l4xx_it.o
                0x08004034                MemManage_Handler
 .text.BusFault_Handler
                0x08004036        0x2 Src\stm32l4xx_it.o
                0x08004036                BusFault_Handler
 .text.UsageFault_Handler
                0x08004038        0x2 Src\stm32l4xx_it.o
                0x08004038                UsageFault_Handler
 .text.DebugMon_Handler
                0x0800403a        0x2 Src\stm32l4xx_it.o
                0x0800403a                DebugMon_Handler
 .text.SysTick_Handler
                0x0800403c        0x4 Src\stm32l4xx_it.o
                0x0800403c                SysTick_Handler
 .text.EXTI9_5_IRQHandler
                0x08004040       0x20 Src\stm32l4xx_it.o
                0x08004040                EXTI9_5_IRQHandler
 .text.TIM1_TRG_COM_TIM17_IRQHandler
                0x08004060        0xc Src\stm32l4xx_it.o
                0x08004060                TIM1_TRG_COM_TIM17_IRQHandler
 .text.EXTI15_10_IRQHandler
                0x0800406c       0x2e Src\stm32l4xx_it.o
                0x0800406c                EXTI15_10_IRQHandler
 *fill*         0x0800409a        0x2 
 .text.SystemInit
                0x0800409c       0x48 Src\system_stm32l4xx.o
                0x0800409c                SystemInit
 .text.Reset_Handler
                0x080040e4       0x50 startup\startup_stm32l475xx.o
                0x080040e4                Reset_Handler
 .text.Default_Handler
                0x08004134        0x2 startup\startup_stm32l475xx.o
                0x08004134                RTC_Alarm_IRQHandler
                0x08004134                EXTI2_IRQHandler
                0x08004134                TIM8_TRG_COM_IRQHandler
                0x08004134                TIM8_CC_IRQHandler
                0x08004134                TIM1_CC_IRQHandler
                0x08004134                TSC_IRQHandler
                0x08004134                TAMP_STAMP_IRQHandler
                0x08004134                EXTI3_IRQHandler
                0x08004134                LPTIM2_IRQHandler
                0x08004134                DFSDM1_FLT1_IRQHandler
                0x08004134                I2C3_ER_IRQHandler
                0x08004134                DFSDM1_FLT2_IRQHandler
                0x08004134                EXTI0_IRQHandler
                0x08004134                I2C2_EV_IRQHandler
                0x08004134                CAN1_RX0_IRQHandler
                0x08004134                FPU_IRQHandler
                0x08004134                TIM1_UP_TIM16_IRQHandler
                0x08004134                ADC1_2_IRQHandler
                0x08004134                SPI1_IRQHandler
                0x08004134                TIM6_DAC_IRQHandler
                0x08004134                TIM8_UP_IRQHandler
                0x08004134                DMA2_Channel2_IRQHandler
                0x08004134                DMA1_Channel4_IRQHandler
                0x08004134                SAI2_IRQHandler
                0x08004134                DFSDM1_FLT3_IRQHandler
                0x08004134                USART3_IRQHandler
                0x08004134                DMA1_Channel7_IRQHandler
                0x08004134                CAN1_RX1_IRQHandler
                0x08004134                UART5_IRQHandler
                0x08004134                ADC3_IRQHandler
                0x08004134                TIM4_IRQHandler
                0x08004134                DMA2_Channel1_IRQHandler
                0x08004134                QUADSPI_IRQHandler
                0x08004134                I2C1_EV_IRQHandler
                0x08004134                DMA1_Channel6_IRQHandler
                0x08004134                UART4_IRQHandler
                0x08004134                DMA2_Channel4_IRQHandler
                0x08004134                TIM3_IRQHandler
                0x08004134                RCC_IRQHandler
                0x08004134                DMA1_Channel1_IRQHandler
                0x08004134                Default_Handler
                0x08004134                DMA2_Channel7_IRQHandler
                0x08004134                TIM7_IRQHandler
                0x08004134                SDMMC1_IRQHandler
                0x08004134                TIM5_IRQHandler
                0x08004134                I2C3_EV_IRQHandler
                0x08004134                RTC_WKUP_IRQHandler
                0x08004134                PVD_PVM_IRQHandler
                0x08004134                SPI2_IRQHandler
                0x08004134                CAN1_TX_IRQHandler
                0x08004134                DMA2_Channel5_IRQHandler
                0x08004134                DMA1_Channel5_IRQHandler
                0x08004134                EXTI4_IRQHandler
                0x08004134                RNG_IRQHandler
                0x08004134                DMA1_Channel3_IRQHandler
                0x08004134                COMP_IRQHandler
                0x08004134                WWDG_IRQHandler
                0x08004134                LPUART1_IRQHandler
                0x08004134                DMA2_Channel6_IRQHandler
                0x08004134                TIM2_IRQHandler
                0x08004134                EXTI1_IRQHandler
                0x08004134                USART2_IRQHandler
                0x08004134                DFSDM1_FLT0_IRQHandler
                0x08004134                I2C2_ER_IRQHandler
                0x08004134                DMA1_Channel2_IRQHandler
                0x08004134                TIM8_BRK_IRQHandler
                0x08004134                CAN1_SCE_IRQHandler
                0x08004134                FLASH_IRQHandler
                0x08004134                USART1_IRQHandler
                0x08004134                OTG_FS_IRQHandler
                0x08004134                SPI3_IRQHandler
                0x08004134                I2C1_ER_IRQHandler
                0x08004134                FMC_IRQHandler
                0x08004134                SWPMI1_IRQHandler
                0x08004134                LPTIM1_IRQHandler
                0x08004134                SAI1_IRQHandler
                0x08004134                DMA2_Channel3_IRQHandler
                0x08004134                TIM1_BRK_TIM15_IRQHandler
 *fill*         0x08004136        0x2 
 .text.__libc_init_array
                0x08004138       0x48 c:/program files (x86)/atollic/truestudio for stm32 9.0.1/armtools/bin/../lib/gcc/arm-atollic-eabi/6.3.1/../../../../arm-atollic-eabi/lib/armv7e-m/fpu\libc_nano.a(lib_a-init.o)
                0x08004138                __libc_init_array
 *(.glue_7)
 .glue_7        0x08004180        0x0 linker stubs
 *(.glue_7t)
 .glue_7t       0x08004180        0x0 linker stubs
 *(.eh_frame)
 .eh_frame      0x08004180        0x0 c:/program files (x86)/atollic/truestudio for stm32 9.0.1/armtools/bin/../lib/gcc/arm-atollic-eabi/6.3.1/armv7e-m/fpu/crtbegin.o
 *(.init)
 .init          0x08004180        0x4 c:/program files (x86)/atollic/truestudio for stm32 9.0.1/armtools/bin/../lib/gcc/arm-atollic-eabi/6.3.1/armv7e-m/fpu/crti.o
                0x08004180                _init
 .init          0x08004184        0x8 c:/program files (x86)/atollic/truestudio for stm32 9.0.1/armtools/bin/../lib/gcc/arm-atollic-eabi/6.3.1/armv7e-m/fpu/crtn.o
 *(.fini)
 .fini          0x0800418c        0x4 c:/program files (x86)/atollic/truestudio for stm32 9.0.1/armtools/bin/../lib/gcc/arm-atollic-eabi/6.3.1/armv7e-m/fpu/crti.o
                0x0800418c                _fini
 .fini          0x08004190        0x8 c:/program files (x86)/atollic/truestudio for stm32 9.0.1/armtools/bin/../lib/gcc/arm-atollic-eabi/6.3.1/armv7e-m/fpu/crtn.o
                0x08004198                . = ALIGN (0x4)
                0x08004198                _etext = .

.vfp11_veneer   0x08004198        0x0
 .vfp11_veneer  0x08004198        0x0 linker stubs

.v4_bx          0x08004198        0x0
 .v4_bx         0x08004198        0x0 linker stubs

.iplt           0x08004198        0x0
 .iplt          0x08004198        0x0 c:/program files (x86)/atollic/truestudio for stm32 9.0.1/armtools/bin/../lib/gcc/arm-atollic-eabi/6.3.1/armv7e-m/fpu/crtbegin.o

.rodata         0x08004198       0x80
                0x08004198                . = ALIGN (0x4)
 *(.rodata)
 .rodata        0x08004198       0x14 Src\main.o
 *(.rodata*)
 .rodata.CSWTCH.51
                0x080041ac        0x4 Drivers\STM32L4xx_HAL_Driver\Src\stm32l4xx_hal_uart.o
 .rodata.CSWTCH.52
                0x080041b0        0xd Drivers\STM32L4xx_HAL_Driver\Src\stm32l4xx_hal_uart.o
 .rodata.vTaskStartScheduler.str1.1
                0x080041bd        0x5 Middlewares\Third_Party\FreeRTOS\Source\tasks.o
 .rodata.str1.1
                0x080041c2        0xc Src\main.o
 .rodata.AHBPrescTable
                0x080041ce       0x10 Src\system_stm32l4xx.o
                0x080041ce                AHBPrescTable
 .rodata.APBPrescTable
                0x080041de        0x8 Src\system_stm32l4xx.o
                0x080041de                APBPrescTable
 *fill*         0x080041e6        0x2 
 .rodata.MSIRangeTable
                0x080041e8       0x30 Src\system_stm32l4xx.o
                0x080041e8                MSIRangeTable
                0x08004218                . = ALIGN (0x4)

.ARM.extab
 *(.ARM.extab* .gnu.linkonce.armextab.*)

.ARM            0x08004218        0x8
                0x08004218                __exidx_start = .
 *(.ARM.exidx*)
 .ARM.exidx     0x08004218        0x8 c:/program files (x86)/atollic/truestudio for stm32 9.0.1/armtools/bin/../lib/gcc/arm-atollic-eabi/6.3.1/armv7e-m/fpu\libgcc.a(_udivmoddi4.o)
                0x08004220                __exidx_end = .

.rel.dyn        0x08004220        0x0
 .rel.iplt      0x08004220        0x0 c:/program files (x86)/atollic/truestudio for stm32 9.0.1/armtools/bin/../lib/gcc/arm-atollic-eabi/6.3.1/armv7e-m/fpu/crtbegin.o

.preinit_array  0x08004220        0x0
                0x08004220                PROVIDE (__preinit_array_start, .)
 *(.preinit_array*)
                0x08004220                PROVIDE (__preinit_array_end, .)

.init_array     0x08004220        0x4
                0x08004220                PROVIDE (__init_array_start, .)
 *(SORT(.init_array.*))
 *(.init_array*)
 .init_array    0x08004220        0x4 c:/program files (x86)/atollic/truestudio for stm32 9.0.1/armtools/bin/../lib/gcc/arm-atollic-eabi/6.3.1/armv7e-m/fpu/crtbegin.o
                0x08004224                PROVIDE (__init_array_end, .)

.fini_array     0x08004224        0x4
                [!provide]                PROVIDE (__fini_array_start, .)
 *(SORT(.fini_array.*))
 *(.fini_array*)
 .fini_array    0x08004224        0x4 c:/program files (x86)/atollic/truestudio for stm32 9.0.1/armtools/bin/../lib/gcc/arm-atollic-eabi/6.3.1/armv7e-m/fpu/crtbegin.o
                [!provide]                PROVIDE (__fini_array_end, .)
                0x08004228                _sidata = LOADADDR (.data)

.data           0x20000000        0x8 load address 0x08004228
                0x20000000                . = ALIGN (0x4)
                0x20000000                _sdata = .
 *(.data)
 *(.data*)
 .data.uxCriticalNesting
                0x20000000        0x4 Middlewares\Third_Party\FreeRTOS\Source\portable\GCC\ARM_CM4F\port.o
 .data.SystemCoreClock
                0x20000004        0x4 Src\system_stm32l4xx.o
                0x20000004                SystemCoreClock
                0x20000008                . = ALIGN (0x4)
                0x20000008                _edata = .

.igot.plt       0x20000008        0x0 load address 0x08004230
 .igot.plt      0x20000008        0x0 c:/program files (x86)/atollic/truestudio for stm32 9.0.1/armtools/bin/../lib/gcc/arm-atollic-eabi/6.3.1/armv7e-m/fpu/crtbegin.o
                0x20000008                . = ALIGN (0x4)

.bss            0x20000008     0x13f4 load address 0x08004230
                0x20000008                _sbss = .
                0x20000008                __bss_start__ = _sbss
 *(.bss)
 .bss           0x20000008       0x1c c:/program files (x86)/atollic/truestudio for stm32 9.0.1/armtools/bin/../lib/gcc/arm-atollic-eabi/6.3.1/armv7e-m/fpu/crtbegin.o
 *(.bss*)
 .bss.a_dfsdm1ChannelHandle
                0x20000024       0x20 Drivers\STM32L4xx_HAL_Driver\Src\stm32l4xx_hal_dfsdm.o
 .bss.v_dfsdm1ChannelCounter
                0x20000044        0x4 Drivers\STM32L4xx_HAL_Driver\Src\stm32l4xx_hal_dfsdm.o
 .bss.ucMaxSysCallPriority
                0x20000048        0x1 Middlewares\Third_Party\FreeRTOS\Source\portable\GCC\ARM_CM4F\port.o
 *fill*         0x20000049        0x3 
 .bss.ulMaxPRIGROUPValue
                0x2000004c        0x4 Middlewares\Third_Party\FreeRTOS\Source\portable\GCC\ARM_CM4F\port.o
 .bss.pxEnd     0x20000050        0x4 Middlewares\Third_Party\FreeRTOS\Source\portable\MemMang\heap_4.o
 .bss.ucHeap    0x20000054      0xbb8 Middlewares\Third_Party\FreeRTOS\Source\portable\MemMang\heap_4.o
 .bss.xBlockAllocatedBit
                0x20000c0c        0x4 Middlewares\Third_Party\FreeRTOS\Source\portable\MemMang\heap_4.o
 .bss.xFreeBytesRemaining
                0x20000c10        0x4 Middlewares\Third_Party\FreeRTOS\Source\portable\MemMang\heap_4.o
 .bss.xMinimumEverFreeBytesRemaining
                0x20000c14        0x4 Middlewares\Third_Party\FreeRTOS\Source\portable\MemMang\heap_4.o
 .bss.xStart    0x20000c18        0x8 Middlewares\Third_Party\FreeRTOS\Source\portable\MemMang\heap_4.o
 .bss.pxCurrentTCB
                0x20000c20        0x4 Middlewares\Third_Party\FreeRTOS\Source\tasks.o
                0x20000c20                pxCurrentTCB
 .bss.pxDelayedTaskList
                0x20000c24        0x4 Middlewares\Third_Party\FreeRTOS\Source\tasks.o
 .bss.pxOverflowDelayedTaskList
                0x20000c28        0x4 Middlewares\Third_Party\FreeRTOS\Source\tasks.o
 .bss.pxReadyTasksLists
                0x20000c2c       0x8c Middlewares\Third_Party\FreeRTOS\Source\tasks.o
 .bss.uxCurrentNumberOfTasks
                0x20000cb8        0x4 Middlewares\Third_Party\FreeRTOS\Source\tasks.o
 .bss.uxDeletedTasksWaitingCleanUp
                0x20000cbc        0x4 Middlewares\Third_Party\FreeRTOS\Source\tasks.o
 .bss.uxPendedTicks
                0x20000cc0        0x4 Middlewares\Third_Party\FreeRTOS\Source\tasks.o
 .bss.uxSchedulerSuspended
                0x20000cc4        0x4 Middlewares\Third_Party\FreeRTOS\Source\tasks.o
 .bss.uxTaskNumber
                0x20000cc8        0x4 Middlewares\Third_Party\FreeRTOS\Source\tasks.o
 .bss.uxTopReadyPriority
                0x20000ccc        0x4 Middlewares\Third_Party\FreeRTOS\Source\tasks.o
 .bss.xDelayedTaskList1
                0x20000cd0       0x14 Middlewares\Third_Party\FreeRTOS\Source\tasks.o
 .bss.xDelayedTaskList2
                0x20000ce4       0x14 Middlewares\Third_Party\FreeRTOS\Source\tasks.o
 .bss.xIdleTaskHandle
                0x20000cf8        0x4 Middlewares\Third_Party\FreeRTOS\Source\tasks.o
 .bss.xNextTaskUnblockTime
                0x20000cfc        0x4 Middlewares\Third_Party\FreeRTOS\Source\tasks.o
 .bss.xNumOfOverflows
                0x20000d00        0x4 Middlewares\Third_Party\FreeRTOS\Source\tasks.o
 .bss.xPendingReadyList
                0x20000d04       0x14 Middlewares\Third_Party\FreeRTOS\Source\tasks.o
 .bss.xSchedulerRunning
                0x20000d18        0x4 Middlewares\Third_Party\FreeRTOS\Source\tasks.o
 .bss.xSuspendedTaskList
                0x20000d1c       0x14 Middlewares\Third_Party\FreeRTOS\Source\tasks.o
 .bss.xTasksWaitingTermination
                0x20000d30       0x14 Middlewares\Third_Party\FreeRTOS\Source\tasks.o
 .bss.xTickCount
                0x20000d44        0x4 Middlewares\Third_Party\FreeRTOS\Source\tasks.o
 .bss.xYieldPending
                0x20000d48        0x4 Middlewares\Third_Party\FreeRTOS\Source\tasks.o
 .bss.DFSDM1_Init
                0x20000d4c        0x4 Src\stm32l4xx_hal_msp.o
 *(COMMON)
 COMMON         0x20000d50        0x4 Drivers\STM32L4xx_HAL_Driver\Src\stm32l4xx_hal.o
                0x20000d50                uwTick
 COMMON         0x20000d54      0x668 Src\main.o
                0x20000d54                hdfsdm1_channel1
                0x20000d8c                defaultTaskHandle
                0x20000d90                huart3
                0x20000e08                hpcd_USB_OTG_FS
                0x20001210                hi2c2
                0x2000125c                htim3
                0x2000129c                hspi3
                0x20001300                huart1
                0x20001378                hqspi
 COMMON         0x200013bc       0x40 Src\stm32l4xx_hal_timebase_TIM.o
                0x200013bc                htim17
                0x200013fc                . = ALIGN (0x4)
                0x200013fc                _ebss = .
                0x200013fc                __bss_end__ = _ebss

._user_heap_stack
                0x200013fc      0x600 load address 0x08004230
                0x200013fc                . = ALIGN (0x4)
                [!provide]                PROVIDE (end, .)
                [!provide]                PROVIDE (_end, .)
                0x200015fc                . = (. + _Min_Heap_Size)
 *fill*         0x200013fc      0x200 
                0x200019fc                . = (. + _Min_Stack_Size)
 *fill*         0x200015fc      0x400 
                0x200019fc                . = ALIGN (0x4)

/DISCARD/
 libc.a(*)
 libm.a(*)
 libgcc.a(*)

.ARM.attributes
                0x00000000       0x30
 *(.ARM.attributes)
 .ARM.attributes
                0x00000000       0x22 c:/program files (x86)/atollic/truestudio for stm32 9.0.1/armtools/bin/../lib/gcc/arm-atollic-eabi/6.3.1/armv7e-m/fpu/crti.o
 .ARM.attributes
                0x00000022       0x34 c:/program files (x86)/atollic/truestudio for stm32 9.0.1/armtools/bin/../lib/gcc/arm-atollic-eabi/6.3.1/armv7e-m/fpu/crtbegin.o
 .ARM.attributes
                0x00000056       0x39 Drivers\STM32L4xx_HAL_Driver\Src\stm32l4xx_hal.o
 .ARM.attributes
                0x0000008f       0x39 Drivers\STM32L4xx_HAL_Driver\Src\stm32l4xx_hal_cortex.o
 .ARM.attributes
                0x000000c8       0x39 Drivers\STM32L4xx_HAL_Driver\Src\stm32l4xx_hal_dfsdm.o
 .ARM.attributes
                0x00000101       0x39 Drivers\STM32L4xx_HAL_Driver\Src\stm32l4xx_hal_gpio.o
 .ARM.attributes
                0x0000013a       0x39 Drivers\STM32L4xx_HAL_Driver\Src\stm32l4xx_hal_i2c.o
 .ARM.attributes
                0x00000173       0x39 Drivers\STM32L4xx_HAL_Driver\Src\stm32l4xx_hal_i2c_ex.o
 .ARM.attributes
                0x000001ac       0x39 Drivers\STM32L4xx_HAL_Driver\Src\stm32l4xx_hal_pcd.o
 .ARM.attributes
                0x000001e5       0x39 Drivers\STM32L4xx_HAL_Driver\Src\stm32l4xx_hal_pcd_ex.o
 .ARM.attributes
                0x0000021e       0x39 Drivers\STM32L4xx_HAL_Driver\Src\stm32l4xx_hal_pwr.o
 .ARM.attributes
                0x00000257       0x39 Drivers\STM32L4xx_HAL_Driver\Src\stm32l4xx_hal_pwr_ex.o
 .ARM.attributes
                0x00000290       0x39 Drivers\STM32L4xx_HAL_Driver\Src\stm32l4xx_hal_qspi.o
 .ARM.attributes
                0x000002c9       0x39 Drivers\STM32L4xx_HAL_Driver\Src\stm32l4xx_hal_rcc.o
 .ARM.attributes
                0x00000302       0x39 Drivers\STM32L4xx_HAL_Driver\Src\stm32l4xx_hal_rcc_ex.o
 .ARM.attributes
                0x0000033b       0x39 Drivers\STM32L4xx_HAL_Driver\Src\stm32l4xx_hal_spi.o
 .ARM.attributes
                0x00000374       0x39 Drivers\STM32L4xx_HAL_Driver\Src\stm32l4xx_hal_tim.o
 .ARM.attributes
                0x000003ad       0x39 Drivers\STM32L4xx_HAL_Driver\Src\stm32l4xx_hal_tim_ex.o
 .ARM.attributes
                0x000003e6       0x39 Drivers\STM32L4xx_HAL_Driver\Src\stm32l4xx_hal_uart.o
 .ARM.attributes
                0x0000041f       0x39 Drivers\STM32L4xx_HAL_Driver\Src\stm32l4xx_ll_usb.o
 .ARM.attributes
                0x00000458       0x39 Middlewares\Third_Party\FreeRTOS\Source\CMSIS_RTOS\cmsis_os.o
 .ARM.attributes
                0x00000491       0x39 Middlewares\Third_Party\FreeRTOS\Source\list.o
 .ARM.attributes
                0x000004ca       0x39 Middlewares\Third_Party\FreeRTOS\Source\portable\GCC\ARM_CM4F\port.o
 .ARM.attributes
                0x00000503       0x39 Middlewares\Third_Party\FreeRTOS\Source\portable\MemMang\heap_4.o
 .ARM.attributes
                0x0000053c       0x39 Middlewares\Third_Party\FreeRTOS\Source\tasks.o
 .ARM.attributes
                0x00000575       0x39 Src\main.o
 .ARM.attributes
                0x000005ae       0x39 Src\stm32l4xx_hal_msp.o
 .ARM.attributes
                0x000005e7       0x39 Src\stm32l4xx_hal_timebase_TIM.o
 .ARM.attributes
                0x00000620       0x39 Src\stm32l4xx_it.o
 .ARM.attributes
                0x00000659       0x39 Src\system_stm32l4xx.o
 .ARM.attributes
                0x00000692       0x21 startup\startup_stm32l475xx.o
 .ARM.attributes
                0x000006b3       0x34 c:/program files (x86)/atollic/truestudio for stm32 9.0.1/armtools/bin/../lib/gcc/arm-atollic-eabi/6.3.1/../../../../arm-atollic-eabi/lib/armv7e-m/fpu\libc_nano.a(lib_a-init.o)
 .ARM.attributes
                0x000006e7       0x22 c:/program files (x86)/atollic/truestudio for stm32 9.0.1/armtools/bin/../lib/gcc/arm-atollic-eabi/6.3.1/armv7e-m/fpu\libgcc.a(_aeabi_uldivmod.o)
 .ARM.attributes
                0x00000709       0x34 c:/program files (x86)/atollic/truestudio for stm32 9.0.1/armtools/bin/../lib/gcc/arm-atollic-eabi/6.3.1/armv7e-m/fpu\libgcc.a(_udivmoddi4.o)
 .ARM.attributes
                0x0000073d       0x22 c:/program files (x86)/atollic/truestudio for stm32 9.0.1/armtools/bin/../lib/gcc/arm-atollic-eabi/6.3.1/armv7e-m/fpu\libgcc.a(_dvmd_tls.o)
 .ARM.attributes
                0x0000075f       0x22 c:/program files (x86)/atollic/truestudio for stm32 9.0.1/armtools/bin/../lib/gcc/arm-atollic-eabi/6.3.1/armv7e-m/fpu/crtn.o
OUTPUT(XDDDDDDD.elf elf32-littlearm)

.debug_info     0x00000000    0x26664
 .debug_info    0x00000000      0xb16 Drivers\STM32L4xx_HAL_Driver\Src\stm32l4xx_hal.o
 .debug_info    0x00000b16      0xf67 Drivers\STM32L4xx_HAL_Driver\Src\stm32l4xx_hal_cortex.o
 .debug_info    0x00001a7d     0x1df3 Drivers\STM32L4xx_HAL_Driver\Src\stm32l4xx_hal_dfsdm.o
 .debug_info    0x00003870      0x862 Drivers\STM32L4xx_HAL_Driver\Src\stm32l4xx_hal_gpio.o
 .debug_info    0x000040d2     0x37c1 Drivers\STM32L4xx_HAL_Driver\Src\stm32l4xx_hal_i2c.o
 .debug_info    0x00007893      0xa36 Drivers\STM32L4xx_HAL_Driver\Src\stm32l4xx_hal_i2c_ex.o
 .debug_info    0x000082c9     0x1635 Drivers\STM32L4xx_HAL_Driver\Src\stm32l4xx_hal_pcd.o
 .debug_info    0x000098fe      0xac6 Drivers\STM32L4xx_HAL_Driver\Src\stm32l4xx_hal_pcd_ex.o
 .debug_info    0x0000a3c4      0x9fd Drivers\STM32L4xx_HAL_Driver\Src\stm32l4xx_hal_pwr.o
 .debug_info    0x0000adc1      0xad2 Drivers\STM32L4xx_HAL_Driver\Src\stm32l4xx_hal_pwr_ex.o
 .debug_info    0x0000b893     0x16d8 Drivers\STM32L4xx_HAL_Driver\Src\stm32l4xx_hal_qspi.o
 .debug_info    0x0000cf6b      0xdfe Drivers\STM32L4xx_HAL_Driver\Src\stm32l4xx_hal_rcc.o
 .debug_info    0x0000dd69     0x1077 Drivers\STM32L4xx_HAL_Driver\Src\stm32l4xx_hal_rcc_ex.o
 .debug_info    0x0000ede0     0x2061 Drivers\STM32L4xx_HAL_Driver\Src\stm32l4xx_hal_spi.o
 .debug_info    0x00010e41     0x33f3 Drivers\STM32L4xx_HAL_Driver\Src\stm32l4xx_hal_tim.o
 .debug_info    0x00014234     0x13c9 Drivers\STM32L4xx_HAL_Driver\Src\stm32l4xx_hal_tim_ex.o
 .debug_info    0x000155fd     0x1c1d Drivers\STM32L4xx_HAL_Driver\Src\stm32l4xx_hal_uart.o
 .debug_info    0x0001721a     0x1acc Drivers\STM32L4xx_HAL_Driver\Src\stm32l4xx_ll_usb.o
 .debug_info    0x00018ce6     0x250d Middlewares\Third_Party\FreeRTOS\Source\CMSIS_RTOS\cmsis_os.o
 .debug_info    0x0001b1f3      0xac5 Middlewares\Third_Party\FreeRTOS\Source\list.o
 .debug_info    0x0001bcb8      0x572 Middlewares\Third_Party\FreeRTOS\Source\portable\GCC\ARM_CM4F\port.o
 .debug_info    0x0001c22a      0xca5 Middlewares\Third_Party\FreeRTOS\Source\portable\MemMang\heap_4.o
 .debug_info    0x0001cecf     0x2a87 Middlewares\Third_Party\FreeRTOS\Source\tasks.o
 .debug_info    0x0001f956     0x2ef8 Src\main.o
 .debug_info    0x0002284e     0x237c Src\stm32l4xx_hal_msp.o
 .debug_info    0x00024bca      0xc55 Src\stm32l4xx_hal_timebase_TIM.o
 .debug_info    0x0002581f      0x7f9 Src\stm32l4xx_it.o
 .debug_info    0x00026018      0x5cf Src\system_stm32l4xx.o
 .debug_info    0x000265e7       0x7d startup\startup_stm32l475xx.o

.debug_abbrev   0x00000000     0x4a4f
 .debug_abbrev  0x00000000      0x29d Drivers\STM32L4xx_HAL_Driver\Src\stm32l4xx_hal.o
 .debug_abbrev  0x0000029d      0x2e6 Drivers\STM32L4xx_HAL_Driver\Src\stm32l4xx_hal_cortex.o
 .debug_abbrev  0x00000583      0x2d0 Drivers\STM32L4xx_HAL_Driver\Src\stm32l4xx_hal_dfsdm.o
 .debug_abbrev  0x00000853      0x1d7 Drivers\STM32L4xx_HAL_Driver\Src\stm32l4xx_hal_gpio.o
 .debug_abbrev  0x00000a2a      0x351 Drivers\STM32L4xx_HAL_Driver\Src\stm32l4xx_hal_i2c.o
 .debug_abbrev  0x00000d7b      0x1b2 Drivers\STM32L4xx_HAL_Driver\Src\stm32l4xx_hal_i2c_ex.o
 .debug_abbrev  0x00000f2d      0x32f Drivers\STM32L4xx_HAL_Driver\Src\stm32l4xx_hal_pcd.o
 .debug_abbrev  0x0000125c      0x292 Drivers\STM32L4xx_HAL_Driver\Src\stm32l4xx_hal_pcd_ex.o
 .debug_abbrev  0x000014ee      0x1b4 Drivers\STM32L4xx_HAL_Driver\Src\stm32l4xx_hal_pwr.o
 .debug_abbrev  0x000016a2      0x227 Drivers\STM32L4xx_HAL_Driver\Src\stm32l4xx_hal_pwr_ex.o
 .debug_abbrev  0x000018c9      0x2d0 Drivers\STM32L4xx_HAL_Driver\Src\stm32l4xx_hal_qspi.o
 .debug_abbrev  0x00001b99      0x267 Drivers\STM32L4xx_HAL_Driver\Src\stm32l4xx_hal_rcc.o
 .debug_abbrev  0x00001e00      0x264 Drivers\STM32L4xx_HAL_Driver\Src\stm32l4xx_hal_rcc_ex.o
 .debug_abbrev  0x00002064      0x318 Drivers\STM32L4xx_HAL_Driver\Src\stm32l4xx_hal_spi.o
 .debug_abbrev  0x0000237c      0x327 Drivers\STM32L4xx_HAL_Driver\Src\stm32l4xx_hal_tim.o
 .debug_abbrev  0x000026a3      0x2ab Drivers\STM32L4xx_HAL_Driver\Src\stm32l4xx_hal_tim_ex.o
 .debug_abbrev  0x0000294e      0x30e Drivers\STM32L4xx_HAL_Driver\Src\stm32l4xx_hal_uart.o
 .debug_abbrev  0x00002c5c      0x329 Drivers\STM32L4xx_HAL_Driver\Src\stm32l4xx_ll_usb.o
 .debug_abbrev  0x00002f85      0x450 Middlewares\Third_Party\FreeRTOS\Source\CMSIS_RTOS\cmsis_os.o
 .debug_abbrev  0x000033d5      0x1ea Middlewares\Third_Party\FreeRTOS\Source\list.o
 .debug_abbrev  0x000035bf      0x23a Middlewares\Third_Party\FreeRTOS\Source\portable\GCC\ARM_CM4F\port.o
 .debug_abbrev  0x000037f9      0x314 Middlewares\Third_Party\FreeRTOS\Source\portable\MemMang\heap_4.o
 .debug_abbrev  0x00003b0d      0x413 Middlewares\Third_Party\FreeRTOS\Source\tasks.o
 .debug_abbrev  0x00003f20      0x397 Src\main.o
 .debug_abbrev  0x000042b7      0x287 Src\stm32l4xx_hal_msp.o
 .debug_abbrev  0x0000453e      0x1f6 Src\stm32l4xx_hal_timebase_TIM.o
 .debug_abbrev  0x00004734      0x1da Src\stm32l4xx_it.o
 .debug_abbrev  0x0000490e      0x12f Src\system_stm32l4xx.o
 .debug_abbrev  0x00004a3d       0x12 startup\startup_stm32l475xx.o

.debug_loc      0x00000000    0x14975
 .debug_loc     0x00000000      0x149 Drivers\STM32L4xx_HAL_Driver\Src\stm32l4xx_hal.o
 .debug_loc     0x00000149      0x4fb Drivers\STM32L4xx_HAL_Driver\Src\stm32l4xx_hal_cortex.o
 .debug_loc     0x00000644     0x18a8 Drivers\STM32L4xx_HAL_Driver\Src\stm32l4xx_hal_dfsdm.o
 .debug_loc     0x00001eec      0x29d Drivers\STM32L4xx_HAL_Driver\Src\stm32l4xx_hal_gpio.o
 .debug_loc     0x00002189     0x38e7 Drivers\STM32L4xx_HAL_Driver\Src\stm32l4xx_hal_i2c.o
 .debug_loc     0x00005a70      0x1a0 Drivers\STM32L4xx_HAL_Driver\Src\stm32l4xx_hal_i2c_ex.o
 .debug_loc     0x00005c10      0xa7c Drivers\STM32L4xx_HAL_Driver\Src\stm32l4xx_hal_pcd.o
 .debug_loc     0x0000668c      0x1cb Drivers\STM32L4xx_HAL_Driver\Src\stm32l4xx_hal_pcd_ex.o
 .debug_loc     0x00006857      0x132 Drivers\STM32L4xx_HAL_Driver\Src\stm32l4xx_hal_pwr.o
 .debug_loc     0x00006989      0x63b Drivers\STM32L4xx_HAL_Driver\Src\stm32l4xx_hal_pwr_ex.o
 .debug_loc     0x00006fc4     0x102f Drivers\STM32L4xx_HAL_Driver\Src\stm32l4xx_hal_qspi.o
 .debug_loc     0x00007ff3      0x5ae Drivers\STM32L4xx_HAL_Driver\Src\stm32l4xx_hal_rcc.o
 .debug_loc     0x000085a1      0xd98 Drivers\STM32L4xx_HAL_Driver\Src\stm32l4xx_hal_rcc_ex.o
 .debug_loc     0x00009339     0x1a81 Drivers\STM32L4xx_HAL_Driver\Src\stm32l4xx_hal_spi.o
 .debug_loc     0x0000adba     0x2e6c Drivers\STM32L4xx_HAL_Driver\Src\stm32l4xx_hal_tim.o
 .debug_loc     0x0000dc26      0xd73 Drivers\STM32L4xx_HAL_Driver\Src\stm32l4xx_hal_tim_ex.o
 .debug_loc     0x0000e999     0x19b3 Drivers\STM32L4xx_HAL_Driver\Src\stm32l4xx_hal_uart.o
 .debug_loc     0x0001034c     0x1832 Drivers\STM32L4xx_HAL_Driver\Src\stm32l4xx_ll_usb.o
 .debug_loc     0x00011b7e      0xf6f Middlewares\Third_Party\FreeRTOS\Source\CMSIS_RTOS\cmsis_os.o
 .debug_loc     0x00012aed       0x94 Middlewares\Third_Party\FreeRTOS\Source\list.o
 .debug_loc     0x00012b81       0xcf Middlewares\Third_Party\FreeRTOS\Source\portable\GCC\ARM_CM4F\port.o
 .debug_loc     0x00012c50      0x390 Middlewares\Third_Party\FreeRTOS\Source\portable\MemMang\heap_4.o
 .debug_loc     0x00012fe0     0x13b1 Middlewares\Third_Party\FreeRTOS\Source\tasks.o
 .debug_loc     0x00014391      0x17c Src\main.o
 .debug_loc     0x0001450d      0x216 Src\stm32l4xx_hal_msp.o
 .debug_loc     0x00014723       0x94 Src\stm32l4xx_hal_timebase_TIM.o
 .debug_loc     0x000147b7      0x1be Src\system_stm32l4xx.o

.debug_aranges  0x00000000     0x19c8
 .debug_aranges
                0x00000000      0x108 Drivers\STM32L4xx_HAL_Driver\Src\stm32l4xx_hal.o
 .debug_aranges
                0x00000108       0xa8 Drivers\STM32L4xx_HAL_Driver\Src\stm32l4xx_hal_cortex.o
 .debug_aranges
                0x000001b0      0x1f0 Drivers\STM32L4xx_HAL_Driver\Src\stm32l4xx_hal_dfsdm.o
 .debug_aranges
                0x000003a0       0x58 Drivers\STM32L4xx_HAL_Driver\Src\stm32l4xx_hal_gpio.o
 .debug_aranges
                0x000003f8      0x238 Drivers\STM32L4xx_HAL_Driver\Src\stm32l4xx_hal_i2c.o
 .debug_aranges
                0x00000630       0x48 Drivers\STM32L4xx_HAL_Driver\Src\stm32l4xx_hal_i2c_ex.o
 .debug_aranges
                0x00000678       0xc0 Drivers\STM32L4xx_HAL_Driver\Src\stm32l4xx_hal_pcd.o
 .debug_aranges
                0x00000738       0x58 Drivers\STM32L4xx_HAL_Driver\Src\stm32l4xx_hal_pcd_ex.o
 .debug_aranges
                0x00000790       0x98 Drivers\STM32L4xx_HAL_Driver\Src\stm32l4xx_hal_pwr.o
 .debug_aranges
                0x00000828      0x130 Drivers\STM32L4xx_HAL_Driver\Src\stm32l4xx_hal_pwr_ex.o
 .debug_aranges
                0x00000958      0x108 Drivers\STM32L4xx_HAL_Driver\Src\stm32l4xx_hal_qspi.o
 .debug_aranges
                0x00000a60       0x88 Drivers\STM32L4xx_HAL_Driver\Src\stm32l4xx_hal_rcc.o
 .debug_aranges
                0x00000ae8       0xc0 Drivers\STM32L4xx_HAL_Driver\Src\stm32l4xx_hal_rcc_ex.o
 .debug_aranges
                0x00000ba8      0x198 Drivers\STM32L4xx_HAL_Driver\Src\stm32l4xx_hal_spi.o
 .debug_aranges
                0x00000d40      0x268 Drivers\STM32L4xx_HAL_Driver\Src\stm32l4xx_hal_tim.o
 .debug_aranges
                0x00000fa8      0x100 Drivers\STM32L4xx_HAL_Driver\Src\stm32l4xx_hal_tim_ex.o
 .debug_aranges
                0x000010a8      0x1a0 Drivers\STM32L4xx_HAL_Driver\Src\stm32l4xx_hal_uart.o
 .debug_aranges
                0x00001248      0x190 Drivers\STM32L4xx_HAL_Driver\Src\stm32l4xx_ll_usb.o
 .debug_aranges
                0x000013d8      0x190 Middlewares\Third_Party\FreeRTOS\Source\CMSIS_RTOS\cmsis_os.o
 .debug_aranges
                0x00001568       0x40 Middlewares\Third_Party\FreeRTOS\Source\list.o
 .debug_aranges
                0x000015a8       0x80 Middlewares\Third_Party\FreeRTOS\Source\portable\GCC\ARM_CM4F\port.o
 .debug_aranges
                0x00001628       0x48 Middlewares\Third_Party\FreeRTOS\Source\portable\MemMang\heap_4.o
 .debug_aranges
                0x00001670      0x178 Middlewares\Third_Party\FreeRTOS\Source\tasks.o
 .debug_aranges
                0x000017e8       0x68 Src\main.o
 .debug_aranges
                0x00001850       0x98 Src\stm32l4xx_hal_msp.o
 .debug_aranges
                0x000018e8       0x30 Src\stm32l4xx_hal_timebase_TIM.o
 .debug_aranges
                0x00001918       0x60 Src\stm32l4xx_it.o
 .debug_aranges
                0x00001978       0x28 Src\system_stm32l4xx.o
 .debug_aranges
                0x000019a0       0x28 startup\startup_stm32l475xx.o

.debug_ranges   0x00000000     0x1e18
 .debug_ranges  0x00000000       0xf8 Drivers\STM32L4xx_HAL_Driver\Src\stm32l4xx_hal.o
 .debug_ranges  0x000000f8      0x138 Drivers\STM32L4xx_HAL_Driver\Src\stm32l4xx_hal_cortex.o
 .debug_ranges  0x00000230      0x248 Drivers\STM32L4xx_HAL_Driver\Src\stm32l4xx_hal_dfsdm.o
 .debug_ranges  0x00000478       0x68 Drivers\STM32L4xx_HAL_Driver\Src\stm32l4xx_hal_gpio.o
 .debug_ranges  0x000004e0      0x270 Drivers\STM32L4xx_HAL_Driver\Src\stm32l4xx_hal_i2c.o
 .debug_ranges  0x00000750       0x68 Drivers\STM32L4xx_HAL_Driver\Src\stm32l4xx_hal_i2c_ex.o
 .debug_ranges  0x000007b8       0xb0 Drivers\STM32L4xx_HAL_Driver\Src\stm32l4xx_hal_pcd.o
 .debug_ranges  0x00000868       0x48 Drivers\STM32L4xx_HAL_Driver\Src\stm32l4xx_hal_pcd_ex.o
 .debug_ranges  0x000008b0       0x88 Drivers\STM32L4xx_HAL_Driver\Src\stm32l4xx_hal_pwr.o
 .debug_ranges  0x00000938      0x120 Drivers\STM32L4xx_HAL_Driver\Src\stm32l4xx_hal_pwr_ex.o
 .debug_ranges  0x00000a58      0x110 Drivers\STM32L4xx_HAL_Driver\Src\stm32l4xx_hal_qspi.o
 .debug_ranges  0x00000b68       0x90 Drivers\STM32L4xx_HAL_Driver\Src\stm32l4xx_hal_rcc.o
 .debug_ranges  0x00000bf8       0xf0 Drivers\STM32L4xx_HAL_Driver\Src\stm32l4xx_hal_rcc_ex.o
 .debug_ranges  0x00000ce8      0x248 Drivers\STM32L4xx_HAL_Driver\Src\stm32l4xx_hal_spi.o
 .debug_ranges  0x00000f30      0x318 Drivers\STM32L4xx_HAL_Driver\Src\stm32l4xx_hal_tim.o
 .debug_ranges  0x00001248       0xf0 Drivers\STM32L4xx_HAL_Driver\Src\stm32l4xx_hal_tim_ex.o
 .debug_ranges  0x00001338      0x190 Drivers\STM32L4xx_HAL_Driver\Src\stm32l4xx_hal_uart.o
 .debug_ranges  0x000014c8      0x198 Drivers\STM32L4xx_HAL_Driver\Src\stm32l4xx_ll_usb.o
 .debug_ranges  0x00001660      0x180 Middlewares\Third_Party\FreeRTOS\Source\CMSIS_RTOS\cmsis_os.o
 .debug_ranges  0x000017e0       0x30 Middlewares\Third_Party\FreeRTOS\Source\list.o
 .debug_ranges  0x00001810       0x70 Middlewares\Third_Party\FreeRTOS\Source\portable\GCC\ARM_CM4F\port.o
 .debug_ranges  0x00001880       0x38 Middlewares\Third_Party\FreeRTOS\Source\portable\MemMang\heap_4.o
 .debug_ranges  0x000018b8      0x278 Middlewares\Third_Party\FreeRTOS\Source\tasks.o
 .debug_ranges  0x00001b30       0xc0 Src\main.o
 .debug_ranges  0x00001bf0      0x160 Src\stm32l4xx_hal_msp.o
 .debug_ranges  0x00001d50       0x40 Src\stm32l4xx_hal_timebase_TIM.o
 .debug_ranges  0x00001d90       0x50 Src\stm32l4xx_it.o
 .debug_ranges  0x00001de0       0x18 Src\system_stm32l4xx.o
 .debug_ranges  0x00001df8       0x20 startup\startup_stm32l475xx.o

.debug_line     0x00000000     0xcde1
 .debug_line    0x00000000      0x44d Drivers\STM32L4xx_HAL_Driver\Src\stm32l4xx_hal.o
 .debug_line    0x0000044d      0x451 Drivers\STM32L4xx_HAL_Driver\Src\stm32l4xx_hal_cortex.o
 .debug_line    0x0000089e      0xae5 Drivers\STM32L4xx_HAL_Driver\Src\stm32l4xx_hal_dfsdm.o
 .debug_line    0x00001383      0x3e9 Drivers\STM32L4xx_HAL_Driver\Src\stm32l4xx_hal_gpio.o
 .debug_line    0x0000176c     0x1932 Drivers\STM32L4xx_HAL_Driver\Src\stm32l4xx_hal_i2c.o
 .debug_line    0x0000309e      0x36d Drivers\STM32L4xx_HAL_Driver\Src\stm32l4xx_hal_i2c_ex.o
 .debug_line    0x0000340b      0x6c8 Drivers\STM32L4xx_HAL_Driver\Src\stm32l4xx_hal_pcd.o
 .debug_line    0x00003ad3      0x31a Drivers\STM32L4xx_HAL_Driver\Src\stm32l4xx_hal_pcd_ex.o
 .debug_line    0x00003ded      0x39a Drivers\STM32L4xx_HAL_Driver\Src\stm32l4xx_hal_pwr.o
 .debug_line    0x00004187      0x5d5 Drivers\STM32L4xx_HAL_Driver\Src\stm32l4xx_hal_pwr_ex.o
 .debug_line    0x0000475c      0x867 Drivers\STM32L4xx_HAL_Driver\Src\stm32l4xx_hal_qspi.o
 .debug_line    0x00004fc3      0x5bd Drivers\STM32L4xx_HAL_Driver\Src\stm32l4xx_hal_rcc.o
 .debug_line    0x00005580      0x6fc Drivers\STM32L4xx_HAL_Driver\Src\stm32l4xx_hal_rcc_ex.o
 .debug_line    0x00005c7c      0xc95 Drivers\STM32L4xx_HAL_Driver\Src\stm32l4xx_hal_spi.o
 .debug_line    0x00006911     0x1343 Drivers\STM32L4xx_HAL_Driver\Src\stm32l4xx_hal_tim.o
 .debug_line    0x00007c54      0x763 Drivers\STM32L4xx_HAL_Driver\Src\stm32l4xx_hal_tim_ex.o
 .debug_line    0x000083b7      0xdc4 Drivers\STM32L4xx_HAL_Driver\Src\stm32l4xx_hal_uart.o
 .debug_line    0x0000917b      0x8a3 Drivers\STM32L4xx_HAL_Driver\Src\stm32l4xx_ll_usb.o
 .debug_line    0x00009a1e      0x8d0 Middlewares\Third_Party\FreeRTOS\Source\CMSIS_RTOS\cmsis_os.o
 .debug_line    0x0000a2ee      0x367 Middlewares\Third_Party\FreeRTOS\Source\list.o
 .debug_line    0x0000a655      0x36b Middlewares\Third_Party\FreeRTOS\Source\portable\GCC\ARM_CM4F\port.o
 .debug_line    0x0000a9c0      0x415 Middlewares\Third_Party\FreeRTOS\Source\portable\MemMang\heap_4.o
 .debug_line    0x0000add5      0xc04 Middlewares\Third_Party\FreeRTOS\Source\tasks.o
 .debug_line    0x0000b9d9      0x66d Src\main.o
 .debug_line    0x0000c046      0x523 Src\stm32l4xx_hal_msp.o
 .debug_line    0x0000c569      0x2a4 Src\stm32l4xx_hal_timebase_TIM.o
 .debug_line    0x0000c80d      0x30d Src\stm32l4xx_it.o
 .debug_line    0x0000cb1a      0x248 Src\system_stm32l4xx.o
 .debug_line    0x0000cd62       0x7f startup\startup_stm32l475xx.o

.debug_str      0x00000000     0x9a5e
 .debug_str     0x00000000      0xc1b Drivers\STM32L4xx_HAL_Driver\Src\stm32l4xx_hal.o
                                0xca4 (size before relaxing)
 .debug_str     0x00000c1b      0x3ba Drivers\STM32L4xx_HAL_Driver\Src\stm32l4xx_hal_cortex.o
                                0xc74 (size before relaxing)
 .debug_str     0x00000fd5      0xf88 Drivers\STM32L4xx_HAL_Driver\Src\stm32l4xx_hal_dfsdm.o
                               0x131a (size before relaxing)
 .debug_str     0x00001f5d      0x1d4 Drivers\STM32L4xx_HAL_Driver\Src\stm32l4xx_hal_gpio.o
                                0x5d2 (size before relaxing)
 .debug_str     0x00002131      0xb26 Drivers\STM32L4xx_HAL_Driver\Src\stm32l4xx_hal_i2c.o
                               0x1003 (size before relaxing)
 .debug_str     0x00002c57       0xf3 Drivers\STM32L4xx_HAL_Driver\Src\stm32l4xx_hal_i2c_ex.o
                                0x97a (size before relaxing)
 .debug_str     0x00002d4a      0xafa Drivers\STM32L4xx_HAL_Driver\Src\stm32l4xx_hal_pcd.o
                                0xde5 (size before relaxing)
 .debug_str     0x00003844      0x199 Drivers\STM32L4xx_HAL_Driver\Src\stm32l4xx_hal_pcd_ex.o
                                0x94a (size before relaxing)
 .debug_str     0x000039dd      0x2fb Drivers\STM32L4xx_HAL_Driver\Src\stm32l4xx_hal_pwr.o
                                0x740 (size before relaxing)
 .debug_str     0x00003cd8      0x427 Drivers\STM32L4xx_HAL_Driver\Src\stm32l4xx_hal_pwr_ex.o
                                0x869 (size before relaxing)
 .debug_str     0x000040ff      0x6b8 Drivers\STM32L4xx_HAL_Driver\Src\stm32l4xx_hal_qspi.o
                                0xbce (size before relaxing)
 .debug_str     0x000047b7      0x399 Drivers\STM32L4xx_HAL_Driver\Src\stm32l4xx_hal_rcc.o
                                0x8af (size before relaxing)
 .debug_str     0x00004b50      0x562 Drivers\STM32L4xx_HAL_Driver\Src\stm32l4xx_hal_rcc_ex.o
                                0xb3f (size before relaxing)
 .debug_str     0x000050b2      0x69a Drivers\STM32L4xx_HAL_Driver\Src\stm32l4xx_hal_spi.o
                                0xc26 (size before relaxing)
 .debug_str     0x0000574c      0xf78 Drivers\STM32L4xx_HAL_Driver\Src\stm32l4xx_hal_tim.o
                               0x1485 (size before relaxing)
 .debug_str     0x000066c4      0x61a Drivers\STM32L4xx_HAL_Driver\Src\stm32l4xx_hal_tim_ex.o
                                0xe50 (size before relaxing)
 .debug_str     0x00006cde      0x8c6 Drivers\STM32L4xx_HAL_Driver\Src\stm32l4xx_hal_uart.o
                                0xfbd (size before relaxing)
 .debug_str     0x000075a4      0x412 Drivers\STM32L4xx_HAL_Driver\Src\stm32l4xx_ll_usb.o
                                0xcc8 (size before relaxing)
 .debug_str     0x000079b6      0xf30 Middlewares\Third_Party\FreeRTOS\Source\CMSIS_RTOS\cmsis_os.o
                               0x1223 (size before relaxing)
 .debug_str     0x000088e6      0x159 Middlewares\Third_Party\FreeRTOS\Source\list.o
                                0x758 (size before relaxing)
 .debug_str     0x00008a3f      0x239 Middlewares\Third_Party\FreeRTOS\Source\portable\GCC\ARM_CM4F\port.o
                                0x4a2 (size before relaxing)
 .debug_str     0x00008c78      0x1e8 Middlewares\Third_Party\FreeRTOS\Source\portable\MemMang\heap_4.o
                                0x841 (size before relaxing)
 .debug_str     0x00008e60      0x8a3 Middlewares\Third_Party\FreeRTOS\Source\tasks.o
                               0x12e5 (size before relaxing)
 .debug_str     0x00009703      0x1c9 Src\main.o
                               0x2557 (size before relaxing)
 .debug_str     0x000098cc       0x24 Src\stm32l4xx_hal_msp.o
                               0x1d44 (size before relaxing)
 .debug_str     0x000098f0       0x62 Src\stm32l4xx_hal_timebase_TIM.o
                                0xe05 (size before relaxing)
 .debug_str     0x00009952       0xd1 Src\stm32l4xx_it.o
                                0x75c (size before relaxing)
 .debug_str     0x00009a23       0x3b Src\system_stm32l4xx.o
                                0x420 (size before relaxing)

.comment        0x00000000       0x7c
 .comment       0x00000000       0x7c Drivers\STM32L4xx_HAL_Driver\Src\stm32l4xx_hal.o
                                 0x7d (size before relaxing)
 .comment       0x0000007c       0x7d Drivers\STM32L4xx_HAL_Driver\Src\stm32l4xx_hal_cortex.o
 .comment       0x0000007c       0x7d Drivers\STM32L4xx_HAL_Driver\Src\stm32l4xx_hal_dfsdm.o
 .comment       0x0000007c       0x7d Drivers\STM32L4xx_HAL_Driver\Src\stm32l4xx_hal_gpio.o
 .comment       0x0000007c       0x7d Drivers\STM32L4xx_HAL_Driver\Src\stm32l4xx_hal_i2c.o
 .comment       0x0000007c       0x7d Drivers\STM32L4xx_HAL_Driver\Src\stm32l4xx_hal_i2c_ex.o
 .comment       0x0000007c       0x7d Drivers\STM32L4xx_HAL_Driver\Src\stm32l4xx_hal_pcd.o
 .comment       0x0000007c       0x7d Drivers\STM32L4xx_HAL_Driver\Src\stm32l4xx_hal_pcd_ex.o
 .comment       0x0000007c       0x7d Drivers\STM32L4xx_HAL_Driver\Src\stm32l4xx_hal_pwr.o
 .comment       0x0000007c       0x7d Drivers\STM32L4xx_HAL_Driver\Src\stm32l4xx_hal_pwr_ex.o
 .comment       0x0000007c       0x7d Drivers\STM32L4xx_HAL_Driver\Src\stm32l4xx_hal_qspi.o
 .comment       0x0000007c       0x7d Drivers\STM32L4xx_HAL_Driver\Src\stm32l4xx_hal_rcc.o
 .comment       0x0000007c       0x7d Drivers\STM32L4xx_HAL_Driver\Src\stm32l4xx_hal_rcc_ex.o
 .comment       0x0000007c       0x7d Drivers\STM32L4xx_HAL_Driver\Src\stm32l4xx_hal_spi.o
 .comment       0x0000007c       0x7d Drivers\STM32L4xx_HAL_Driver\Src\stm32l4xx_hal_tim.o
 .comment       0x0000007c       0x7d Drivers\STM32L4xx_HAL_Driver\Src\stm32l4xx_hal_tim_ex.o
 .comment       0x0000007c       0x7d Drivers\STM32L4xx_HAL_Driver\Src\stm32l4xx_hal_uart.o
 .comment       0x0000007c       0x7d Drivers\STM32L4xx_HAL_Driver\Src\stm32l4xx_ll_usb.o
 .comment       0x0000007c       0x7d Middlewares\Third_Party\FreeRTOS\Source\CMSIS_RTOS\cmsis_os.o
 .comment       0x0000007c       0x7d Middlewares\Third_Party\FreeRTOS\Source\list.o
 .comment       0x0000007c       0x7d Middlewares\Third_Party\FreeRTOS\Source\portable\GCC\ARM_CM4F\port.o
 .comment       0x0000007c       0x7d Middlewares\Third_Party\FreeRTOS\Source\portable\MemMang\heap_4.o
 .comment       0x0000007c       0x7d Middlewares\Third_Party\FreeRTOS\Source\tasks.o
 .comment       0x0000007c       0x7d Src\main.o
 .comment       0x0000007c       0x7d Src\stm32l4xx_hal_msp.o
 .comment       0x0000007c       0x7d Src\stm32l4xx_hal_timebase_TIM.o
 .comment       0x0000007c       0x7d Src\stm32l4xx_it.o
 .comment       0x0000007c       0x7d Src\system_stm32l4xx.o

.debug_frame    0x00000000     0x4d98
 .debug_frame   0x00000000      0x244 Drivers\STM32L4xx_HAL_Driver\Src\stm32l4xx_hal.o
 .debug_frame   0x00000244      0x158 Drivers\STM32L4xx_HAL_Driver\Src\stm32l4xx_hal_cortex.o
 .debug_frame   0x0000039c      0x5f0 Drivers\STM32L4xx_HAL_Driver\Src\stm32l4xx_hal_dfsdm.o
 .debug_frame   0x0000098c       0xdc Drivers\STM32L4xx_HAL_Driver\Src\stm32l4xx_hal_gpio.o
 .debug_frame   0x00000a68      0x8d8 Drivers\STM32L4xx_HAL_Driver\Src\stm32l4xx_hal_i2c.o
 .debug_frame   0x00001340       0x90 Drivers\STM32L4xx_HAL_Driver\Src\stm32l4xx_hal_i2c_ex.o
 .debug_frame   0x000013d0      0x2c8 Drivers\STM32L4xx_HAL_Driver\Src\stm32l4xx_hal_pcd.o
 .debug_frame   0x00001698       0xb8 Drivers\STM32L4xx_HAL_Driver\Src\stm32l4xx_hal_pcd_ex.o
 .debug_frame   0x00001750      0x118 Drivers\STM32L4xx_HAL_Driver\Src\stm32l4xx_hal_pwr.o
 .debug_frame   0x00001868      0x278 Drivers\STM32L4xx_HAL_Driver\Src\stm32l4xx_hal_pwr_ex.o
 .debug_frame   0x00001ae0      0x3f0 Drivers\STM32L4xx_HAL_Driver\Src\stm32l4xx_hal_qspi.o
 .debug_frame   0x00001ed0      0x160 Drivers\STM32L4xx_HAL_Driver\Src\stm32l4xx_hal_rcc.o
 .debug_frame   0x00002030      0x200 Drivers\STM32L4xx_HAL_Driver\Src\stm32l4xx_hal_rcc_ex.o
 .debug_frame   0x00002230      0x5b0 Drivers\STM32L4xx_HAL_Driver\Src\stm32l4xx_hal_spi.o
 .debug_frame   0x000027e0      0x8b4 Drivers\STM32L4xx_HAL_Driver\Src\stm32l4xx_hal_tim.o
 .debug_frame   0x00003094      0x384 Drivers\STM32L4xx_HAL_Driver\Src\stm32l4xx_hal_tim_ex.o
 .debug_frame   0x00003418      0x548 Drivers\STM32L4xx_HAL_Driver\Src\stm32l4xx_hal_uart.o
 .debug_frame   0x00003960      0x424 Drivers\STM32L4xx_HAL_Driver\Src\stm32l4xx_ll_usb.o
 .debug_frame   0x00003d84      0x4d4 Middlewares\Third_Party\FreeRTOS\Source\CMSIS_RTOS\cmsis_os.o
 .debug_frame   0x00004258       0x6c Middlewares\Third_Party\FreeRTOS\Source\list.o
 .debug_frame   0x000042c4       0xfc Middlewares\Third_Party\FreeRTOS\Source\portable\GCC\ARM_CM4F\port.o
 .debug_frame   0x000043c0       0x98 Middlewares\Third_Party\FreeRTOS\Source\portable\MemMang\heap_4.o
 .debug_frame   0x00004458      0x4c8 Middlewares\Third_Party\FreeRTOS\Source\tasks.o
 .debug_frame   0x00004920      0x118 Src\main.o
 .debug_frame   0x00004a38      0x184 Src\stm32l4xx_hal_msp.o
 .debug_frame   0x00004bbc       0x50 Src\stm32l4xx_hal_timebase_TIM.o
 .debug_frame   0x00004c0c       0xc8 Src\stm32l4xx_it.o
 .debug_frame   0x00004cd4       0x38 Src\system_stm32l4xx.o
 .debug_frame   0x00004d0c       0x2c c:/program files (x86)/atollic/truestudio for stm32 9.0.1/armtools/bin/../lib/gcc/arm-atollic-eabi/6.3.1/../../../../arm-atollic-eabi/lib/armv7e-m/fpu\libc_nano.a(lib_a-init.o)
 .debug_frame   0x00004d38       0x2c c:/program files (x86)/atollic/truestudio for stm32 9.0.1/armtools/bin/../lib/gcc/arm-atollic-eabi/6.3.1/armv7e-m/fpu\libgcc.a(_aeabi_uldivmod.o)
 .debug_frame   0x00004d64       0x34 c:/program files (x86)/atollic/truestudio for stm32 9.0.1/armtools/bin/../lib/gcc/arm-atollic-eabi/6.3.1/armv7e-m/fpu\libgcc.a(_udivmoddi4.o)
