es_wifi.c:116:16:ParseNumber	20	static
es_wifi.c:146:13:ParseMAC	20	static
es_wifi.c:166:14:ParseIP	32	static
es_wifi.c:494:25:AT_ExecuteCommand	16	static
es_wifi.c:650:19:ES_WIFI_Init	32	static
es_wifi.c:674:19:ES_WIFI_GetProductID	8	static
es_wifi.c:686:19:ES_WIFI_GetFWRevID	8	static
es_wifi.c:698:19:ES_WIFI_GetProductName	8	static
es_wifi.c:710:19:ES_WIFI_GetAPIRev	8	static
es_wifi.c:722:19:ES_WIFI_GetStackRev	8	static
es_wifi.c:734:19:ES_WIFI_GetRTOSRev	8	static
es_wifi.c:746:19:ES_WIFI_RegisterBusIO	12	static
es_wifi.c:771:19:ES_WIFI_SetTimeout	0	static
es_wifi.c:783:19:ES_WIFI_ListAccessPoints	40	static
es_wifi.c:804:18:ES_WIFI_Connect	24	static
es_wifi.c:841:9:ES_WIFI_IsConnected	0	static
es_wifi.c:850:18:ES_WIFI_Disconnect	8	static
es_wifi.c:861:18:ES_WIFI_GetNetworkSettings	32	static
es_wifi.c:883:18:ES_WIFI_ActivateAP	16	static
es_wifi.c:935:19:ES_WIFI_WaitAPStateChange	32	static
es_wifi.c:997:18:ES_WIFI_GetMACAddress	16	static
es_wifi.c:1018:18:ES_WIFI_GetIPAddress	0	static
es_wifi.c:1030:18:ES_WIFI_SetMACAddress	32	static
es_wifi.c:1049:18:ES_WIFI_ResetToFactoryDefault	8	static
es_wifi.c:1063:18:ES_WIFI_ResetModule	8	static
es_wifi.c:1078:18:ES_WIFI_SetProductName	16	static
es_wifi.c:1155:18:ES_WIFI_GetSystemConfig	24	static
es_wifi.c:1175:18:ES_WIFI_Ping	32	static
es_wifi.c:1212:18:ES_WIFI_DNS_LookUp	16	static
es_wifi.c:1235:18:ES_WIFI_StartClientConnection	24	static
es_wifi.c:1280:18:ES_WIFI_StopClientConnection	16	static
es_wifi.c:1364:18:ES_WIFI_StartServerSingleConn	32	static
es_wifi.c:1445:18:ES_WIFI_StopServerSingleConn	8	static
es_wifi.c:1458:18:ES_WIFI_StartServerMultiConn	32	static
es_wifi.c:1551:18:ES_WIFI_StopServerMultiConn	16	static
es_wifi.c:1588:18:ES_WIFI_SendData	40	static
es_wifi.c:1629:18:ES_WIFI_ReceiveData	32	static
