stm32l4xx_hal_msp.c:60:6:HAL_MspInit	16	static
stm32l4xx_hal_msp.c:94:6:HAL_DFSDM_ChannelMspInit	32	static
stm32l4xx_hal_msp.c:124:6:HAL_DFSDM_ChannelMspDeInit	0	static
stm32l4xx_hal_msp.c:149:6:HAL_I2C_MspInit	32	static
stm32l4xx_hal_msp.c:179:6:HAL_I2C_MspDeInit	0	static
stm32l4xx_hal_msp.c:203:6:HAL_QSPI_MspInit	32	static
stm32l4xx_hal_msp.c:238:6:HAL_QSPI_MspDeInit	0	static
stm32l4xx_hal_msp.c:267:6:HAL_SPI_MspInit	32	static
stm32l4xx_hal_msp.c:298:6:HAL_SPI_MspDeInit	0	static
stm32l4xx_hal_msp.c:323:6:HAL_TIM_PWM_MspInit	8	static
stm32l4xx_hal_msp.c:340:6:HAL_TIM_MspPostInit	40	static
stm32l4xx_hal_msp.c:375:6:HAL_TIM_PWM_MspDeInit	0	static
stm32l4xx_hal_msp.c:392:6:HAL_UART_MspInit	40	static
stm32l4xx_hal_msp.c:445:6:HAL_UART_MspDeInit	0	static
stm32l4xx_hal_msp.c:487:6:HAL_PCD_MspInit	40	static
stm32l4xx_hal_msp.c:536:6:HAL_PCD_MspDeInit	16	static
