15:18:29 **** Incremental Build of configuration Debug for project XDDDDDDD ****
Info: Internal Builder is used for build
arm-atollic-eabi-gcc -c -mthumb -mcpu=cortex-m4 -mfloat-abi=hard -mfpu=fpv4-sp-d16 -std=gnu11 -D__weak=__attribute__((weak)) -D__packed=__attribute__((__packed__)) -DUSE_HAL_DRIVER -DSTM32L475xx -I../Inc -I../Drivers/STM32L4xx_HAL_Driver/Inc -I../Drivers/STM32L4xx_HAL_Driver/Inc/Legacy -I../Middlewares/Third_Party/FreeRTOS/Source/portable/GCC/ARM_CM4F -I../Drivers/CMSIS/Device/ST/STM32L4xx/Include -I../Middlewares/Third_Party/FreeRTOS/Source/include -I../Middlewares/Third_Party/FreeRTOS/Source/CMSIS_RTOS -I../Drivers/CMSIS/Include -Os -ffunction-sections -fdata-sections -g -fstack-usage -Wall -specs=nano.specs -o Drivers\STM32L4xx_HAL_Driver\Src\stm32l4xx_hal_uart.o ..\Drivers\STM32L4xx_HAL_Driver\Src\stm32l4xx_hal_uart.c 
arm-atollic-eabi-gcc -c -mthumb -mcpu=cortex-m4 -mfloat-abi=hard -mfpu=fpv4-sp-d16 -std=gnu11 -D__weak=__attribute__((weak)) -D__packed=__attribute__((__packed__)) -DUSE_HAL_DRIVER -DSTM32L475xx -I../Inc -I../Drivers/STM32L4xx_HAL_Driver/Inc -I../Drivers/STM32L4xx_HAL_Driver/Inc/Legacy -I../Middlewares/Third_Party/FreeRTOS/Source/portable/GCC/ARM_CM4F -I../Drivers/CMSIS/Device/ST/STM32L4xx/Include -I../Middlewares/Third_Party/FreeRTOS/Source/include -I../Middlewares/Third_Party/FreeRTOS/Source/CMSIS_RTOS -I../Drivers/CMSIS/Include -Os -ffunction-sections -fdata-sections -g -fstack-usage -Wall -specs=nano.specs -o Drivers\STM32L4xx_HAL_Driver\Src\stm32l4xx_hal_i2c.o ..\Drivers\STM32L4xx_HAL_Driver\Src\stm32l4xx_hal_i2c.c 
arm-atollic-eabi-gcc -c -mthumb -mcpu=cortex-m4 -mfloat-abi=hard -mfpu=fpv4-sp-d16 -std=gnu11 -D__weak=__attribute__((weak)) -D__packed=__attribute__((__packed__)) -DUSE_HAL_DRIVER -DSTM32L475xx -I../Inc -I../Drivers/STM32L4xx_HAL_Driver/Inc -I../Drivers/STM32L4xx_HAL_Driver/Inc/Legacy -I../Middlewares/Third_Party/FreeRTOS/Source/portable/GCC/ARM_CM4F -I../Drivers/CMSIS/Device/ST/STM32L4xx/Include -I../Middlewares/Third_Party/FreeRTOS/Source/include -I../Middlewares/Third_Party/FreeRTOS/Source/CMSIS_RTOS -I../Drivers/CMSIS/Include -Os -ffunction-sections -fdata-sections -g -fstack-usage -Wall -specs=nano.specs -o Drivers\STM32L4xx_HAL_Driver\Src\stm32l4xx_hal_gpio.o ..\Drivers\STM32L4xx_HAL_Driver\Src\stm32l4xx_hal_gpio.c 
arm-atollic-eabi-gcc -c -mthumb -mcpu=cortex-m4 -mfloat-abi=hard -mfpu=fpv4-sp-d16 -std=gnu11 -D__weak=__attribute__((weak)) -D__packed=__attribute__((__packed__)) -DUSE_HAL_DRIVER -DSTM32L475xx -I../Inc -I../Drivers/STM32L4xx_HAL_Driver/Inc -I../Drivers/STM32L4xx_HAL_Driver/Inc/Legacy -I../Middlewares/Third_Party/FreeRTOS/Source/portable/GCC/ARM_CM4F -I../Drivers/CMSIS/Device/ST/STM32L4xx/Include -I../Middlewares/Third_Party/FreeRTOS/Source/include -I../Middlewares/Third_Party/FreeRTOS/Source/CMSIS_RTOS -I../Drivers/CMSIS/Include -Os -ffunction-sections -fdata-sections -g -fstack-usage -Wall -specs=nano.specs -o Drivers\STM32L4xx_HAL_Driver\Src\stm32l4xx_hal_cortex.o ..\Drivers\STM32L4xx_HAL_Driver\Src\stm32l4xx_hal_cortex.c 
arm-atollic-eabi-gcc -c -mthumb -mcpu=cortex-m4 -mfloat-abi=hard -mfpu=fpv4-sp-d16 -std=gnu11 -D__weak=__attribute__((weak)) -D__packed=__attribute__((__packed__)) -DUSE_HAL_DRIVER -DSTM32L475xx -I../Inc -I../Drivers/STM32L4xx_HAL_Driver/Inc -I../Drivers/STM32L4xx_HAL_Driver/Inc/Legacy -I../Middlewares/Third_Party/FreeRTOS/Source/portable/GCC/ARM_CM4F -I../Drivers/CMSIS/Device/ST/STM32L4xx/Include -I../Middlewares/Third_Party/FreeRTOS/Source/include -I../Middlewares/Third_Party/FreeRTOS/Source/CMSIS_RTOS -I../Drivers/CMSIS/Include -Os -ffunction-sections -fdata-sections -g -fstack-usage -Wall -specs=nano.specs -o Drivers\STM32L4xx_HAL_Driver\Src\stm32l4xx_hal.o ..\Drivers\STM32L4xx_HAL_Driver\Src\stm32l4xx_hal.c 
arm-atollic-eabi-gcc -c -mthumb -mcpu=cortex-m4 -mfloat-abi=hard -mfpu=fpv4-sp-d16 -std=gnu11 -D__weak=__attribute__((weak)) -D__packed=__attribute__((__packed__)) -DUSE_HAL_DRIVER -DSTM32L475xx -I../Inc -I../Drivers/STM32L4xx_HAL_Driver/Inc -I../Drivers/STM32L4xx_HAL_Driver/Inc/Legacy -I../Middlewares/Third_Party/FreeRTOS/Source/portable/GCC/ARM_CM4F -I../Drivers/CMSIS/Device/ST/STM32L4xx/Include -I../Middlewares/Third_Party/FreeRTOS/Source/include -I../Middlewares/Third_Party/FreeRTOS/Source/CMSIS_RTOS -I../Drivers/CMSIS/Include -Os -ffunction-sections -fdata-sections -g -fstack-usage -Wall -specs=nano.specs -o Src\main.o ..\Src\main.c 
In file included from ..\Src\main.c:50:0:
..\Src\main.c: In function 'StartDefaultTask':
../Inc/main.h:247:20: warning: pointer targets in passing argument 1 of 'WIFI_ConfigureAP' differ in signedness [-Wpointer-sign]
 #define MYSSID     "vehicle"
                    ^
..\Src\main.c:817:19: note: in expansion of macro 'MYSSID'
  WIFI_ConfigureAP(MYSSID, PASSWORD, WIFI_ECN_WPA2_PSK, 10, 10);
                   ^~~~~~
In file included from ..\Src\main.c:56:0:
../Inc/wifi.h:148:21: note: expected 'uint8_t * {aka unsigned char *}' but argument is of type 'char *'
 WIFI_Status_t       WIFI_ConfigureAP(
                     ^~~~~~~~~~~~~~~~
In file included from ..\Src\main.c:50:0:
../Inc/main.h:248:18: warning: pointer targets in passing argument 2 of 'WIFI_ConfigureAP' differ in signedness [-Wpointer-sign]
 #define PASSWORD "j38acd1sa"
                  ^
..\Src\main.c:817:27: note: in expansion of macro 'PASSWORD'
  WIFI_ConfigureAP(MYSSID, PASSWORD, WIFI_ECN_WPA2_PSK, 10, 10);
                           ^~~~~~~~
In file included from ..\Src\main.c:56:0:
../Inc/wifi.h:148:21: note: expected 'uint8_t * {aka unsigned char *}' but argument is of type 'char *'
 WIFI_Status_t       WIFI_ConfigureAP(
                     ^~~~~~~~~~~~~~~~
arm-atollic-eabi-gcc -c -mthumb -mcpu=cortex-m4 -mfloat-abi=hard -mfpu=fpv4-sp-d16 -std=gnu11 -D__weak=__attribute__((weak)) -D__packed=__attribute__((__packed__)) -DUSE_HAL_DRIVER -DSTM32L475xx -I../Inc -I../Drivers/STM32L4xx_HAL_Driver/Inc -I../Drivers/STM32L4xx_HAL_Driver/Inc/Legacy -I../Middlewares/Third_Party/FreeRTOS/Source/portable/GCC/ARM_CM4F -I../Drivers/CMSIS/Device/ST/STM32L4xx/Include -I../Middlewares/Third_Party/FreeRTOS/Source/include -I../Middlewares/Third_Party/FreeRTOS/Source/CMSIS_RTOS -I../Drivers/CMSIS/Include -Os -ffunction-sections -fdata-sections -g -fstack-usage -Wall -specs=nano.specs -o Drivers\STM32L4xx_HAL_Driver\Src\stm32l4xx_hal_uart_ex.o ..\Drivers\STM32L4xx_HAL_Driver\Src\stm32l4xx_hal_uart_ex.c 
arm-atollic-eabi-gcc -c -mthumb -mcpu=cortex-m4 -mfloat-abi=hard -mfpu=fpv4-sp-d16 -std=gnu11 -D__weak=__attribute__((weak)) -D__packed=__attribute__((__packed__)) -DUSE_HAL_DRIVER -DSTM32L475xx -I../Inc -I../Drivers/STM32L4xx_HAL_Driver/Inc -I../Drivers/STM32L4xx_HAL_Driver/Inc/Legacy -I../Middlewares/Third_Party/FreeRTOS/Source/portable/GCC/ARM_CM4F -I../Drivers/CMSIS/Device/ST/STM32L4xx/Include -I../Middlewares/Third_Party/FreeRTOS/Source/include -I../Middlewares/Third_Party/FreeRTOS/Source/CMSIS_RTOS -I../Drivers/CMSIS/Include -Os -ffunction-sections -fdata-sections -g -fstack-usage -Wall -specs=nano.specs -o Drivers\STM32L4xx_HAL_Driver\Src\stm32l4xx_hal_flash_ramfunc.o ..\Drivers\STM32L4xx_HAL_Driver\Src\stm32l4xx_hal_flash_ramfunc.c 
arm-atollic-eabi-gcc -c -mthumb -mcpu=cortex-m4 -mfloat-abi=hard -mfpu=fpv4-sp-d16 -std=gnu11 -D__weak=__attribute__((weak)) -D__packed=__attribute__((__packed__)) -DUSE_HAL_DRIVER -DSTM32L475xx -I../Inc -I../Drivers/STM32L4xx_HAL_Driver/Inc -I../Drivers/STM32L4xx_HAL_Driver/Inc/Legacy -I../Middlewares/Third_Party/FreeRTOS/Source/portable/GCC/ARM_CM4F -I../Drivers/CMSIS/Device/ST/STM32L4xx/Include -I../Middlewares/Third_Party/FreeRTOS/Source/include -I../Middlewares/Third_Party/FreeRTOS/Source/CMSIS_RTOS -I../Drivers/CMSIS/Include -Os -ffunction-sections -fdata-sections -g -fstack-usage -Wall -specs=nano.specs -o Drivers\STM32L4xx_HAL_Driver\Src\stm32l4xx_hal_pcd.o ..\Drivers\STM32L4xx_HAL_Driver\Src\stm32l4xx_hal_pcd.c 
arm-atollic-eabi-gcc -c -mthumb -mcpu=cortex-m4 -mfloat-abi=hard -mfpu=fpv4-sp-d16 -std=gnu11 -D__weak=__attribute__((weak)) -D__packed=__attribute__((__packed__)) -DUSE_HAL_DRIVER -DSTM32L475xx -I../Inc -I../Drivers/STM32L4xx_HAL_Driver/Inc -I../Drivers/STM32L4xx_HAL_Driver/Inc/Legacy -I../Middlewares/Third_Party/FreeRTOS/Source/portable/GCC/ARM_CM4F -I../Drivers/CMSIS/Device/ST/STM32L4xx/Include -I../Middlewares/Third_Party/FreeRTOS/Source/include -I../Middlewares/Third_Party/FreeRTOS/Source/CMSIS_RTOS -I../Drivers/CMSIS/Include -Os -ffunction-sections -fdata-sections -g -fstack-usage -Wall -specs=nano.specs -o Drivers\STM32L4xx_HAL_Driver\Src\stm32l4xx_hal_rcc.o ..\Drivers\STM32L4xx_HAL_Driver\Src\stm32l4xx_hal_rcc.c 
arm-atollic-eabi-gcc -c -mthumb -mcpu=cortex-m4 -mfloat-abi=hard -mfpu=fpv4-sp-d16 -std=gnu11 -D__weak=__attribute__((weak)) -D__packed=__attribute__((__packed__)) -DUSE_HAL_DRIVER -DSTM32L475xx -I../Inc -I../Drivers/STM32L4xx_HAL_Driver/Inc -I../Drivers/STM32L4xx_HAL_Driver/Inc/Legacy -I../Middlewares/Third_Party/FreeRTOS/Source/portable/GCC/ARM_CM4F -I../Drivers/CMSIS/Device/ST/STM32L4xx/Include -I../Middlewares/Third_Party/FreeRTOS/Source/include -I../Middlewares/Third_Party/FreeRTOS/Source/CMSIS_RTOS -I../Drivers/CMSIS/Include -Os -ffunction-sections -fdata-sections -g -fstack-usage -Wall -specs=nano.specs -o Drivers\STM32L4xx_HAL_Driver\Src\stm32l4xx_hal_i2c_ex.o ..\Drivers\STM32L4xx_HAL_Driver\Src\stm32l4xx_hal_i2c_ex.c 
arm-atollic-eabi-gcc -c -mthumb -mcpu=cortex-m4 -mfloat-abi=hard -mfpu=fpv4-sp-d16 -std=gnu11 -D__weak=__attribute__((weak)) -D__packed=__attribute__((__packed__)) -DUSE_HAL_DRIVER -DSTM32L475xx -I../Inc -I../Drivers/STM32L4xx_HAL_Driver/Inc -I../Drivers/STM32L4xx_HAL_Driver/Inc/Legacy -I../Middlewares/Third_Party/FreeRTOS/Source/portable/GCC/ARM_CM4F -I../Drivers/CMSIS/Device/ST/STM32L4xx/Include -I../Middlewares/Third_Party/FreeRTOS/Source/include -I../Middlewares/Third_Party/FreeRTOS/Source/CMSIS_RTOS -I../Drivers/CMSIS/Include -Os -ffunction-sections -fdata-sections -g -fstack-usage -Wall -specs=nano.specs -o Drivers\STM32L4xx_HAL_Driver\Src\stm32l4xx_hal_pwr_ex.o ..\Drivers\STM32L4xx_HAL_Driver\Src\stm32l4xx_hal_pwr_ex.c 
arm-atollic-eabi-gcc -c -mthumb -mcpu=cortex-m4 -mfloat-abi=hard -mfpu=fpv4-sp-d16 -std=gnu11 -D__weak=__attribute__((weak)) -D__packed=__attribute__((__packed__)) -DUSE_HAL_DRIVER -DSTM32L475xx -I../Inc -I../Drivers/STM32L4xx_HAL_Driver/Inc -I../Drivers/STM32L4xx_HAL_Driver/Inc/Legacy -I../Middlewares/Third_Party/FreeRTOS/Source/portable/GCC/ARM_CM4F -I../Drivers/CMSIS/Device/ST/STM32L4xx/Include -I../Middlewares/Third_Party/FreeRTOS/Source/include -I../Middlewares/Third_Party/FreeRTOS/Source/CMSIS_RTOS -I../Drivers/CMSIS/Include -Os -ffunction-sections -fdata-sections -g -fstack-usage -Wall -specs=nano.specs -o Src\system_stm32l4xx.o ..\Src\system_stm32l4xx.c 
arm-atollic-eabi-gcc -c -mthumb -mcpu=cortex-m4 -mfloat-abi=hard -mfpu=fpv4-sp-d16 -std=gnu11 -D__weak=__attribute__((weak)) -D__packed=__attribute__((__packed__)) -DUSE_HAL_DRIVER -DSTM32L475xx -I../Inc -I../Drivers/STM32L4xx_HAL_Driver/Inc -I../Drivers/STM32L4xx_HAL_Driver/Inc/Legacy -I../Middlewares/Third_Party/FreeRTOS/Source/portable/GCC/ARM_CM4F -I../Drivers/CMSIS/Device/ST/STM32L4xx/Include -I../Middlewares/Third_Party/FreeRTOS/Source/include -I../Middlewares/Third_Party/FreeRTOS/Source/CMSIS_RTOS -I../Drivers/CMSIS/Include -Os -ffunction-sections -fdata-sections -g -fstack-usage -Wall -specs=nano.specs -o Src\wifi.o ..\Src\wifi.c 
arm-atollic-eabi-gcc -c -mthumb -mcpu=cortex-m4 -mfloat-abi=hard -mfpu=fpv4-sp-d16 -std=gnu11 -D__weak=__attribute__((weak)) -D__packed=__attribute__((__packed__)) -DUSE_HAL_DRIVER -DSTM32L475xx -I../Inc -I../Drivers/STM32L4xx_HAL_Driver/Inc -I../Drivers/STM32L4xx_HAL_Driver/Inc/Legacy -I../Middlewares/Third_Party/FreeRTOS/Source/portable/GCC/ARM_CM4F -I../Drivers/CMSIS/Device/ST/STM32L4xx/Include -I../Middlewares/Third_Party/FreeRTOS/Source/include -I../Middlewares/Third_Party/FreeRTOS/Source/CMSIS_RTOS -I../Drivers/CMSIS/Include -Os -ffunction-sections -fdata-sections -g -fstack-usage -Wall -specs=nano.specs -o Drivers\STM32L4xx_HAL_Driver\Src\stm32l4xx_hal_qspi.o ..\Drivers\STM32L4xx_HAL_Driver\Src\stm32l4xx_hal_qspi.c 
arm-atollic-eabi-gcc -c -mthumb -mcpu=cortex-m4 -mfloat-abi=hard -mfpu=fpv4-sp-d16 -std=gnu11 -D__weak=__attribute__((weak)) -D__packed=__attribute__((__packed__)) -DUSE_HAL_DRIVER -DSTM32L475xx -I../Inc -I../Drivers/STM32L4xx_HAL_Driver/Inc -I../Drivers/STM32L4xx_HAL_Driver/Inc/Legacy -I../Middlewares/Third_Party/FreeRTOS/Source/portable/GCC/ARM_CM4F -I../Drivers/CMSIS/Device/ST/STM32L4xx/Include -I../Middlewares/Third_Party/FreeRTOS/Source/include -I../Middlewares/Third_Party/FreeRTOS/Source/CMSIS_RTOS -I../Drivers/CMSIS/Include -Os -ffunction-sections -fdata-sections -g -fstack-usage -Wall -specs=nano.specs -o Drivers\STM32L4xx_HAL_Driver\Src\stm32l4xx_hal_rcc_ex.o ..\Drivers\STM32L4xx_HAL_Driver\Src\stm32l4xx_hal_rcc_ex.c 
arm-atollic-eabi-gcc -c -mthumb -mcpu=cortex-m4 -mfloat-abi=hard -mfpu=fpv4-sp-d16 -std=gnu11 -D__weak=__attribute__((weak)) -D__packed=__attribute__((__packed__)) -DUSE_HAL_DRIVER -DSTM32L475xx -I../Inc -I../Drivers/STM32L4xx_HAL_Driver/Inc -I../Drivers/STM32L4xx_HAL_Driver/Inc/Legacy -I../Middlewares/Third_Party/FreeRTOS/Source/portable/GCC/ARM_CM4F -I../Drivers/CMSIS/Device/ST/STM32L4xx/Include -I../Middlewares/Third_Party/FreeRTOS/Source/include -I../Middlewares/Third_Party/FreeRTOS/Source/CMSIS_RTOS -I../Drivers/CMSIS/Include -Os -ffunction-sections -fdata-sections -g -fstack-usage -Wall -specs=nano.specs -o Drivers\STM32L4xx_HAL_Driver\Src\stm32l4xx_hal_spi.o ..\Drivers\STM32L4xx_HAL_Driver\Src\stm32l4xx_hal_spi.c 
arm-atollic-eabi-gcc -c -mthumb -mcpu=cortex-m4 -mfloat-abi=hard -mfpu=fpv4-sp-d16 -std=gnu11 -D__weak=__attribute__((weak)) -D__packed=__attribute__((__packed__)) -DUSE_HAL_DRIVER -DSTM32L475xx -I../Inc -I../Drivers/STM32L4xx_HAL_Driver/Inc -I../Drivers/STM32L4xx_HAL_Driver/Inc/Legacy -I../Middlewares/Third_Party/FreeRTOS/Source/portable/GCC/ARM_CM4F -I../Drivers/CMSIS/Device/ST/STM32L4xx/Include -I../Middlewares/Third_Party/FreeRTOS/Source/include -I../Middlewares/Third_Party/FreeRTOS/Source/CMSIS_RTOS -I../Drivers/CMSIS/Include -Os -ffunction-sections -fdata-sections -g -fstack-usage -Wall -specs=nano.specs -o Drivers\STM32L4xx_HAL_Driver\Src\stm32l4xx_hal_flash_ex.o ..\Drivers\STM32L4xx_HAL_Driver\Src\stm32l4xx_hal_flash_ex.c 
arm-atollic-eabi-gcc -c -mthumb -mcpu=cortex-m4 -mfloat-abi=hard -mfpu=fpv4-sp-d16 -std=gnu11 -D__weak=__attribute__((weak)) -D__packed=__attribute__((__packed__)) -DUSE_HAL_DRIVER -DSTM32L475xx -I../Inc -I../Drivers/STM32L4xx_HAL_Driver/Inc -I../Drivers/STM32L4xx_HAL_Driver/Inc/Legacy -I../Middlewares/Third_Party/FreeRTOS/Source/portable/GCC/ARM_CM4F -I../Drivers/CMSIS/Device/ST/STM32L4xx/Include -I../Middlewares/Third_Party/FreeRTOS/Source/include -I../Middlewares/Third_Party/FreeRTOS/Source/CMSIS_RTOS -I../Drivers/CMSIS/Include -Os -ffunction-sections -fdata-sections -g -fstack-usage -Wall -specs=nano.specs -o Src\stm32l4xx_hal_msp.o ..\Src\stm32l4xx_hal_msp.c 
arm-atollic-eabi-gcc -c -mthumb -mcpu=cortex-m4 -mfloat-abi=hard -mfpu=fpv4-sp-d16 -std=gnu11 -D__weak=__attribute__((weak)) -D__packed=__attribute__((__packed__)) -DUSE_HAL_DRIVER -DSTM32L475xx -I../Inc -I../Drivers/STM32L4xx_HAL_Driver/Inc -I../Drivers/STM32L4xx_HAL_Driver/Inc/Legacy -I../Middlewares/Third_Party/FreeRTOS/Source/portable/GCC/ARM_CM4F -I../Drivers/CMSIS/Device/ST/STM32L4xx/Include -I../Middlewares/Third_Party/FreeRTOS/Source/include -I../Middlewares/Third_Party/FreeRTOS/Source/CMSIS_RTOS -I../Drivers/CMSIS/Include -Os -ffunction-sections -fdata-sections -g -fstack-usage -Wall -specs=nano.specs -o Drivers\STM32L4xx_HAL_Driver\Src\stm32l4xx_hal_dfsdm.o ..\Drivers\STM32L4xx_HAL_Driver\Src\stm32l4xx_hal_dfsdm.c 
arm-atollic-eabi-gcc -c -mthumb -mcpu=cortex-m4 -mfloat-abi=hard -mfpu=fpv4-sp-d16 -std=gnu11 -D__weak=__attribute__((weak)) -D__packed=__attribute__((__packed__)) -DUSE_HAL_DRIVER -DSTM32L475xx -I../Inc -I../Drivers/STM32L4xx_HAL_Driver/Inc -I../Drivers/STM32L4xx_HAL_Driver/Inc/Legacy -I../Middlewares/Third_Party/FreeRTOS/Source/portable/GCC/ARM_CM4F -I../Drivers/CMSIS/Device/ST/STM32L4xx/Include -I../Middlewares/Third_Party/FreeRTOS/Source/include -I../Middlewares/Third_Party/FreeRTOS/Source/CMSIS_RTOS -I../Drivers/CMSIS/Include -Os -ffunction-sections -fdata-sections -g -fstack-usage -Wall -specs=nano.specs -o Drivers\STM32L4xx_HAL_Driver\Src\stm32l4xx_hal_pwr.o ..\Drivers\STM32L4xx_HAL_Driver\Src\stm32l4xx_hal_pwr.c 
arm-atollic-eabi-gcc -c -mthumb -mcpu=cortex-m4 -mfloat-abi=hard -mfpu=fpv4-sp-d16 -std=gnu11 -D__weak=__attribute__((weak)) -D__packed=__attribute__((__packed__)) -DUSE_HAL_DRIVER -DSTM32L475xx -I../Inc -I../Drivers/STM32L4xx_HAL_Driver/Inc -I../Drivers/STM32L4xx_HAL_Driver/Inc/Legacy -I../Middlewares/Third_Party/FreeRTOS/Source/portable/GCC/ARM_CM4F -I../Drivers/CMSIS/Device/ST/STM32L4xx/Include -I../Middlewares/Third_Party/FreeRTOS/Source/include -I../Middlewares/Third_Party/FreeRTOS/Source/CMSIS_RTOS -I../Drivers/CMSIS/Include -Os -ffunction-sections -fdata-sections -g -fstack-usage -Wall -specs=nano.specs -o Src\stm32l4xx_hal_timebase_TIM.o ..\Src\stm32l4xx_hal_timebase_TIM.c 
arm-atollic-eabi-gcc -c -mthumb -mcpu=cortex-m4 -mfloat-abi=hard -mfpu=fpv4-sp-d16 -std=gnu11 -D__weak=__attribute__((weak)) -D__packed=__attribute__((__packed__)) -DUSE_HAL_DRIVER -DSTM32L475xx -I../Inc -I../Drivers/STM32L4xx_HAL_Driver/Inc -I../Drivers/STM32L4xx_HAL_Driver/Inc/Legacy -I../Middlewares/Third_Party/FreeRTOS/Source/portable/GCC/ARM_CM4F -I../Drivers/CMSIS/Device/ST/STM32L4xx/Include -I../Middlewares/Third_Party/FreeRTOS/Source/include -I../Middlewares/Third_Party/FreeRTOS/Source/CMSIS_RTOS -I../Drivers/CMSIS/Include -Os -ffunction-sections -fdata-sections -g -fstack-usage -Wall -specs=nano.specs -o Drivers\STM32L4xx_HAL_Driver\Src\stm32l4xx_ll_usb.o ..\Drivers\STM32L4xx_HAL_Driver\Src\stm32l4xx_ll_usb.c 
arm-atollic-eabi-gcc -c -mthumb -mcpu=cortex-m4 -mfloat-abi=hard -mfpu=fpv4-sp-d16 -std=gnu11 -D__weak=__attribute__((weak)) -D__packed=__attribute__((__packed__)) -DUSE_HAL_DRIVER -DSTM32L475xx -I../Inc -I../Drivers/STM32L4xx_HAL_Driver/Inc -I../Drivers/STM32L4xx_HAL_Driver/Inc/Legacy -I../Middlewares/Third_Party/FreeRTOS/Source/portable/GCC/ARM_CM4F -I../Drivers/CMSIS/Device/ST/STM32L4xx/Include -I../Middlewares/Third_Party/FreeRTOS/Source/include -I../Middlewares/Third_Party/FreeRTOS/Source/CMSIS_RTOS -I../Drivers/CMSIS/Include -Os -ffunction-sections -fdata-sections -g -fstack-usage -Wall -specs=nano.specs -o Drivers\STM32L4xx_HAL_Driver\Src\stm32l4xx_hal_flash.o ..\Drivers\STM32L4xx_HAL_Driver\Src\stm32l4xx_hal_flash.c 
arm-atollic-eabi-gcc -c -mthumb -mcpu=cortex-m4 -mfloat-abi=hard -mfpu=fpv4-sp-d16 -std=gnu11 -D__weak=__attribute__((weak)) -D__packed=__attribute__((__packed__)) -DUSE_HAL_DRIVER -DSTM32L475xx -I../Inc -I../Drivers/STM32L4xx_HAL_Driver/Inc -I../Drivers/STM32L4xx_HAL_Driver/Inc/Legacy -I../Middlewares/Third_Party/FreeRTOS/Source/portable/GCC/ARM_CM4F -I../Drivers/CMSIS/Device/ST/STM32L4xx/Include -I../Middlewares/Third_Party/FreeRTOS/Source/include -I../Middlewares/Third_Party/FreeRTOS/Source/CMSIS_RTOS -I../Drivers/CMSIS/Include -Os -ffunction-sections -fdata-sections -g -fstack-usage -Wall -specs=nano.specs -o Src\freertos.o ..\Src\freertos.c 
arm-atollic-eabi-gcc -c -mthumb -mcpu=cortex-m4 -mfloat-abi=hard -mfpu=fpv4-sp-d16 -std=gnu11 -D__weak=__attribute__((weak)) -D__packed=__attribute__((__packed__)) -DUSE_HAL_DRIVER -DSTM32L475xx -I../Inc -I../Drivers/STM32L4xx_HAL_Driver/Inc -I../Drivers/STM32L4xx_HAL_Driver/Inc/Legacy -I../Middlewares/Third_Party/FreeRTOS/Source/portable/GCC/ARM_CM4F -I../Drivers/CMSIS/Device/ST/STM32L4xx/Include -I../Middlewares/Third_Party/FreeRTOS/Source/include -I../Middlewares/Third_Party/FreeRTOS/Source/CMSIS_RTOS -I../Drivers/CMSIS/Include -Os -ffunction-sections -fdata-sections -g -fstack-usage -Wall -specs=nano.specs -o Drivers\STM32L4xx_HAL_Driver\Src\stm32l4xx_hal_dma.o ..\Drivers\STM32L4xx_HAL_Driver\Src\stm32l4xx_hal_dma.c 
arm-atollic-eabi-gcc -c -mthumb -mcpu=cortex-m4 -mfloat-abi=hard -mfpu=fpv4-sp-d16 -std=gnu11 -D__weak=__attribute__((weak)) -D__packed=__attribute__((__packed__)) -DUSE_HAL_DRIVER -DSTM32L475xx -I../Inc -I../Drivers/STM32L4xx_HAL_Driver/Inc -I../Drivers/STM32L4xx_HAL_Driver/Inc/Legacy -I../Middlewares/Third_Party/FreeRTOS/Source/portable/GCC/ARM_CM4F -I../Drivers/CMSIS/Device/ST/STM32L4xx/Include -I../Middlewares/Third_Party/FreeRTOS/Source/include -I../Middlewares/Third_Party/FreeRTOS/Source/CMSIS_RTOS -I../Drivers/CMSIS/Include -Os -ffunction-sections -fdata-sections -g -fstack-usage -Wall -specs=nano.specs -o Src\es_wifi_io.o ..\Src\es_wifi_io.c 
arm-atollic-eabi-gcc -c -mthumb -mcpu=cortex-m4 -mfloat-abi=hard -mfpu=fpv4-sp-d16 -std=gnu11 -D__weak=__attribute__((weak)) -D__packed=__attribute__((__packed__)) -DUSE_HAL_DRIVER -DSTM32L475xx -I../Inc -I../Drivers/STM32L4xx_HAL_Driver/Inc -I../Drivers/STM32L4xx_HAL_Driver/Inc/Legacy -I../Middlewares/Third_Party/FreeRTOS/Source/portable/GCC/ARM_CM4F -I../Drivers/CMSIS/Device/ST/STM32L4xx/Include -I../Middlewares/Third_Party/FreeRTOS/Source/include -I../Middlewares/Third_Party/FreeRTOS/Source/CMSIS_RTOS -I../Drivers/CMSIS/Include -Os -ffunction-sections -fdata-sections -g -fstack-usage -Wall -specs=nano.specs -o Drivers\STM32L4xx_HAL_Driver\Src\stm32l4xx_hal_tim.o ..\Drivers\STM32L4xx_HAL_Driver\Src\stm32l4xx_hal_tim.c 
arm-atollic-eabi-gcc -c -mthumb -mcpu=cortex-m4 -mfloat-abi=hard -mfpu=fpv4-sp-d16 -std=gnu11 -D__weak=__attribute__((weak)) -D__packed=__attribute__((__packed__)) -DUSE_HAL_DRIVER -DSTM32L475xx -I../Inc -I../Drivers/STM32L4xx_HAL_Driver/Inc -I../Drivers/STM32L4xx_HAL_Driver/Inc/Legacy -I../Middlewares/Third_Party/FreeRTOS/Source/portable/GCC/ARM_CM4F -I../Drivers/CMSIS/Device/ST/STM32L4xx/Include -I../Middlewares/Third_Party/FreeRTOS/Source/include -I../Middlewares/Third_Party/FreeRTOS/Source/CMSIS_RTOS -I../Drivers/CMSIS/Include -Os -ffunction-sections -fdata-sections -g -fstack-usage -Wall -specs=nano.specs -o Drivers\STM32L4xx_HAL_Driver\Src\stm32l4xx_hal_spi_ex.o ..\Drivers\STM32L4xx_HAL_Driver\Src\stm32l4xx_hal_spi_ex.c 
arm-atollic-eabi-gcc -c -mthumb -mcpu=cortex-m4 -mfloat-abi=hard -mfpu=fpv4-sp-d16 -std=gnu11 -D__weak=__attribute__((weak)) -D__packed=__attribute__((__packed__)) -DUSE_HAL_DRIVER -DSTM32L475xx -I../Inc -I../Drivers/STM32L4xx_HAL_Driver/Inc -I../Drivers/STM32L4xx_HAL_Driver/Inc/Legacy -I../Middlewares/Third_Party/FreeRTOS/Source/portable/GCC/ARM_CM4F -I../Drivers/CMSIS/Device/ST/STM32L4xx/Include -I../Middlewares/Third_Party/FreeRTOS/Source/include -I../Middlewares/Third_Party/FreeRTOS/Source/CMSIS_RTOS -I../Drivers/CMSIS/Include -Os -ffunction-sections -fdata-sections -g -fstack-usage -Wall -specs=nano.specs -o Src\stm32l4xx_it.o ..\Src\stm32l4xx_it.c 
arm-atollic-eabi-gcc -c -mthumb -mcpu=cortex-m4 -mfloat-abi=hard -mfpu=fpv4-sp-d16 -std=gnu11 -D__weak=__attribute__((weak)) -D__packed=__attribute__((__packed__)) -DUSE_HAL_DRIVER -DSTM32L475xx -I../Inc -I../Drivers/STM32L4xx_HAL_Driver/Inc -I../Drivers/STM32L4xx_HAL_Driver/Inc/Legacy -I../Middlewares/Third_Party/FreeRTOS/Source/portable/GCC/ARM_CM4F -I../Drivers/CMSIS/Device/ST/STM32L4xx/Include -I../Middlewares/Third_Party/FreeRTOS/Source/include -I../Middlewares/Third_Party/FreeRTOS/Source/CMSIS_RTOS -I../Drivers/CMSIS/Include -Os -ffunction-sections -fdata-sections -g -fstack-usage -Wall -specs=nano.specs -o Drivers\STM32L4xx_HAL_Driver\Src\stm32l4xx_hal_dma_ex.o ..\Drivers\STM32L4xx_HAL_Driver\Src\stm32l4xx_hal_dma_ex.c 
arm-atollic-eabi-gcc -c -mthumb -mcpu=cortex-m4 -mfloat-abi=hard -mfpu=fpv4-sp-d16 -std=gnu11 -D__weak=__attribute__((weak)) -D__packed=__attribute__((__packed__)) -DUSE_HAL_DRIVER -DSTM32L475xx -I../Inc -I../Drivers/STM32L4xx_HAL_Driver/Inc -I../Drivers/STM32L4xx_HAL_Driver/Inc/Legacy -I../Middlewares/Third_Party/FreeRTOS/Source/portable/GCC/ARM_CM4F -I../Drivers/CMSIS/Device/ST/STM32L4xx/Include -I../Middlewares/Third_Party/FreeRTOS/Source/include -I../Middlewares/Third_Party/FreeRTOS/Source/CMSIS_RTOS -I../Drivers/CMSIS/Include -Os -ffunction-sections -fdata-sections -g -fstack-usage -Wall -specs=nano.specs -o Drivers\STM32L4xx_HAL_Driver\Src\stm32l4xx_hal_tim_ex.o ..\Drivers\STM32L4xx_HAL_Driver\Src\stm32l4xx_hal_tim_ex.c 
arm-atollic-eabi-gcc -c -mthumb -mcpu=cortex-m4 -mfloat-abi=hard -mfpu=fpv4-sp-d16 -std=gnu11 -D__weak=__attribute__((weak)) -D__packed=__attribute__((__packed__)) -DUSE_HAL_DRIVER -DSTM32L475xx -I../Inc -I../Drivers/STM32L4xx_HAL_Driver/Inc -I../Drivers/STM32L4xx_HAL_Driver/Inc/Legacy -I../Middlewares/Third_Party/FreeRTOS/Source/portable/GCC/ARM_CM4F -I../Drivers/CMSIS/Device/ST/STM32L4xx/Include -I../Middlewares/Third_Party/FreeRTOS/Source/include -I../Middlewares/Third_Party/FreeRTOS/Source/CMSIS_RTOS -I../Drivers/CMSIS/Include -Os -ffunction-sections -fdata-sections -g -fstack-usage -Wall -specs=nano.specs -o Drivers\STM32L4xx_HAL_Driver\Src\stm32l4xx_hal_pcd_ex.o ..\Drivers\STM32L4xx_HAL_Driver\Src\stm32l4xx_hal_pcd_ex.c 
arm-atollic-eabi-gcc -o XDDDDDDD.elf Drivers\STM32L4xx_HAL_Driver\Src\stm32l4xx_hal.o Drivers\STM32L4xx_HAL_Driver\Src\stm32l4xx_hal_cortex.o Drivers\STM32L4xx_HAL_Driver\Src\stm32l4xx_hal_dfsdm.o Drivers\STM32L4xx_HAL_Driver\Src\stm32l4xx_hal_dma.o Drivers\STM32L4xx_HAL_Driver\Src\stm32l4xx_hal_dma_ex.o Drivers\STM32L4xx_HAL_Driver\Src\stm32l4xx_hal_flash.o Drivers\STM32L4xx_HAL_Driver\Src\stm32l4xx_hal_flash_ex.o Drivers\STM32L4xx_HAL_Driver\Src\stm32l4xx_hal_flash_ramfunc.o Drivers\STM32L4xx_HAL_Driver\Src\stm32l4xx_hal_gpio.o Drivers\STM32L4xx_HAL_Driver\Src\stm32l4xx_hal_i2c.o Drivers\STM32L4xx_HAL_Driver\Src\stm32l4xx_hal_i2c_ex.o Drivers\STM32L4xx_HAL_Driver\Src\stm32l4xx_hal_pcd.o Drivers\STM32L4xx_HAL_Driver\Src\stm32l4xx_hal_pcd_ex.o Drivers\STM32L4xx_HAL_Driver\Src\stm32l4xx_hal_pwr.o Drivers\STM32L4xx_HAL_Driver\Src\stm32l4xx_hal_pwr_ex.o Drivers\STM32L4xx_HAL_Driver\Src\stm32l4xx_hal_qspi.o Drivers\STM32L4xx_HAL_Driver\Src\stm32l4xx_hal_rcc.o Drivers\STM32L4xx_HAL_Driver\Src\stm32l4xx_hal_rcc_ex.o Drivers\STM32L4xx_HAL_Driver\Src\stm32l4xx_hal_spi.o Drivers\STM32L4xx_HAL_Driver\Src\stm32l4xx_hal_spi_ex.o Drivers\STM32L4xx_HAL_Driver\Src\stm32l4xx_hal_tim.o Drivers\STM32L4xx_HAL_Driver\Src\stm32l4xx_hal_tim_ex.o Drivers\STM32L4xx_HAL_Driver\Src\stm32l4xx_hal_uart.o Drivers\STM32L4xx_HAL_Driver\Src\stm32l4xx_hal_uart_ex.o Drivers\STM32L4xx_HAL_Driver\Src\stm32l4xx_ll_usb.o Middlewares\Third_Party\FreeRTOS\Source\CMSIS_RTOS\cmsis_os.o Middlewares\Third_Party\FreeRTOS\Source\croutine.o Middlewares\Third_Party\FreeRTOS\Source\event_groups.o Middlewares\Third_Party\FreeRTOS\Source\list.o Middlewares\Third_Party\FreeRTOS\Source\portable\GCC\ARM_CM4F\port.o Middlewares\Third_Party\FreeRTOS\Source\portable\MemMang\heap_4.o Middlewares\Third_Party\FreeRTOS\Source\queue.o Middlewares\Third_Party\FreeRTOS\Source\stream_buffer.o Middlewares\Third_Party\FreeRTOS\Source\tasks.o Middlewares\Third_Party\FreeRTOS\Source\timers.o Src\es_wifi.o Src\es_wifi_io.o Src\freertos.o Src\main.o Src\stm32l4xx_hal_msp.o Src\stm32l4xx_hal_timebase_TIM.o Src\stm32l4xx_it.o Src\system_stm32l4xx.o Src\wifi.o startup\startup_stm32l475xx.o -mthumb -mcpu=cortex-m4 -mfloat-abi=hard -mfpu=fpv4-sp-d16 -T../STM32L475VG_FLASH.ld -specs=nosys.specs -static -Wl,-Map=XDDDDDDD.map -Wl,--gc-sections -Wl,--defsym=malloc_getpagesize_P=0x80 -Wl,--start-group -lc -lm -Wl,--end-group -specs=nano.specs 
C:\Program Files (x86)\Atollic\TrueSTUDIO for STM32 9.0.1\ide\jre\bin\java -jar C:\Program Files (x86)\Atollic\TrueSTUDIO for STM32 9.0.1\Tools\arm-atollic-reports.jar sizeinfo list XDDDDDDD.elf 
Generate build reports...
Print size information
   text	   data	    bss	    dec	    hex	filename
  27448	    116	   8656	  36220	   8d7c	XDDDDDDD.elf
Print size information done
Generate listing file
Output sent to: XDDDDDDD.list
Generate listing file done
Generate build reports done
arm-atollic-eabi-objcopy.exe -O ihex XDDDDDDD.elf XDDDDDDD.hex 
Info: Nothing to build for XDDDDDDD
Info: Nothing to build for XDDDDDDD
15:20:59 **** Incremental Build of configuration Debug for project XDDDDDDD ****
Info: Internal Builder is used for build
arm-atollic-eabi-gcc -c -mthumb -mcpu=cortex-m4 -mfloat-abi=hard -mfpu=fpv4-sp-d16 -std=gnu11 -D__weak=__attribute__((weak)) -D__packed=__attribute__((__packed__)) -DUSE_HAL_DRIVER -DSTM32L475xx -I../Inc -I../Drivers/STM32L4xx_HAL_Driver/Inc -I../Drivers/STM32L4xx_HAL_Driver/Inc/Legacy -I../Middlewares/Third_Party/FreeRTOS/Source/portable/GCC/ARM_CM4F -I../Drivers/CMSIS/Device/ST/STM32L4xx/Include -I../Middlewares/Third_Party/FreeRTOS/Source/include -I../Middlewares/Third_Party/FreeRTOS/Source/CMSIS_RTOS -I../Drivers/CMSIS/Include -Os -ffunction-sections -fdata-sections -g -fstack-usage -Wall -specs=nano.specs -o Src\main.o ..\Src\main.c 
In file included from ..\Src\main.c:50:0:
..\Src\main.c: In function 'StartDefaultTask':
../Inc/main.h:247:20: warning: pointer targets in passing argument 1 of 'WIFI_ConfigureAP' differ in signedness [-Wpointer-sign]
 #define MYSSID     "vehicle"
                    ^
..\Src\main.c:817:19: note: in expansion of macro 'MYSSID'
  WIFI_ConfigureAP(MYSSID, PASSWORD, WIFI_ECN_WPA2_PSK, 10, 10);
                   ^~~~~~
In file included from ..\Src\main.c:56:0:
../Inc/wifi.h:148:21: note: expected 'uint8_t * {aka unsigned char *}' but argument is of type 'char *'
 WIFI_Status_t       WIFI_ConfigureAP(
                     ^~~~~~~~~~~~~~~~
In file included from ..\Src\main.c:50:0:
../Inc/main.h:248:18: warning: pointer targets in passing argument 2 of 'WIFI_ConfigureAP' differ in signedness [-Wpointer-sign]
 #define PASSWORD "j38acd1sa"
                  ^
..\Src\main.c:817:27: note: in expansion of macro 'PASSWORD'
  WIFI_ConfigureAP(MYSSID, PASSWORD, WIFI_ECN_WPA2_PSK, 10, 10);
                           ^~~~~~~~
In file included from ..\Src\main.c:56:0:
../Inc/wifi.h:148:21: note: expected 'uint8_t * {aka unsigned char *}' but argument is of type 'char *'
 WIFI_Status_t       WIFI_ConfigureAP(
                     ^~~~~~~~~~~~~~~~
..\Src\main.c:820:11: warning: unused variable 'datalen' [-Wunused-variable]
  uint16_t datalen;
           ^~~~~~~
..\Src\main.c:819:10: warning: unused variable 'buff' [-Wunused-variable]
  uint8_t buff[100];
          ^~~~
arm-atollic-eabi-gcc -o XDDDDDDD.elf Drivers\STM32L4xx_HAL_Driver\Src\stm32l4xx_hal.o Drivers\STM32L4xx_HAL_Driver\Src\stm32l4xx_hal_cortex.o Drivers\STM32L4xx_HAL_Driver\Src\stm32l4xx_hal_dfsdm.o Drivers\STM32L4xx_HAL_Driver\Src\stm32l4xx_hal_dma.o Drivers\STM32L4xx_HAL_Driver\Src\stm32l4xx_hal_dma_ex.o Drivers\STM32L4xx_HAL_Driver\Src\stm32l4xx_hal_flash.o Drivers\STM32L4xx_HAL_Driver\Src\stm32l4xx_hal_flash_ex.o Drivers\STM32L4xx_HAL_Driver\Src\stm32l4xx_hal_flash_ramfunc.o Drivers\STM32L4xx_HAL_Driver\Src\stm32l4xx_hal_gpio.o Drivers\STM32L4xx_HAL_Driver\Src\stm32l4xx_hal_i2c.o Drivers\STM32L4xx_HAL_Driver\Src\stm32l4xx_hal_i2c_ex.o Drivers\STM32L4xx_HAL_Driver\Src\stm32l4xx_hal_pcd.o Drivers\STM32L4xx_HAL_Driver\Src\stm32l4xx_hal_pcd_ex.o Drivers\STM32L4xx_HAL_Driver\Src\stm32l4xx_hal_pwr.o Drivers\STM32L4xx_HAL_Driver\Src\stm32l4xx_hal_pwr_ex.o Drivers\STM32L4xx_HAL_Driver\Src\stm32l4xx_hal_qspi.o Drivers\STM32L4xx_HAL_Driver\Src\stm32l4xx_hal_rcc.o Drivers\STM32L4xx_HAL_Driver\Src\stm32l4xx_hal_rcc_ex.o Drivers\STM32L4xx_HAL_Driver\Src\stm32l4xx_hal_spi.o Drivers\STM32L4xx_HAL_Driver\Src\stm32l4xx_hal_spi_ex.o Drivers\STM32L4xx_HAL_Driver\Src\stm32l4xx_hal_tim.o Drivers\STM32L4xx_HAL_Driver\Src\stm32l4xx_hal_tim_ex.o Drivers\STM32L4xx_HAL_Driver\Src\stm32l4xx_hal_uart.o Drivers\STM32L4xx_HAL_Driver\Src\stm32l4xx_hal_uart_ex.o Drivers\STM32L4xx_HAL_Driver\Src\stm32l4xx_ll_usb.o Middlewares\Third_Party\FreeRTOS\Source\CMSIS_RTOS\cmsis_os.o Middlewares\Third_Party\FreeRTOS\Source\croutine.o Middlewares\Third_Party\FreeRTOS\Source\event_groups.o Middlewares\Third_Party\FreeRTOS\Source\list.o Middlewares\Third_Party\FreeRTOS\Source\portable\GCC\ARM_CM4F\port.o Middlewares\Third_Party\FreeRTOS\Source\portable\MemMang\heap_4.o Middlewares\Third_Party\FreeRTOS\Source\queue.o Middlewares\Third_Party\FreeRTOS\Source\stream_buffer.o Middlewares\Third_Party\FreeRTOS\Source\tasks.o Middlewares\Third_Party\FreeRTOS\Source\timers.o Src\es_wifi.o Src\es_wifi_io.o Src\freertos.o Src\main.o Src\stm32l4xx_hal_msp.o Src\stm32l4xx_hal_timebase_TIM.o Src\stm32l4xx_it.o Src\system_stm32l4xx.o Src\wifi.o startup\startup_stm32l475xx.o -mthumb -mcpu=cortex-m4 -mfloat-abi=hard -mfpu=fpv4-sp-d16 -T../STM32L475VG_FLASH.ld -specs=nosys.specs -static -Wl,-Map=XDDDDDDD.map -Wl,--gc-sections -Wl,--defsym=malloc_getpagesize_P=0x80 -Wl,--start-group -lc -lm -Wl,--end-group -specs=nano.specs 
C:\Program Files (x86)\Atollic\TrueSTUDIO for STM32 9.0.1\ide\jre\bin\java -jar C:\Program Files (x86)\Atollic\TrueSTUDIO for STM32 9.0.1\Tools\arm-atollic-reports.jar sizeinfo list XDDDDDDD.elf 
Generate build reports...
Print size information
   text	   data	    bss	    dec	    hex	filename
  27144	    116	   8656	  35916	   8c4c	XDDDDDDD.elf
Print size information done
Generate listing file
Output sent to: XDDDDDDD.list
Generate listing file done
Generate build reports done
arm-atollic-eabi-objcopy.exe -O ihex XDDDDDDD.elf XDDDDDDD.hex 
Info: Nothing to build for XDDDDDDD
15:23:21 **** Incremental Build of configuration Debug for project XDDDDDDD ****
Info: Internal Builder is used for build
arm-atollic-eabi-gcc -c -mthumb -mcpu=cortex-m4 -mfloat-abi=hard -mfpu=fpv4-sp-d16 -std=gnu11 -D__weak=__attribute__((weak)) -D__packed=__attribute__((__packed__)) -DUSE_HAL_DRIVER -DSTM32L475xx -I../Inc -I../Drivers/STM32L4xx_HAL_Driver/Inc -I../Drivers/STM32L4xx_HAL_Driver/Inc/Legacy -I../Middlewares/Third_Party/FreeRTOS/Source/portable/GCC/ARM_CM4F -I../Drivers/CMSIS/Device/ST/STM32L4xx/Include -I../Middlewares/Third_Party/FreeRTOS/Source/include -I../Middlewares/Third_Party/FreeRTOS/Source/CMSIS_RTOS -I../Drivers/CMSIS/Include -Os -ffunction-sections -fdata-sections -g -fstack-usage -Wall -specs=nano.specs -o Src\main.o ..\Src\main.c 
arm-atollic-eabi-gcc -o XDDDDDDD.elf Drivers\STM32L4xx_HAL_Driver\Src\stm32l4xx_hal.o Drivers\STM32L4xx_HAL_Driver\Src\stm32l4xx_hal_cortex.o Drivers\STM32L4xx_HAL_Driver\Src\stm32l4xx_hal_dfsdm.o Drivers\STM32L4xx_HAL_Driver\Src\stm32l4xx_hal_dma.o Drivers\STM32L4xx_HAL_Driver\Src\stm32l4xx_hal_dma_ex.o Drivers\STM32L4xx_HAL_Driver\Src\stm32l4xx_hal_flash.o Drivers\STM32L4xx_HAL_Driver\Src\stm32l4xx_hal_flash_ex.o Drivers\STM32L4xx_HAL_Driver\Src\stm32l4xx_hal_flash_ramfunc.o Drivers\STM32L4xx_HAL_Driver\Src\stm32l4xx_hal_gpio.o Drivers\STM32L4xx_HAL_Driver\Src\stm32l4xx_hal_i2c.o Drivers\STM32L4xx_HAL_Driver\Src\stm32l4xx_hal_i2c_ex.o Drivers\STM32L4xx_HAL_Driver\Src\stm32l4xx_hal_pcd.o Drivers\STM32L4xx_HAL_Driver\Src\stm32l4xx_hal_pcd_ex.o Drivers\STM32L4xx_HAL_Driver\Src\stm32l4xx_hal_pwr.o Drivers\STM32L4xx_HAL_Driver\Src\stm32l4xx_hal_pwr_ex.o Drivers\STM32L4xx_HAL_Driver\Src\stm32l4xx_hal_qspi.o Drivers\STM32L4xx_HAL_Driver\Src\stm32l4xx_hal_rcc.o Drivers\STM32L4xx_HAL_Driver\Src\stm32l4xx_hal_rcc_ex.o Drivers\STM32L4xx_HAL_Driver\Src\stm32l4xx_hal_spi.o Drivers\STM32L4xx_HAL_Driver\Src\stm32l4xx_hal_spi_ex.o Drivers\STM32L4xx_HAL_Driver\Src\stm32l4xx_hal_tim.o Drivers\STM32L4xx_HAL_Driver\Src\stm32l4xx_hal_tim_ex.o Drivers\STM32L4xx_HAL_Driver\Src\stm32l4xx_hal_uart.o Drivers\STM32L4xx_HAL_Driver\Src\stm32l4xx_hal_uart_ex.o Drivers\STM32L4xx_HAL_Driver\Src\stm32l4xx_ll_usb.o Middlewares\Third_Party\FreeRTOS\Source\CMSIS_RTOS\cmsis_os.o Middlewares\Third_Party\FreeRTOS\Source\croutine.o Middlewares\Third_Party\FreeRTOS\Source\event_groups.o Middlewares\Third_Party\FreeRTOS\Source\list.o Middlewares\Third_Party\FreeRTOS\Source\portable\GCC\ARM_CM4F\port.o Middlewares\Third_Party\FreeRTOS\Source\portable\MemMang\heap_4.o Middlewares\Third_Party\FreeRTOS\Source\queue.o Middlewares\Third_Party\FreeRTOS\Source\stream_buffer.o Middlewares\Third_Party\FreeRTOS\Source\tasks.o Middlewares\Third_Party\FreeRTOS\Source\timers.o Src\es_wifi.o Src\es_wifi_io.o Src\freertos.o Src\main.o Src\stm32l4xx_hal_msp.o Src\stm32l4xx_hal_timebase_TIM.o Src\stm32l4xx_it.o Src\system_stm32l4xx.o Src\wifi.o startup\startup_stm32l475xx.o -mthumb -mcpu=cortex-m4 -mfloat-abi=hard -mfpu=fpv4-sp-d16 -T../STM32L475VG_FLASH.ld -specs=nosys.specs -static -Wl,-Map=XDDDDDDD.map -Wl,--gc-sections -Wl,--defsym=malloc_getpagesize_P=0x80 -Wl,--start-group -lc -lm -Wl,--end-group -specs=nano.specs 
C:\Program Files (x86)\Atollic\TrueSTUDIO for STM32 9.0.1\ide\jre\bin\java -jar C:\Program Files (x86)\Atollic\TrueSTUDIO for STM32 9.0.1\Tools\arm-atollic-reports.jar sizeinfo list XDDDDDDD.elf 
Generate build reports...
Print size information
   text	   data	    bss	    dec	    hex	filename
  17136	     16	   6644	  23796	   5cf4	XDDDDDDD.elf
Print size information done
Generate listing file
Output sent to: XDDDDDDD.list
Generate listing file done
Generate build reports done
arm-atollic-eabi-objcopy.exe -O ihex XDDDDDDD.elf XDDDDDDD.hex 
Info: Nothing to build for XDDDDDDD
Info: Nothing to build for XDDDDDDD
15:25:36 **** Incremental Build of configuration Debug for project XDDDDDDD ****
Info: Internal Builder is used for build
arm-atollic-eabi-gcc -c -mthumb -mcpu=cortex-m4 -mfloat-abi=hard -mfpu=fpv4-sp-d16 -std=gnu11 -D__weak=__attribute__((weak)) -D__packed=__attribute__((__packed__)) -DUSE_HAL_DRIVER -DSTM32L475xx -I../Inc -I../Drivers/STM32L4xx_HAL_Driver/Inc -I../Drivers/STM32L4xx_HAL_Driver/Inc/Legacy -I../Middlewares/Third_Party/FreeRTOS/Source/portable/GCC/ARM_CM4F -I../Drivers/CMSIS/Device/ST/STM32L4xx/Include -I../Middlewares/Third_Party/FreeRTOS/Source/include -I../Middlewares/Third_Party/FreeRTOS/Source/CMSIS_RTOS -I../Drivers/CMSIS/Include -Os -ffunction-sections -fdata-sections -g -fstack-usage -Wall -specs=nano.specs -o Src\main.o ..\Src\main.c 
In file included from ..\Src\main.c:50:0:
..\Src\main.c: In function 'StartDefaultTask':
../Inc/main.h:247:20: warning: pointer targets in passing argument 1 of 'WIFI_ConfigureAP' differ in signedness [-Wpointer-sign]
 #define MYSSID     "vehicle"
                    ^
..\Src\main.c:815:19: note: in expansion of macro 'MYSSID'
  WIFI_ConfigureAP(MYSSID, PASSWORD, WIFI_ECN_WPA2_PSK, 10, 10);
                   ^~~~~~
In file included from ..\Src\main.c:56:0:
../Inc/wifi.h:148:21: note: expected 'uint8_t * {aka unsigned char *}' but argument is of type 'char *'
 WIFI_Status_t       WIFI_ConfigureAP(
                     ^~~~~~~~~~~~~~~~
In file included from ..\Src\main.c:50:0:
../Inc/main.h:248:18: warning: pointer targets in passing argument 2 of 'WIFI_ConfigureAP' differ in signedness [-Wpointer-sign]
 #define PASSWORD "j38acd1sa"
                  ^
..\Src\main.c:815:27: note: in expansion of macro 'PASSWORD'
  WIFI_ConfigureAP(MYSSID, PASSWORD, WIFI_ECN_WPA2_PSK, 10, 10);
                           ^~~~~~~~
In file included from ..\Src\main.c:56:0:
../Inc/wifi.h:148:21: note: expected 'uint8_t * {aka unsigned char *}' but argument is of type 'char *'
 WIFI_Status_t       WIFI_ConfigureAP(
                     ^~~~~~~~~~~~~~~~
..\Src\main.c:816:19: error: 'socket' undeclared (first use in this function)
  WIFI_StartServer(socket, WIFI_UDP_PROTOCOL, "ala123", 2137);
                   ^~~~~~
..\Src\main.c:816:19: note: each undeclared identifier is reported only once for each function it appears in
15:25:45 **** Incremental Build of configuration Debug for project XDDDDDDD ****
Info: Internal Builder is used for build
arm-atollic-eabi-gcc -c -mthumb -mcpu=cortex-m4 -mfloat-abi=hard -mfpu=fpv4-sp-d16 -std=gnu11 -D__weak=__attribute__((weak)) -D__packed=__attribute__((__packed__)) -DUSE_HAL_DRIVER -DSTM32L475xx -I../Inc -I../Drivers/STM32L4xx_HAL_Driver/Inc -I../Drivers/STM32L4xx_HAL_Driver/Inc/Legacy -I../Middlewares/Third_Party/FreeRTOS/Source/portable/GCC/ARM_CM4F -I../Drivers/CMSIS/Device/ST/STM32L4xx/Include -I../Middlewares/Third_Party/FreeRTOS/Source/include -I../Middlewares/Third_Party/FreeRTOS/Source/CMSIS_RTOS -I../Drivers/CMSIS/Include -Os -ffunction-sections -fdata-sections -g -fstack-usage -Wall -specs=nano.specs -o Src\main.o ..\Src\main.c 
In file included from ..\Src\main.c:50:0:
..\Src\main.c: In function 'StartDefaultTask':
../Inc/main.h:247:20: warning: pointer targets in passing argument 1 of 'WIFI_ConfigureAP' differ in signedness [-Wpointer-sign]
 #define MYSSID     "vehicle"
                    ^
..\Src\main.c:815:19: note: in expansion of macro 'MYSSID'
  WIFI_ConfigureAP(MYSSID, PASSWORD, WIFI_ECN_WPA2_PSK, 10, 10);
                   ^~~~~~
In file included from ..\Src\main.c:56:0:
../Inc/wifi.h:148:21: note: expected 'uint8_t * {aka unsigned char *}' but argument is of type 'char *'
 WIFI_Status_t       WIFI_ConfigureAP(
                     ^~~~~~~~~~~~~~~~
In file included from ..\Src\main.c:50:0:
../Inc/main.h:248:18: warning: pointer targets in passing argument 2 of 'WIFI_ConfigureAP' differ in signedness [-Wpointer-sign]
 #define PASSWORD "j38acd1sa"
                  ^
..\Src\main.c:815:27: note: in expansion of macro 'PASSWORD'
  WIFI_ConfigureAP(MYSSID, PASSWORD, WIFI_ECN_WPA2_PSK, 10, 10);
                           ^~~~~~~~
In file included from ..\Src\main.c:56:0:
../Inc/wifi.h:148:21: note: expected 'uint8_t * {aka unsigned char *}' but argument is of type 'char *'
 WIFI_Status_t       WIFI_ConfigureAP(
                     ^~~~~~~~~~~~~~~~
arm-atollic-eabi-gcc -o XDDDDDDD.elf Drivers\STM32L4xx_HAL_Driver\Src\stm32l4xx_hal.o Drivers\STM32L4xx_HAL_Driver\Src\stm32l4xx_hal_cortex.o Drivers\STM32L4xx_HAL_Driver\Src\stm32l4xx_hal_dfsdm.o Drivers\STM32L4xx_HAL_Driver\Src\stm32l4xx_hal_dma.o Drivers\STM32L4xx_HAL_Driver\Src\stm32l4xx_hal_dma_ex.o Drivers\STM32L4xx_HAL_Driver\Src\stm32l4xx_hal_flash.o Drivers\STM32L4xx_HAL_Driver\Src\stm32l4xx_hal_flash_ex.o Drivers\STM32L4xx_HAL_Driver\Src\stm32l4xx_hal_flash_ramfunc.o Drivers\STM32L4xx_HAL_Driver\Src\stm32l4xx_hal_gpio.o Drivers\STM32L4xx_HAL_Driver\Src\stm32l4xx_hal_i2c.o Drivers\STM32L4xx_HAL_Driver\Src\stm32l4xx_hal_i2c_ex.o Drivers\STM32L4xx_HAL_Driver\Src\stm32l4xx_hal_pcd.o Drivers\STM32L4xx_HAL_Driver\Src\stm32l4xx_hal_pcd_ex.o Drivers\STM32L4xx_HAL_Driver\Src\stm32l4xx_hal_pwr.o Drivers\STM32L4xx_HAL_Driver\Src\stm32l4xx_hal_pwr_ex.o Drivers\STM32L4xx_HAL_Driver\Src\stm32l4xx_hal_qspi.o Drivers\STM32L4xx_HAL_Driver\Src\stm32l4xx_hal_rcc.o Drivers\STM32L4xx_HAL_Driver\Src\stm32l4xx_hal_rcc_ex.o Drivers\STM32L4xx_HAL_Driver\Src\stm32l4xx_hal_spi.o Drivers\STM32L4xx_HAL_Driver\Src\stm32l4xx_hal_spi_ex.o Drivers\STM32L4xx_HAL_Driver\Src\stm32l4xx_hal_tim.o Drivers\STM32L4xx_HAL_Driver\Src\stm32l4xx_hal_tim_ex.o Drivers\STM32L4xx_HAL_Driver\Src\stm32l4xx_hal_uart.o Drivers\STM32L4xx_HAL_Driver\Src\stm32l4xx_hal_uart_ex.o Drivers\STM32L4xx_HAL_Driver\Src\stm32l4xx_ll_usb.o Middlewares\Third_Party\FreeRTOS\Source\CMSIS_RTOS\cmsis_os.o Middlewares\Third_Party\FreeRTOS\Source\croutine.o Middlewares\Third_Party\FreeRTOS\Source\event_groups.o Middlewares\Third_Party\FreeRTOS\Source\list.o Middlewares\Third_Party\FreeRTOS\Source\portable\GCC\ARM_CM4F\port.o Middlewares\Third_Party\FreeRTOS\Source\portable\MemMang\heap_4.o Middlewares\Third_Party\FreeRTOS\Source\queue.o Middlewares\Third_Party\FreeRTOS\Source\stream_buffer.o Middlewares\Third_Party\FreeRTOS\Source\tasks.o Middlewares\Third_Party\FreeRTOS\Source\timers.o Src\es_wifi.o Src\es_wifi_io.o Src\freertos.o Src\main.o Src\stm32l4xx_hal_msp.o Src\stm32l4xx_hal_timebase_TIM.o Src\stm32l4xx_it.o Src\system_stm32l4xx.o Src\wifi.o startup\startup_stm32l475xx.o -mthumb -mcpu=cortex-m4 -mfloat-abi=hard -mfpu=fpv4-sp-d16 -T../STM32L475VG_FLASH.ld -specs=nosys.specs -static -Wl,-Map=XDDDDDDD.map -Wl,--gc-sections -Wl,--defsym=malloc_getpagesize_P=0x80 -Wl,--start-group -lc -lm -Wl,--end-group -specs=nano.specs 
C:\Program Files (x86)\Atollic\TrueSTUDIO for STM32 9.0.1\ide\jre\bin\java -jar C:\Program Files (x86)\Atollic\TrueSTUDIO for STM32 9.0.1\Tools\arm-atollic-reports.jar sizeinfo list XDDDDDDD.elf 
Generate build reports...
Print size information
   text	   data	    bss	    dec	    hex	filename
  24252	    116	   8656	  33024	   8100	XDDDDDDD.elf
Print size information done
Generate listing file
Output sent to: XDDDDDDD.list
Generate listing file done
Generate build reports done
arm-atollic-eabi-objcopy.exe -O ihex XDDDDDDD.elf XDDDDDDD.hex 
15:26:58 **** Incremental Build of configuration Debug for project XDDDDDDD ****
Info: Internal Builder is used for build
arm-atollic-eabi-gcc -c -mthumb -mcpu=cortex-m4 -mfloat-abi=hard -mfpu=fpv4-sp-d16 -std=gnu11 -D__weak=__attribute__((weak)) -D__packed=__attribute__((__packed__)) -DUSE_HAL_DRIVER -DSTM32L475xx -I../Inc -I../Drivers/STM32L4xx_HAL_Driver/Inc -I../Drivers/STM32L4xx_HAL_Driver/Inc/Legacy -I../Middlewares/Third_Party/FreeRTOS/Source/portable/GCC/ARM_CM4F -I../Drivers/CMSIS/Device/ST/STM32L4xx/Include -I../Middlewares/Third_Party/FreeRTOS/Source/include -I../Middlewares/Third_Party/FreeRTOS/Source/CMSIS_RTOS -I../Drivers/CMSIS/Include -Os -ffunction-sections -fdata-sections -g -fstack-usage -Wall -specs=nano.specs -o Src\main.o ..\Src\main.c 
In file included from ..\Src\main.c:50:0:
..\Src\main.c: In function 'StartDefaultTask':
../Inc/main.h:247:20: warning: pointer targets in passing argument 1 of 'WIFI_ConfigureAP' differ in signedness [-Wpointer-sign]
 #define MYSSID     "vehicle"
                    ^
..\Src\main.c:815:19: note: in expansion of macro 'MYSSID'
  WIFI_ConfigureAP(MYSSID, PASSWORD, WIFI_ECN_WPA2_PSK, 10, 10);
                   ^~~~~~
In file included from ..\Src\main.c:56:0:
../Inc/wifi.h:148:21: note: expected 'uint8_t * {aka unsigned char *}' but argument is of type 'char *'
 WIFI_Status_t       WIFI_ConfigureAP(
                     ^~~~~~~~~~~~~~~~
In file included from ..\Src\main.c:50:0:
../Inc/main.h:248:18: warning: pointer targets in passing argument 2 of 'WIFI_ConfigureAP' differ in signedness [-Wpointer-sign]
 #define PASSWORD "j38acd1sa"
                  ^
..\Src\main.c:815:27: note: in expansion of macro 'PASSWORD'
  WIFI_ConfigureAP(MYSSID, PASSWORD, WIFI_ECN_WPA2_PSK, 10, 10);
                           ^~~~~~~~
In file included from ..\Src\main.c:56:0:
../Inc/wifi.h:148:21: note: expected 'uint8_t * {aka unsigned char *}' but argument is of type 'char *'
 WIFI_Status_t       WIFI_ConfigureAP(
                     ^~~~~~~~~~~~~~~~
..\Src\main.c:799:11: warning: unused variable 'socket' [-Wunused-variable]
  uint32_t socket = 2137;
           ^~~~~~
arm-atollic-eabi-gcc -o XDDDDDDD.elf Drivers\STM32L4xx_HAL_Driver\Src\stm32l4xx_hal.o Drivers\STM32L4xx_HAL_Driver\Src\stm32l4xx_hal_cortex.o Drivers\STM32L4xx_HAL_Driver\Src\stm32l4xx_hal_dfsdm.o Drivers\STM32L4xx_HAL_Driver\Src\stm32l4xx_hal_dma.o Drivers\STM32L4xx_HAL_Driver\Src\stm32l4xx_hal_dma_ex.o Drivers\STM32L4xx_HAL_Driver\Src\stm32l4xx_hal_flash.o Drivers\STM32L4xx_HAL_Driver\Src\stm32l4xx_hal_flash_ex.o Drivers\STM32L4xx_HAL_Driver\Src\stm32l4xx_hal_flash_ramfunc.o Drivers\STM32L4xx_HAL_Driver\Src\stm32l4xx_hal_gpio.o Drivers\STM32L4xx_HAL_Driver\Src\stm32l4xx_hal_i2c.o Drivers\STM32L4xx_HAL_Driver\Src\stm32l4xx_hal_i2c_ex.o Drivers\STM32L4xx_HAL_Driver\Src\stm32l4xx_hal_pcd.o Drivers\STM32L4xx_HAL_Driver\Src\stm32l4xx_hal_pcd_ex.o Drivers\STM32L4xx_HAL_Driver\Src\stm32l4xx_hal_pwr.o Drivers\STM32L4xx_HAL_Driver\Src\stm32l4xx_hal_pwr_ex.o Drivers\STM32L4xx_HAL_Driver\Src\stm32l4xx_hal_qspi.o Drivers\STM32L4xx_HAL_Driver\Src\stm32l4xx_hal_rcc.o Drivers\STM32L4xx_HAL_Driver\Src\stm32l4xx_hal_rcc_ex.o Drivers\STM32L4xx_HAL_Driver\Src\stm32l4xx_hal_spi.o Drivers\STM32L4xx_HAL_Driver\Src\stm32l4xx_hal_spi_ex.o Drivers\STM32L4xx_HAL_Driver\Src\stm32l4xx_hal_tim.o Drivers\STM32L4xx_HAL_Driver\Src\stm32l4xx_hal_tim_ex.o Drivers\STM32L4xx_HAL_Driver\Src\stm32l4xx_hal_uart.o Drivers\STM32L4xx_HAL_Driver\Src\stm32l4xx_hal_uart_ex.o Drivers\STM32L4xx_HAL_Driver\Src\stm32l4xx_ll_usb.o Middlewares\Third_Party\FreeRTOS\Source\CMSIS_RTOS\cmsis_os.o Middlewares\Third_Party\FreeRTOS\Source\croutine.o Middlewares\Third_Party\FreeRTOS\Source\event_groups.o Middlewares\Third_Party\FreeRTOS\Source\list.o Middlewares\Third_Party\FreeRTOS\Source\portable\GCC\ARM_CM4F\port.o Middlewares\Third_Party\FreeRTOS\Source\portable\MemMang\heap_4.o Middlewares\Third_Party\FreeRTOS\Source\queue.o Middlewares\Third_Party\FreeRTOS\Source\stream_buffer.o Middlewares\Third_Party\FreeRTOS\Source\tasks.o Middlewares\Third_Party\FreeRTOS\Source\timers.o Src\es_wifi.o Src\es_wifi_io.o Src\freertos.o Src\main.o Src\stm32l4xx_hal_msp.o Src\stm32l4xx_hal_timebase_TIM.o Src\stm32l4xx_it.o Src\system_stm32l4xx.o Src\wifi.o startup\startup_stm32l475xx.o -mthumb -mcpu=cortex-m4 -mfloat-abi=hard -mfpu=fpv4-sp-d16 -T../STM32L475VG_FLASH.ld -specs=nosys.specs -static -Wl,-Map=XDDDDDDD.map -Wl,--gc-sections -Wl,--defsym=malloc_getpagesize_P=0x80 -Wl,--start-group -lc -lm -Wl,--end-group -specs=nano.specs 
C:\Program Files (x86)\Atollic\TrueSTUDIO for STM32 9.0.1\ide\jre\bin\java -jar C:\Program Files (x86)\Atollic\TrueSTUDIO for STM32 9.0.1\Tools\arm-atollic-reports.jar sizeinfo list XDDDDDDD.elf 
Generate build reports...
Print size information
   text	   data	    bss	    dec	    hex	filename
  23704	    116	   8656	  32476	   7edc	XDDDDDDD.elf
Print size information done
Generate listing file
Output sent to: XDDDDDDD.list
Generate listing file done
Generate build reports done
arm-atollic-eabi-objcopy.exe -O ihex XDDDDDDD.elf XDDDDDDD.hex 
15:27:55 **** Incremental Build of configuration Debug for project XDDDDDDD ****
Info: Internal Builder is used for build
arm-atollic-eabi-gcc -c -mthumb -mcpu=cortex-m4 -mfloat-abi=hard -mfpu=fpv4-sp-d16 -std=gnu11 -D__weak=__attribute__((weak)) -D__packed=__attribute__((__packed__)) -DUSE_HAL_DRIVER -DSTM32L475xx -I../Inc -I../Drivers/STM32L4xx_HAL_Driver/Inc -I../Drivers/STM32L4xx_HAL_Driver/Inc/Legacy -I../Middlewares/Third_Party/FreeRTOS/Source/portable/GCC/ARM_CM4F -I../Drivers/CMSIS/Device/ST/STM32L4xx/Include -I../Middlewares/Third_Party/FreeRTOS/Source/include -I../Middlewares/Third_Party/FreeRTOS/Source/CMSIS_RTOS -I../Drivers/CMSIS/Include -Os -ffunction-sections -fdata-sections -g -fstack-usage -Wall -specs=nano.specs -o Src\main.o ..\Src\main.c 
..\Src\main.c: In function 'StartDefaultTask':
..\Src\main.c:815:19: warning: cast from pointer to integer of different size [-Wpointer-to-int-cast]
  WIFI_ConfigureAP((uint8_t)MYSSID, (uint8_t)PASSWORD, WIFI_ECN_WPA2_PSK, 10, 10);
                   ^
..\Src\main.c:815:36: warning: cast from pointer to integer of different size [-Wpointer-to-int-cast]
  WIFI_ConfigureAP((uint8_t)MYSSID, (uint8_t)PASSWORD, WIFI_ECN_WPA2_PSK, 10, 10);
                                    ^
..\Src\main.c:815:19: warning: passing argument 1 of 'WIFI_ConfigureAP' makes pointer from integer without a cast [-Wint-conversion]
  WIFI_ConfigureAP((uint8_t)MYSSID, (uint8_t)PASSWORD, WIFI_ECN_WPA2_PSK, 10, 10);
                   ^
In file included from ..\Src\main.c:56:0:
../Inc/wifi.h:148:21: note: expected 'uint8_t * {aka unsigned char *}' but argument is of type 'unsigned char'
 WIFI_Status_t       WIFI_ConfigureAP(
                     ^~~~~~~~~~~~~~~~
..\Src\main.c:815:36: warning: passing argument 2 of 'WIFI_ConfigureAP' makes pointer from integer without a cast [-Wint-conversion]
  WIFI_ConfigureAP((uint8_t)MYSSID, (uint8_t)PASSWORD, WIFI_ECN_WPA2_PSK, 10, 10);
                                    ^
In file included from ..\Src\main.c:56:0:
../Inc/wifi.h:148:21: note: expected 'uint8_t * {aka unsigned char *}' but argument is of type 'unsigned char'
 WIFI_Status_t       WIFI_ConfigureAP(
                     ^~~~~~~~~~~~~~~~
..\Src\main.c:799:11: warning: unused variable 'socket' [-Wunused-variable]
  uint32_t socket = 2137;
           ^~~~~~
arm-atollic-eabi-gcc -o XDDDDDDD.elf Drivers\STM32L4xx_HAL_Driver\Src\stm32l4xx_hal.o Drivers\STM32L4xx_HAL_Driver\Src\stm32l4xx_hal_cortex.o Drivers\STM32L4xx_HAL_Driver\Src\stm32l4xx_hal_dfsdm.o Drivers\STM32L4xx_HAL_Driver\Src\stm32l4xx_hal_dma.o Drivers\STM32L4xx_HAL_Driver\Src\stm32l4xx_hal_dma_ex.o Drivers\STM32L4xx_HAL_Driver\Src\stm32l4xx_hal_flash.o Drivers\STM32L4xx_HAL_Driver\Src\stm32l4xx_hal_flash_ex.o Drivers\STM32L4xx_HAL_Driver\Src\stm32l4xx_hal_flash_ramfunc.o Drivers\STM32L4xx_HAL_Driver\Src\stm32l4xx_hal_gpio.o Drivers\STM32L4xx_HAL_Driver\Src\stm32l4xx_hal_i2c.o Drivers\STM32L4xx_HAL_Driver\Src\stm32l4xx_hal_i2c_ex.o Drivers\STM32L4xx_HAL_Driver\Src\stm32l4xx_hal_pcd.o Drivers\STM32L4xx_HAL_Driver\Src\stm32l4xx_hal_pcd_ex.o Drivers\STM32L4xx_HAL_Driver\Src\stm32l4xx_hal_pwr.o Drivers\STM32L4xx_HAL_Driver\Src\stm32l4xx_hal_pwr_ex.o Drivers\STM32L4xx_HAL_Driver\Src\stm32l4xx_hal_qspi.o Drivers\STM32L4xx_HAL_Driver\Src\stm32l4xx_hal_rcc.o Drivers\STM32L4xx_HAL_Driver\Src\stm32l4xx_hal_rcc_ex.o Drivers\STM32L4xx_HAL_Driver\Src\stm32l4xx_hal_spi.o Drivers\STM32L4xx_HAL_Driver\Src\stm32l4xx_hal_spi_ex.o Drivers\STM32L4xx_HAL_Driver\Src\stm32l4xx_hal_tim.o Drivers\STM32L4xx_HAL_Driver\Src\stm32l4xx_hal_tim_ex.o Drivers\STM32L4xx_HAL_Driver\Src\stm32l4xx_hal_uart.o Drivers\STM32L4xx_HAL_Driver\Src\stm32l4xx_hal_uart_ex.o Drivers\STM32L4xx_HAL_Driver\Src\stm32l4xx_ll_usb.o Middlewares\Third_Party\FreeRTOS\Source\CMSIS_RTOS\cmsis_os.o Middlewares\Third_Party\FreeRTOS\Source\croutine.o Middlewares\Third_Party\FreeRTOS\Source\event_groups.o Middlewares\Third_Party\FreeRTOS\Source\list.o Middlewares\Third_Party\FreeRTOS\Source\portable\GCC\ARM_CM4F\port.o Middlewares\Third_Party\FreeRTOS\Source\portable\MemMang\heap_4.o Middlewares\Third_Party\FreeRTOS\Source\queue.o Middlewares\Third_Party\FreeRTOS\Source\stream_buffer.o Middlewares\Third_Party\FreeRTOS\Source\tasks.o Middlewares\Third_Party\FreeRTOS\Source\timers.o Src\es_wifi.o Src\es_wifi_io.o Src\freertos.o Src\main.o Src\stm32l4xx_hal_msp.o Src\stm32l4xx_hal_timebase_TIM.o Src\stm32l4xx_it.o Src\system_stm32l4xx.o Src\wifi.o startup\startup_stm32l475xx.o -mthumb -mcpu=cortex-m4 -mfloat-abi=hard -mfpu=fpv4-sp-d16 -T../STM32L475VG_FLASH.ld -specs=nosys.specs -static -Wl,-Map=XDDDDDDD.map -Wl,--gc-sections -Wl,--defsym=malloc_getpagesize_P=0x80 -Wl,--start-group -lc -lm -Wl,--end-group -specs=nano.specs 
C:\Program Files (x86)\Atollic\TrueSTUDIO for STM32 9.0.1\ide\jre\bin\java -jar C:\Program Files (x86)\Atollic\TrueSTUDIO for STM32 9.0.1\Tools\arm-atollic-reports.jar sizeinfo list XDDDDDDD.elf 
Generate build reports...
Print size information
   text	   data	    bss	    dec	    hex	filename
  23708	    116	   8656	  32480	   7ee0	XDDDDDDD.elf
Print size information done
Generate listing file
Output sent to: XDDDDDDD.list
Generate listing file done
Generate build reports done
arm-atollic-eabi-objcopy.exe -O ihex XDDDDDDD.elf XDDDDDDD.hex 
15:29:10 **** Incremental Build of configuration Debug for project XDDDDDDD ****
Info: Internal Builder is used for build
arm-atollic-eabi-gcc -c -mthumb -mcpu=cortex-m4 -mfloat-abi=hard -mfpu=fpv4-sp-d16 -std=gnu11 -D__weak=__attribute__((weak)) -D__packed=__attribute__((__packed__)) -DUSE_HAL_DRIVER -DSTM32L475xx -I../Inc -I../Drivers/STM32L4xx_HAL_Driver/Inc -I../Drivers/STM32L4xx_HAL_Driver/Inc/Legacy -I../Middlewares/Third_Party/FreeRTOS/Source/portable/GCC/ARM_CM4F -I../Drivers/CMSIS/Device/ST/STM32L4xx/Include -I../Middlewares/Third_Party/FreeRTOS/Source/include -I../Middlewares/Third_Party/FreeRTOS/Source/CMSIS_RTOS -I../Drivers/CMSIS/Include -Os -ffunction-sections -fdata-sections -g -fstack-usage -Wall -specs=nano.specs -o Src\main.o ..\Src\main.c 
..\Src\main.c: In function 'StartDefaultTask':
..\Src\main.c:815:20: warning: cast from pointer to integer of different size [-Wpointer-to-int-cast]
  WIFI_ConfigureAP(&(uint8_t)MYSSID, &(uint8_t)PASSWORD, WIFI_ECN_WPA2_PSK, 10, 10);
                    ^
..\Src\main.c:815:19: error: lvalue required as unary '&' operand
  WIFI_ConfigureAP(&(uint8_t)MYSSID, &(uint8_t)PASSWORD, WIFI_ECN_WPA2_PSK, 10, 10);
                   ^
..\Src\main.c:815:38: warning: cast from pointer to integer of different size [-Wpointer-to-int-cast]
  WIFI_ConfigureAP(&(uint8_t)MYSSID, &(uint8_t)PASSWORD, WIFI_ECN_WPA2_PSK, 10, 10);
                                      ^
..\Src\main.c:815:37: error: lvalue required as unary '&' operand
  WIFI_ConfigureAP(&(uint8_t)MYSSID, &(uint8_t)PASSWORD, WIFI_ECN_WPA2_PSK, 10, 10);
                                     ^
..\Src\main.c:799:11: warning: unused variable 'socket' [-Wunused-variable]
  uint32_t socket = 2137;
           ^~~~~~
15:29:31 **** Incremental Build of configuration Debug for project XDDDDDDD ****
Info: Internal Builder is used for build
arm-atollic-eabi-gcc -c -mthumb -mcpu=cortex-m4 -mfloat-abi=hard -mfpu=fpv4-sp-d16 -std=gnu11 -D__weak=__attribute__((weak)) -D__packed=__attribute__((__packed__)) -DUSE_HAL_DRIVER -DSTM32L475xx -I../Inc -I../Drivers/STM32L4xx_HAL_Driver/Inc -I../Drivers/STM32L4xx_HAL_Driver/Inc/Legacy -I../Middlewares/Third_Party/FreeRTOS/Source/portable/GCC/ARM_CM4F -I../Drivers/CMSIS/Device/ST/STM32L4xx/Include -I../Middlewares/Third_Party/FreeRTOS/Source/include -I../Middlewares/Third_Party/FreeRTOS/Source/CMSIS_RTOS -I../Drivers/CMSIS/Include -Os -ffunction-sections -fdata-sections -g -fstack-usage -Wall -specs=nano.specs -o Src\main.o ..\Src\main.c 
..\Src\main.c: In function 'StartDefaultTask':
..\Src\main.c:815:19: warning: cast from pointer to integer of different size [-Wpointer-to-int-cast]
  WIFI_ConfigureAP((uint8_t)&MYSSID, (uint8_t)&PASSWORD, WIFI_ECN_WPA2_PSK, 10, 10);
                   ^
..\Src\main.c:815:37: warning: cast from pointer to integer of different size [-Wpointer-to-int-cast]
  WIFI_ConfigureAP((uint8_t)&MYSSID, (uint8_t)&PASSWORD, WIFI_ECN_WPA2_PSK, 10, 10);
                                     ^
..\Src\main.c:815:19: warning: passing argument 1 of 'WIFI_ConfigureAP' makes pointer from integer without a cast [-Wint-conversion]
  WIFI_ConfigureAP((uint8_t)&MYSSID, (uint8_t)&PASSWORD, WIFI_ECN_WPA2_PSK, 10, 10);
                   ^
In file included from ..\Src\main.c:56:0:
../Inc/wifi.h:148:21: note: expected 'uint8_t * {aka unsigned char *}' but argument is of type 'unsigned char'
 WIFI_Status_t       WIFI_ConfigureAP(
                     ^~~~~~~~~~~~~~~~
..\Src\main.c:815:37: warning: passing argument 2 of 'WIFI_ConfigureAP' makes pointer from integer without a cast [-Wint-conversion]
  WIFI_ConfigureAP((uint8_t)&MYSSID, (uint8_t)&PASSWORD, WIFI_ECN_WPA2_PSK, 10, 10);
                                     ^
In file included from ..\Src\main.c:56:0:
../Inc/wifi.h:148:21: note: expected 'uint8_t * {aka unsigned char *}' but argument is of type 'unsigned char'
 WIFI_Status_t       WIFI_ConfigureAP(
                     ^~~~~~~~~~~~~~~~
..\Src\main.c:799:11: warning: unused variable 'socket' [-Wunused-variable]
  uint32_t socket = 2137;
           ^~~~~~
arm-atollic-eabi-gcc -o XDDDDDDD.elf Drivers\STM32L4xx_HAL_Driver\Src\stm32l4xx_hal.o Drivers\STM32L4xx_HAL_Driver\Src\stm32l4xx_hal_cortex.o Drivers\STM32L4xx_HAL_Driver\Src\stm32l4xx_hal_dfsdm.o Drivers\STM32L4xx_HAL_Driver\Src\stm32l4xx_hal_dma.o Drivers\STM32L4xx_HAL_Driver\Src\stm32l4xx_hal_dma_ex.o Drivers\STM32L4xx_HAL_Driver\Src\stm32l4xx_hal_flash.o Drivers\STM32L4xx_HAL_Driver\Src\stm32l4xx_hal_flash_ex.o Drivers\STM32L4xx_HAL_Driver\Src\stm32l4xx_hal_flash_ramfunc.o Drivers\STM32L4xx_HAL_Driver\Src\stm32l4xx_hal_gpio.o Drivers\STM32L4xx_HAL_Driver\Src\stm32l4xx_hal_i2c.o Drivers\STM32L4xx_HAL_Driver\Src\stm32l4xx_hal_i2c_ex.o Drivers\STM32L4xx_HAL_Driver\Src\stm32l4xx_hal_pcd.o Drivers\STM32L4xx_HAL_Driver\Src\stm32l4xx_hal_pcd_ex.o Drivers\STM32L4xx_HAL_Driver\Src\stm32l4xx_hal_pwr.o Drivers\STM32L4xx_HAL_Driver\Src\stm32l4xx_hal_pwr_ex.o Drivers\STM32L4xx_HAL_Driver\Src\stm32l4xx_hal_qspi.o Drivers\STM32L4xx_HAL_Driver\Src\stm32l4xx_hal_rcc.o Drivers\STM32L4xx_HAL_Driver\Src\stm32l4xx_hal_rcc_ex.o Drivers\STM32L4xx_HAL_Driver\Src\stm32l4xx_hal_spi.o Drivers\STM32L4xx_HAL_Driver\Src\stm32l4xx_hal_spi_ex.o Drivers\STM32L4xx_HAL_Driver\Src\stm32l4xx_hal_tim.o Drivers\STM32L4xx_HAL_Driver\Src\stm32l4xx_hal_tim_ex.o Drivers\STM32L4xx_HAL_Driver\Src\stm32l4xx_hal_uart.o Drivers\STM32L4xx_HAL_Driver\Src\stm32l4xx_hal_uart_ex.o Drivers\STM32L4xx_HAL_Driver\Src\stm32l4xx_ll_usb.o Middlewares\Third_Party\FreeRTOS\Source\CMSIS_RTOS\cmsis_os.o Middlewares\Third_Party\FreeRTOS\Source\croutine.o Middlewares\Third_Party\FreeRTOS\Source\event_groups.o Middlewares\Third_Party\FreeRTOS\Source\list.o Middlewares\Third_Party\FreeRTOS\Source\portable\GCC\ARM_CM4F\port.o Middlewares\Third_Party\FreeRTOS\Source\portable\MemMang\heap_4.o Middlewares\Third_Party\FreeRTOS\Source\queue.o Middlewares\Third_Party\FreeRTOS\Source\stream_buffer.o Middlewares\Third_Party\FreeRTOS\Source\tasks.o Middlewares\Third_Party\FreeRTOS\Source\timers.o Src\es_wifi.o Src\es_wifi_io.o Src\freertos.o Src\main.o Src\stm32l4xx_hal_msp.o Src\stm32l4xx_hal_timebase_TIM.o Src\stm32l4xx_it.o Src\system_stm32l4xx.o Src\wifi.o startup\startup_stm32l475xx.o -mthumb -mcpu=cortex-m4 -mfloat-abi=hard -mfpu=fpv4-sp-d16 -T../STM32L475VG_FLASH.ld -specs=nosys.specs -static -Wl,-Map=XDDDDDDD.map -Wl,--gc-sections -Wl,--defsym=malloc_getpagesize_P=0x80 -Wl,--start-group -lc -lm -Wl,--end-group -specs=nano.specs 
C:\Program Files (x86)\Atollic\TrueSTUDIO for STM32 9.0.1\ide\jre\bin\java -jar C:\Program Files (x86)\Atollic\TrueSTUDIO for STM32 9.0.1\Tools\arm-atollic-reports.jar sizeinfo list XDDDDDDD.elf 
Generate build reports...
Print size information
   text	   data	    bss	    dec	    hex	filename
  23708	    116	   8656	  32480	   7ee0	XDDDDDDD.elf
Print size information done
Generate listing file
Output sent to: XDDDDDDD.list
Generate listing file done
Generate build reports done
arm-atollic-eabi-objcopy.exe -O ihex XDDDDDDD.elf XDDDDDDD.hex 
15:30:26 **** Incremental Build of configuration Debug for project XDDDDDDD ****
Info: Internal Builder is used for build
arm-atollic-eabi-gcc -c -mthumb -mcpu=cortex-m4 -mfloat-abi=hard -mfpu=fpv4-sp-d16 -std=gnu11 -D__weak=__attribute__((weak)) -D__packed=__attribute__((__packed__)) -DUSE_HAL_DRIVER -DSTM32L475xx -I../Inc -I../Drivers/STM32L4xx_HAL_Driver/Inc -I../Drivers/STM32L4xx_HAL_Driver/Inc/Legacy -I../Middlewares/Third_Party/FreeRTOS/Source/portable/GCC/ARM_CM4F -I../Drivers/CMSIS/Device/ST/STM32L4xx/Include -I../Middlewares/Third_Party/FreeRTOS/Source/include -I../Middlewares/Third_Party/FreeRTOS/Source/CMSIS_RTOS -I../Drivers/CMSIS/Include -Os -ffunction-sections -fdata-sections -g -fstack-usage -Wall -specs=nano.specs -o Src\main.o ..\Src\main.c 
..\Src\main.c: In function 'StartDefaultTask':
..\Src\main.c:799:11: warning: unused variable 'socket' [-Wunused-variable]
  uint32_t socket = 2137;
           ^~~~~~
arm-atollic-eabi-gcc -o XDDDDDDD.elf Drivers\STM32L4xx_HAL_Driver\Src\stm32l4xx_hal.o Drivers\STM32L4xx_HAL_Driver\Src\stm32l4xx_hal_cortex.o Drivers\STM32L4xx_HAL_Driver\Src\stm32l4xx_hal_dfsdm.o Drivers\STM32L4xx_HAL_Driver\Src\stm32l4xx_hal_dma.o Drivers\STM32L4xx_HAL_Driver\Src\stm32l4xx_hal_dma_ex.o Drivers\STM32L4xx_HAL_Driver\Src\stm32l4xx_hal_flash.o Drivers\STM32L4xx_HAL_Driver\Src\stm32l4xx_hal_flash_ex.o Drivers\STM32L4xx_HAL_Driver\Src\stm32l4xx_hal_flash_ramfunc.o Drivers\STM32L4xx_HAL_Driver\Src\stm32l4xx_hal_gpio.o Drivers\STM32L4xx_HAL_Driver\Src\stm32l4xx_hal_i2c.o Drivers\STM32L4xx_HAL_Driver\Src\stm32l4xx_hal_i2c_ex.o Drivers\STM32L4xx_HAL_Driver\Src\stm32l4xx_hal_pcd.o Drivers\STM32L4xx_HAL_Driver\Src\stm32l4xx_hal_pcd_ex.o Drivers\STM32L4xx_HAL_Driver\Src\stm32l4xx_hal_pwr.o Drivers\STM32L4xx_HAL_Driver\Src\stm32l4xx_hal_pwr_ex.o Drivers\STM32L4xx_HAL_Driver\Src\stm32l4xx_hal_qspi.o Drivers\STM32L4xx_HAL_Driver\Src\stm32l4xx_hal_rcc.o Drivers\STM32L4xx_HAL_Driver\Src\stm32l4xx_hal_rcc_ex.o Drivers\STM32L4xx_HAL_Driver\Src\stm32l4xx_hal_spi.o Drivers\STM32L4xx_HAL_Driver\Src\stm32l4xx_hal_spi_ex.o Drivers\STM32L4xx_HAL_Driver\Src\stm32l4xx_hal_tim.o Drivers\STM32L4xx_HAL_Driver\Src\stm32l4xx_hal_tim_ex.o Drivers\STM32L4xx_HAL_Driver\Src\stm32l4xx_hal_uart.o Drivers\STM32L4xx_HAL_Driver\Src\stm32l4xx_hal_uart_ex.o Drivers\STM32L4xx_HAL_Driver\Src\stm32l4xx_ll_usb.o Middlewares\Third_Party\FreeRTOS\Source\CMSIS_RTOS\cmsis_os.o Middlewares\Third_Party\FreeRTOS\Source\croutine.o Middlewares\Third_Party\FreeRTOS\Source\event_groups.o Middlewares\Third_Party\FreeRTOS\Source\list.o Middlewares\Third_Party\FreeRTOS\Source\portable\GCC\ARM_CM4F\port.o Middlewares\Third_Party\FreeRTOS\Source\portable\MemMang\heap_4.o Middlewares\Third_Party\FreeRTOS\Source\queue.o Middlewares\Third_Party\FreeRTOS\Source\stream_buffer.o Middlewares\Third_Party\FreeRTOS\Source\tasks.o Middlewares\Third_Party\FreeRTOS\Source\timers.o Src\es_wifi.o Src\es_wifi_io.o Src\freertos.o Src\main.o Src\stm32l4xx_hal_msp.o Src\stm32l4xx_hal_timebase_TIM.o Src\stm32l4xx_it.o Src\system_stm32l4xx.o Src\wifi.o startup\startup_stm32l475xx.o -mthumb -mcpu=cortex-m4 -mfloat-abi=hard -mfpu=fpv4-sp-d16 -T../STM32L475VG_FLASH.ld -specs=nosys.specs -static -Wl,-Map=XDDDDDDD.map -Wl,--gc-sections -Wl,--defsym=malloc_getpagesize_P=0x80 -Wl,--start-group -lc -lm -Wl,--end-group -specs=nano.specs 
C:\Program Files (x86)\Atollic\TrueSTUDIO for STM32 9.0.1\ide\jre\bin\java -jar C:\Program Files (x86)\Atollic\TrueSTUDIO for STM32 9.0.1\Tools\arm-atollic-reports.jar sizeinfo list XDDDDDDD.elf 
Generate build reports...
Print size information
   text	   data	    bss	    dec	    hex	filename
  23704	    116	   8656	  32476	   7edc	XDDDDDDD.elf
Print size information done
Generate listing file
Output sent to: XDDDDDDD.list
Generate listing file done
Generate build reports done
arm-atollic-eabi-objcopy.exe -O ihex XDDDDDDD.elf XDDDDDDD.hex 
15:32:05 **** Incremental Build of configuration Debug for project XDDDDDDD ****
Info: Internal Builder is used for build
arm-atollic-eabi-gcc -c -mthumb -mcpu=cortex-m4 -mfloat-abi=hard -mfpu=fpv4-sp-d16 -std=gnu11 -D__weak=__attribute__((weak)) -D__packed=__attribute__((__packed__)) -DUSE_HAL_DRIVER -DSTM32L475xx -I../Inc -I../Drivers/STM32L4xx_HAL_Driver/Inc -I../Drivers/STM32L4xx_HAL_Driver/Inc/Legacy -I../Middlewares/Third_Party/FreeRTOS/Source/portable/GCC/ARM_CM4F -I../Drivers/CMSIS/Device/ST/STM32L4xx/Include -I../Middlewares/Third_Party/FreeRTOS/Source/include -I../Middlewares/Third_Party/FreeRTOS/Source/CMSIS_RTOS -I../Drivers/CMSIS/Include -Os -ffunction-sections -fdata-sections -g -fstack-usage -Wall -specs=nano.specs -o Drivers\STM32L4xx_HAL_Driver\Src\stm32l4xx_hal_i2c_ex.o ..\Drivers\STM32L4xx_HAL_Driver\Src\stm32l4xx_hal_i2c_ex.c 
arm-atollic-eabi-gcc -c -mthumb -mcpu=cortex-m4 -mfloat-abi=hard -mfpu=fpv4-sp-d16 -std=gnu11 -D__weak=__attribute__((weak)) -D__packed=__attribute__((__packed__)) -DUSE_HAL_DRIVER -DSTM32L475xx -I../Inc -I../Drivers/STM32L4xx_HAL_Driver/Inc -I../Drivers/STM32L4xx_HAL_Driver/Inc/Legacy -I../Middlewares/Third_Party/FreeRTOS/Source/portable/GCC/ARM_CM4F -I../Drivers/CMSIS/Device/ST/STM32L4xx/Include -I../Middlewares/Third_Party/FreeRTOS/Source/include -I../Middlewares/Third_Party/FreeRTOS/Source/CMSIS_RTOS -I../Drivers/CMSIS/Include -Os -ffunction-sections -fdata-sections -g -fstack-usage -Wall -specs=nano.specs -o Drivers\STM32L4xx_HAL_Driver\Src\stm32l4xx_hal_rcc_ex.o ..\Drivers\STM32L4xx_HAL_Driver\Src\stm32l4xx_hal_rcc_ex.c 
arm-atollic-eabi-gcc -c -mthumb -mcpu=cortex-m4 -mfloat-abi=hard -mfpu=fpv4-sp-d16 -std=gnu11 -D__weak=__attribute__((weak)) -D__packed=__attribute__((__packed__)) -DUSE_HAL_DRIVER -DSTM32L475xx -I../Inc -I../Drivers/STM32L4xx_HAL_Driver/Inc -I../Drivers/STM32L4xx_HAL_Driver/Inc/Legacy -I../Middlewares/Third_Party/FreeRTOS/Source/portable/GCC/ARM_CM4F -I../Drivers/CMSIS/Device/ST/STM32L4xx/Include -I../Middlewares/Third_Party/FreeRTOS/Source/include -I../Middlewares/Third_Party/FreeRTOS/Source/CMSIS_RTOS -I../Drivers/CMSIS/Include -Os -ffunction-sections -fdata-sections -g -fstack-usage -Wall -specs=nano.specs -o Drivers\STM32L4xx_HAL_Driver\Src\stm32l4xx_hal_dma.o ..\Drivers\STM32L4xx_HAL_Driver\Src\stm32l4xx_hal_dma.c 
arm-atollic-eabi-gcc -c -mthumb -mcpu=cortex-m4 -mfloat-abi=hard -mfpu=fpv4-sp-d16 -std=gnu11 -D__weak=__attribute__((weak)) -D__packed=__attribute__((__packed__)) -DUSE_HAL_DRIVER -DSTM32L475xx -I../Inc -I../Drivers/STM32L4xx_HAL_Driver/Inc -I../Drivers/STM32L4xx_HAL_Driver/Inc/Legacy -I../Middlewares/Third_Party/FreeRTOS/Source/portable/GCC/ARM_CM4F -I../Drivers/CMSIS/Device/ST/STM32L4xx/Include -I../Middlewares/Third_Party/FreeRTOS/Source/include -I../Middlewares/Third_Party/FreeRTOS/Source/CMSIS_RTOS -I../Drivers/CMSIS/Include -Os -ffunction-sections -fdata-sections -g -fstack-usage -Wall -specs=nano.specs -o Src\stm32l4xx_it.o ..\Src\stm32l4xx_it.c 
arm-atollic-eabi-gcc -c -mthumb -mcpu=cortex-m4 -mfloat-abi=hard -mfpu=fpv4-sp-d16 -std=gnu11 -D__weak=__attribute__((weak)) -D__packed=__attribute__((__packed__)) -DUSE_HAL_DRIVER -DSTM32L475xx -I../Inc -I../Drivers/STM32L4xx_HAL_Driver/Inc -I../Drivers/STM32L4xx_HAL_Driver/Inc/Legacy -I../Middlewares/Third_Party/FreeRTOS/Source/portable/GCC/ARM_CM4F -I../Drivers/CMSIS/Device/ST/STM32L4xx/Include -I../Middlewares/Third_Party/FreeRTOS/Source/include -I../Middlewares/Third_Party/FreeRTOS/Source/CMSIS_RTOS -I../Drivers/CMSIS/Include -Os -ffunction-sections -fdata-sections -g -fstack-usage -Wall -specs=nano.specs -o Drivers\STM32L4xx_HAL_Driver\Src\stm32l4xx_hal_tim_ex.o ..\Drivers\STM32L4xx_HAL_Driver\Src\stm32l4xx_hal_tim_ex.c 
arm-atollic-eabi-gcc -c -mthumb -mcpu=cortex-m4 -mfloat-abi=hard -mfpu=fpv4-sp-d16 -std=gnu11 -D__weak=__attribute__((weak)) -D__packed=__attribute__((__packed__)) -DUSE_HAL_DRIVER -DSTM32L475xx -I../Inc -I../Drivers/STM32L4xx_HAL_Driver/Inc -I../Drivers/STM32L4xx_HAL_Driver/Inc/Legacy -I../Middlewares/Third_Party/FreeRTOS/Source/portable/GCC/ARM_CM4F -I../Drivers/CMSIS/Device/ST/STM32L4xx/Include -I../Middlewares/Third_Party/FreeRTOS/Source/include -I../Middlewares/Third_Party/FreeRTOS/Source/CMSIS_RTOS -I../Drivers/CMSIS/Include -Os -ffunction-sections -fdata-sections -g -fstack-usage -Wall -specs=nano.specs -o Drivers\STM32L4xx_HAL_Driver\Src\stm32l4xx_hal_pwr_ex.o ..\Drivers\STM32L4xx_HAL_Driver\Src\stm32l4xx_hal_pwr_ex.c 
arm-atollic-eabi-gcc -c -mthumb -mcpu=cortex-m4 -mfloat-abi=hard -mfpu=fpv4-sp-d16 -std=gnu11 -D__weak=__attribute__((weak)) -D__packed=__attribute__((__packed__)) -DUSE_HAL_DRIVER -DSTM32L475xx -I../Inc -I../Drivers/STM32L4xx_HAL_Driver/Inc -I../Drivers/STM32L4xx_HAL_Driver/Inc/Legacy -I../Middlewares/Third_Party/FreeRTOS/Source/portable/GCC/ARM_CM4F -I../Drivers/CMSIS/Device/ST/STM32L4xx/Include -I../Middlewares/Third_Party/FreeRTOS/Source/include -I../Middlewares/Third_Party/FreeRTOS/Source/CMSIS_RTOS -I../Drivers/CMSIS/Include -Os -ffunction-sections -fdata-sections -g -fstack-usage -Wall -specs=nano.specs -o Drivers\STM32L4xx_HAL_Driver\Src\stm32l4xx_hal_dma_ex.o ..\Drivers\STM32L4xx_HAL_Driver\Src\stm32l4xx_hal_dma_ex.c 
arm-atollic-eabi-gcc -c -mthumb -mcpu=cortex-m4 -mfloat-abi=hard -mfpu=fpv4-sp-d16 -std=gnu11 -D__weak=__attribute__((weak)) -D__packed=__attribute__((__packed__)) -DUSE_HAL_DRIVER -DSTM32L475xx -I../Inc -I../Drivers/STM32L4xx_HAL_Driver/Inc -I../Drivers/STM32L4xx_HAL_Driver/Inc/Legacy -I../Middlewares/Third_Party/FreeRTOS/Source/portable/GCC/ARM_CM4F -I../Drivers/CMSIS/Device/ST/STM32L4xx/Include -I../Middlewares/Third_Party/FreeRTOS/Source/include -I../Middlewares/Third_Party/FreeRTOS/Source/CMSIS_RTOS -I../Drivers/CMSIS/Include -Os -ffunction-sections -fdata-sections -g -fstack-usage -Wall -specs=nano.specs -o Drivers\STM32L4xx_HAL_Driver\Src\stm32l4xx_hal_spi.o ..\Drivers\STM32L4xx_HAL_Driver\Src\stm32l4xx_hal_spi.c 
arm-atollic-eabi-gcc -c -mthumb -mcpu=cortex-m4 -mfloat-abi=hard -mfpu=fpv4-sp-d16 -std=gnu11 -D__weak=__attribute__((weak)) -D__packed=__attribute__((__packed__)) -DUSE_HAL_DRIVER -DSTM32L475xx -I../Inc -I../Drivers/STM32L4xx_HAL_Driver/Inc -I../Drivers/STM32L4xx_HAL_Driver/Inc/Legacy -I../Middlewares/Third_Party/FreeRTOS/Source/portable/GCC/ARM_CM4F -I../Drivers/CMSIS/Device/ST/STM32L4xx/Include -I../Middlewares/Third_Party/FreeRTOS/Source/include -I../Middlewares/Third_Party/FreeRTOS/Source/CMSIS_RTOS -I../Drivers/CMSIS/Include -Os -ffunction-sections -fdata-sections -g -fstack-usage -Wall -specs=nano.specs -o Drivers\STM32L4xx_HAL_Driver\Src\stm32l4xx_hal_spi_ex.o ..\Drivers\STM32L4xx_HAL_Driver\Src\stm32l4xx_hal_spi_ex.c 
arm-atollic-eabi-gcc -c -mthumb -mcpu=cortex-m4 -mfloat-abi=hard -mfpu=fpv4-sp-d16 -std=gnu11 -D__weak=__attribute__((weak)) -D__packed=__attribute__((__packed__)) -DUSE_HAL_DRIVER -DSTM32L475xx -I../Inc -I../Drivers/STM32L4xx_HAL_Driver/Inc -I../Drivers/STM32L4xx_HAL_Driver/Inc/Legacy -I../Middlewares/Third_Party/FreeRTOS/Source/portable/GCC/ARM_CM4F -I../Drivers/CMSIS/Device/ST/STM32L4xx/Include -I../Middlewares/Third_Party/FreeRTOS/Source/include -I../Middlewares/Third_Party/FreeRTOS/Source/CMSIS_RTOS -I../Drivers/CMSIS/Include -Os -ffunction-sections -fdata-sections -g -fstack-usage -Wall -specs=nano.specs -o Drivers\STM32L4xx_HAL_Driver\Src\stm32l4xx_hal_tim.o ..\Drivers\STM32L4xx_HAL_Driver\Src\stm32l4xx_hal_tim.c 
arm-atollic-eabi-gcc -c -mthumb -mcpu=cortex-m4 -mfloat-abi=hard -mfpu=fpv4-sp-d16 -std=gnu11 -D__weak=__attribute__((weak)) -D__packed=__attribute__((__packed__)) -DUSE_HAL_DRIVER -DSTM32L475xx -I../Inc -I../Drivers/STM32L4xx_HAL_Driver/Inc -I../Drivers/STM32L4xx_HAL_Driver/Inc/Legacy -I../Middlewares/Third_Party/FreeRTOS/Source/portable/GCC/ARM_CM4F -I../Drivers/CMSIS/Device/ST/STM32L4xx/Include -I../Middlewares/Third_Party/FreeRTOS/Source/include -I../Middlewares/Third_Party/FreeRTOS/Source/CMSIS_RTOS -I../Drivers/CMSIS/Include -Os -ffunction-sections -fdata-sections -g -fstack-usage -Wall -specs=nano.specs -o Drivers\STM32L4xx_HAL_Driver\Src\stm32l4xx_hal_i2c.o ..\Drivers\STM32L4xx_HAL_Driver\Src\stm32l4xx_hal_i2c.c 
arm-atollic-eabi-gcc -c -mthumb -mcpu=cortex-m4 -mfloat-abi=hard -mfpu=fpv4-sp-d16 -std=gnu11 -D__weak=__attribute__((weak)) -D__packed=__attribute__((__packed__)) -DUSE_HAL_DRIVER -DSTM32L475xx -I../Inc -I../Drivers/STM32L4xx_HAL_Driver/Inc -I../Drivers/STM32L4xx_HAL_Driver/Inc/Legacy -I../Middlewares/Third_Party/FreeRTOS/Source/portable/GCC/ARM_CM4F -I../Drivers/CMSIS/Device/ST/STM32L4xx/Include -I../Middlewares/Third_Party/FreeRTOS/Source/include -I../Middlewares/Third_Party/FreeRTOS/Source/CMSIS_RTOS -I../Drivers/CMSIS/Include -Os -ffunction-sections -fdata-sections -g -fstack-usage -Wall -specs=nano.specs -o Drivers\STM32L4xx_HAL_Driver\Src\stm32l4xx_hal_flash_ex.o ..\Drivers\STM32L4xx_HAL_Driver\Src\stm32l4xx_hal_flash_ex.c 
arm-atollic-eabi-gcc -c -mthumb -mcpu=cortex-m4 -mfloat-abi=hard -mfpu=fpv4-sp-d16 -std=gnu11 -D__weak=__attribute__((weak)) -D__packed=__attribute__((__packed__)) -DUSE_HAL_DRIVER -DSTM32L475xx -I../Inc -I../Drivers/STM32L4xx_HAL_Driver/Inc -I../Drivers/STM32L4xx_HAL_Driver/Inc/Legacy -I../Middlewares/Third_Party/FreeRTOS/Source/portable/GCC/ARM_CM4F -I../Drivers/CMSIS/Device/ST/STM32L4xx/Include -I../Middlewares/Third_Party/FreeRTOS/Source/include -I../Middlewares/Third_Party/FreeRTOS/Source/CMSIS_RTOS -I../Drivers/CMSIS/Include -Os -ffunction-sections -fdata-sections -g -fstack-usage -Wall -specs=nano.specs -o Drivers\STM32L4xx_HAL_Driver\Src\stm32l4xx_hal_dfsdm.o ..\Drivers\STM32L4xx_HAL_Driver\Src\stm32l4xx_hal_dfsdm.c 
arm-atollic-eabi-gcc -c -mthumb -mcpu=cortex-m4 -mfloat-abi=hard -mfpu=fpv4-sp-d16 -std=gnu11 -D__weak=__attribute__((weak)) -D__packed=__attribute__((__packed__)) -DUSE_HAL_DRIVER -DSTM32L475xx -I../Inc -I../Drivers/STM32L4xx_HAL_Driver/Inc -I../Drivers/STM32L4xx_HAL_Driver/Inc/Legacy -I../Middlewares/Third_Party/FreeRTOS/Source/portable/GCC/ARM_CM4F -I../Drivers/CMSIS/Device/ST/STM32L4xx/Include -I../Middlewares/Third_Party/FreeRTOS/Source/include -I../Middlewares/Third_Party/FreeRTOS/Source/CMSIS_RTOS -I../Drivers/CMSIS/Include -Os -ffunction-sections -fdata-sections -g -fstack-usage -Wall -specs=nano.specs -o Drivers\STM32L4xx_HAL_Driver\Src\stm32l4xx_hal_pcd.o ..\Drivers\STM32L4xx_HAL_Driver\Src\stm32l4xx_hal_pcd.c 
arm-atollic-eabi-gcc -c -mthumb -mcpu=cortex-m4 -mfloat-abi=hard -mfpu=fpv4-sp-d16 -std=gnu11 -D__weak=__attribute__((weak)) -D__packed=__attribute__((__packed__)) -DUSE_HAL_DRIVER -DSTM32L475xx -I../Inc -I../Drivers/STM32L4xx_HAL_Driver/Inc -I../Drivers/STM32L4xx_HAL_Driver/Inc/Legacy -I../Middlewares/Third_Party/FreeRTOS/Source/portable/GCC/ARM_CM4F -I../Drivers/CMSIS/Device/ST/STM32L4xx/Include -I../Middlewares/Third_Party/FreeRTOS/Source/include -I../Middlewares/Third_Party/FreeRTOS/Source/CMSIS_RTOS -I../Drivers/CMSIS/Include -Os -ffunction-sections -fdata-sections -g -fstack-usage -Wall -specs=nano.specs -o Src\main.o ..\Src\main.c 
..\Src\main.c: In function 'StartDefaultTask':
..\Src\main.c:815:19: warning: initialization makes integer from pointer without a cast [-Wint-conversion]
  uint8_t MYSSID = "vehicle";
                   ^~~~~~~~~
..\Src\main.c:816:21: warning: initialization makes integer from pointer without a cast [-Wint-conversion]
  uint8_t PASSWORD = "11235813"
                     ^~~~~~~~~~
..\Src\main.c:817:2: error: expected ',' or ';' before 'WIFI_ConfigureAP'
  WIFI_ConfigureAP((uint8_t*)MYSSID, (uint8_t*)PASSWORD, WIFI_ECN_WPA2_PSK, 10, 10);
  ^~~~~~~~~~~~~~~~
..\Src\main.c:816:10: warning: unused variable 'PASSWORD' [-Wunused-variable]
  uint8_t PASSWORD = "11235813"
          ^~~~~~~~
..\Src\main.c:815:10: warning: unused variable 'MYSSID' [-Wunused-variable]
  uint8_t MYSSID = "vehicle";
          ^~~~~~
..\Src\main.c:799:11: warning: unused variable 'socket' [-Wunused-variable]
  uint32_t socket = 2137;
           ^~~~~~
15:32:22 **** Incremental Build of configuration Debug for project XDDDDDDD ****
Info: Internal Builder is used for build
arm-atollic-eabi-gcc -c -mthumb -mcpu=cortex-m4 -mfloat-abi=hard -mfpu=fpv4-sp-d16 -std=gnu11 -D__weak=__attribute__((weak)) -D__packed=__attribute__((__packed__)) -DUSE_HAL_DRIVER -DSTM32L475xx -I../Inc -I../Drivers/STM32L4xx_HAL_Driver/Inc -I../Drivers/STM32L4xx_HAL_Driver/Inc/Legacy -I../Middlewares/Third_Party/FreeRTOS/Source/portable/GCC/ARM_CM4F -I../Drivers/CMSIS/Device/ST/STM32L4xx/Include -I../Middlewares/Third_Party/FreeRTOS/Source/include -I../Middlewares/Third_Party/FreeRTOS/Source/CMSIS_RTOS -I../Drivers/CMSIS/Include -Os -ffunction-sections -fdata-sections -g -fstack-usage -Wall -specs=nano.specs -o Drivers\STM32L4xx_HAL_Driver\Src\stm32l4xx_hal_uart_ex.o ..\Drivers\STM32L4xx_HAL_Driver\Src\stm32l4xx_hal_uart_ex.c 
arm-atollic-eabi-gcc -c -mthumb -mcpu=cortex-m4 -mfloat-abi=hard -mfpu=fpv4-sp-d16 -std=gnu11 -D__weak=__attribute__((weak)) -D__packed=__attribute__((__packed__)) -DUSE_HAL_DRIVER -DSTM32L475xx -I../Inc -I../Drivers/STM32L4xx_HAL_Driver/Inc -I../Drivers/STM32L4xx_HAL_Driver/Inc/Legacy -I../Middlewares/Third_Party/FreeRTOS/Source/portable/GCC/ARM_CM4F -I../Drivers/CMSIS/Device/ST/STM32L4xx/Include -I../Middlewares/Third_Party/FreeRTOS/Source/include -I../Middlewares/Third_Party/FreeRTOS/Source/CMSIS_RTOS -I../Drivers/CMSIS/Include -Os -ffunction-sections -fdata-sections -g -fstack-usage -Wall -specs=nano.specs -o Src\wifi.o ..\Src\wifi.c 
arm-atollic-eabi-gcc -c -mthumb -mcpu=cortex-m4 -mfloat-abi=hard -mfpu=fpv4-sp-d16 -std=gnu11 -D__weak=__attribute__((weak)) -D__packed=__attribute__((__packed__)) -DUSE_HAL_DRIVER -DSTM32L475xx -I../Inc -I../Drivers/STM32L4xx_HAL_Driver/Inc -I../Drivers/STM32L4xx_HAL_Driver/Inc/Legacy -I../Middlewares/Third_Party/FreeRTOS/Source/portable/GCC/ARM_CM4F -I../Drivers/CMSIS/Device/ST/STM32L4xx/Include -I../Middlewares/Third_Party/FreeRTOS/Source/include -I../Middlewares/Third_Party/FreeRTOS/Source/CMSIS_RTOS -I../Drivers/CMSIS/Include -Os -ffunction-sections -fdata-sections -g -fstack-usage -Wall -specs=nano.specs -o Drivers\STM32L4xx_HAL_Driver\Src\stm32l4xx_hal_gpio.o ..\Drivers\STM32L4xx_HAL_Driver\Src\stm32l4xx_hal_gpio.c 
[...]
arm-atollic-eabi-gcc -c -mthumb -mcpu=cortex-m4 -mfloat-abi=hard -mfpu=fpv4-sp-d16 -std=gnu11 -D__weak=__attribute__((weak)) -D__packed=__attribute__((__packed__)) -DUSE_HAL_DRIVER -DSTM32L475xx -I../Inc -I../Drivers/STM32L4xx_HAL_Driver/Inc -I../Drivers/STM32L4xx_HAL_Driver/Inc/Legacy -I../Middlewares/Third_Party/FreeRTOS/Source/portable/GCC/ARM_CM4F -I../Drivers/CMSIS/Device/ST/STM32L4xx/Include -I../Middlewares/Third_Party/FreeRTOS/Source/include -I../Middlewares/Third_Party/FreeRTOS/Source/CMSIS_RTOS -I../Drivers/CMSIS/Include -Os -ffunction-sections -fdata-sections -g -fstack-usage -Wall -specs=nano.specs -o Drivers\STM32L4xx_HAL_Driver\Src\stm32l4xx_hal_tim_ex.o ..\Drivers\STM32L4xx_HAL_Driver\Src\stm32l4xx_hal_tim_ex.c 
arm-atollic-eabi-gcc -c -mthumb -mcpu=cortex-m4 -mfloat-abi=hard -mfpu=fpv4-sp-d16 -std=gnu11 -D__weak=__attribute__((weak)) -D__packed=__attribute__((__packed__)) -DUSE_HAL_DRIVER -DSTM32L475xx -I../Inc -I../Drivers/STM32L4xx_HAL_Driver/Inc -I../Drivers/STM32L4xx_HAL_Driver/Inc/Legacy -I../Middlewares/Third_Party/FreeRTOS/Source/portable/GCC/ARM_CM4F -I../Drivers/CMSIS/Device/ST/STM32L4xx/Include -I../Middlewares/Third_Party/FreeRTOS/Source/include -I../Middlewares/Third_Party/FreeRTOS/Source/CMSIS_RTOS -I../Drivers/CMSIS/Include -Os -ffunction-sections -fdata-sections -g -fstack-usage -Wall -specs=nano.specs -o Drivers\STM32L4xx_HAL_Driver\Src\stm32l4xx_hal_i2c.o ..\Drivers\STM32L4xx_HAL_Driver\Src\stm32l4xx_hal_i2c.c 
arm-atollic-eabi-gcc -c -mthumb -mcpu=cortex-m4 -mfloat-abi=hard -mfpu=fpv4-sp-d16 -std=gnu11 -D__weak=__attribute__((weak)) -D__packed=__attribute__((__packed__)) -DUSE_HAL_DRIVER -DSTM32L475xx -I../Inc -I../Drivers/STM32L4xx_HAL_Driver/Inc -I../Drivers/STM32L4xx_HAL_Driver/Inc/Legacy -I../Middlewares/Third_Party/FreeRTOS/Source/portable/GCC/ARM_CM4F -I../Drivers/CMSIS/Device/ST/STM32L4xx/Include -I../Middlewares/Third_Party/FreeRTOS/Source/include -I../Middlewares/Third_Party/FreeRTOS/Source/CMSIS_RTOS -I../Drivers/CMSIS/Include -Os -ffunction-sections -fdata-sections -g -fstack-usage -Wall -specs=nano.specs -o Drivers\STM32L4xx_HAL_Driver\Src\stm32l4xx_hal_uart_ex.o ..\Drivers\STM32L4xx_HAL_Driver\Src\stm32l4xx_hal_uart_ex.c 
arm-atollic-eabi-gcc -c -mthumb -mcpu=cortex-m4 -mfloat-abi=hard -mfpu=fpv4-sp-d16 -std=gnu11 -D__weak=__attribute__((weak)) -D__packed=__attribute__((__packed__)) -DUSE_HAL_DRIVER -DSTM32L475xx -I../Inc -I../Drivers/STM32L4xx_HAL_Driver/Inc -I../Drivers/STM32L4xx_HAL_Driver/Inc/Legacy -I../Middlewares/Third_Party/FreeRTOS/Source/portable/GCC/ARM_CM4F -I../Drivers/CMSIS/Device/ST/STM32L4xx/Include -I../Middlewares/Third_Party/FreeRTOS/Source/include -I../Middlewares/Third_Party/FreeRTOS/Source/CMSIS_RTOS -I../Drivers/CMSIS/Include -Os -ffunction-sections -fdata-sections -g -fstack-usage -Wall -specs=nano.specs -o Drivers\STM32L4xx_HAL_Driver\Src\stm32l4xx_ll_usb.o ..\Drivers\STM32L4xx_HAL_Driver\Src\stm32l4xx_ll_usb.c 
arm-atollic-eabi-gcc -c -mthumb -mcpu=cortex-m4 -mfloat-abi=hard -mfpu=fpv4-sp-d16 -std=gnu11 -D__weak=__attribute__((weak)) -D__packed=__attribute__((__packed__)) -DUSE_HAL_DRIVER -DSTM32L475xx -I../Inc -I../Drivers/STM32L4xx_HAL_Driver/Inc -I../Drivers/STM32L4xx_HAL_Driver/Inc/Legacy -I../Middlewares/Third_Party/FreeRTOS/Source/portable/GCC/ARM_CM4F -I../Drivers/CMSIS/Device/ST/STM32L4xx/Include -I../Middlewares/Third_Party/FreeRTOS/Source/include -I../Middlewares/Third_Party/FreeRTOS/Source/CMSIS_RTOS -I../Drivers/CMSIS/Include -Os -ffunction-sections -fdata-sections -g -fstack-usage -Wall -specs=nano.specs -o Drivers\STM32L4xx_HAL_Driver\Src\stm32l4xx_hal_dma.o ..\Drivers\STM32L4xx_HAL_Driver\Src\stm32l4xx_hal_dma.c 
arm-atollic-eabi-gcc -c -mthumb -mcpu=cortex-m4 -mfloat-abi=hard -mfpu=fpv4-sp-d16 -std=gnu11 -D__weak=__attribute__((weak)) -D__packed=__attribute__((__packed__)) -DUSE_HAL_DRIVER -DSTM32L475xx -I../Inc -I../Drivers/STM32L4xx_HAL_Driver/Inc -I../Drivers/STM32L4xx_HAL_Driver/Inc/Legacy -I../Middlewares/Third_Party/FreeRTOS/Source/portable/GCC/ARM_CM4F -I../Drivers/CMSIS/Device/ST/STM32L4xx/Include -I../Middlewares/Third_Party/FreeRTOS/Source/include -I../Middlewares/Third_Party/FreeRTOS/Source/CMSIS_RTOS -I../Drivers/CMSIS/Include -Os -ffunction-sections -fdata-sections -g -fstack-usage -Wall -specs=nano.specs -o Src\wifi.o ..\Src\wifi.c 
arm-atollic-eabi-gcc -c -mthumb -mcpu=cortex-m4 -mfloat-abi=hard -mfpu=fpv4-sp-d16 -std=gnu11 -D__weak=__attribute__((weak)) -D__packed=__attribute__((__packed__)) -DUSE_HAL_DRIVER -DSTM32L475xx -I../Inc -I../Drivers/STM32L4xx_HAL_Driver/Inc -I../Drivers/STM32L4xx_HAL_Driver/Inc/Legacy -I../Middlewares/Third_Party/FreeRTOS/Source/portable/GCC/ARM_CM4F -I../Drivers/CMSIS/Device/ST/STM32L4xx/Include -I../Middlewares/Third_Party/FreeRTOS/Source/include -I../Middlewares/Third_Party/FreeRTOS/Source/CMSIS_RTOS -I../Drivers/CMSIS/Include -Os -ffunction-sections -fdata-sections -g -fstack-usage -Wall -specs=nano.specs -o Drivers\STM32L4xx_HAL_Driver\Src\stm32l4xx_hal_flash_ramfunc.o ..\Drivers\STM32L4xx_HAL_Driver\Src\stm32l4xx_hal_flash_ramfunc.c 
arm-atollic-eabi-gcc -c -mthumb -mcpu=cortex-m4 -mfloat-abi=hard -mfpu=fpv4-sp-d16 -std=gnu11 -D__weak=__attribute__((weak)) -D__packed=__attribute__((__packed__)) -DUSE_HAL_DRIVER -DSTM32L475xx -I../Inc -I../Drivers/STM32L4xx_HAL_Driver/Inc -I../Drivers/STM32L4xx_HAL_Driver/Inc/Legacy -I../Middlewares/Third_Party/FreeRTOS/Source/portable/GCC/ARM_CM4F -I../Drivers/CMSIS/Device/ST/STM32L4xx/Include -I../Middlewares/Third_Party/FreeRTOS/Source/include -I../Middlewares/Third_Party/FreeRTOS/Source/CMSIS_RTOS -I../Drivers/CMSIS/Include -Os -ffunction-sections -fdata-sections -g -fstack-usage -Wall -specs=nano.specs -o Src\stm32l4xx_hal_timebase_TIM.o ..\Src\stm32l4xx_hal_timebase_TIM.c 
arm-atollic-eabi-gcc -c -mthumb -mcpu=cortex-m4 -mfloat-abi=hard -mfpu=fpv4-sp-d16 -std=gnu11 -D__weak=__attribute__((weak)) -D__packed=__attribute__((__packed__)) -DUSE_HAL_DRIVER -DSTM32L475xx -I../Inc -I../Drivers/STM32L4xx_HAL_Driver/Inc -I../Drivers/STM32L4xx_HAL_Driver/Inc/Legacy -I../Middlewares/Third_Party/FreeRTOS/Source/portable/GCC/ARM_CM4F -I../Drivers/CMSIS/Device/ST/STM32L4xx/Include -I../Middlewares/Third_Party/FreeRTOS/Source/include -I../Middlewares/Third_Party/FreeRTOS/Source/CMSIS_RTOS -I../Drivers/CMSIS/Include -Os -ffunction-sections -fdata-sections -g -fstack-usage -Wall -specs=nano.specs -o Drivers\STM32L4xx_HAL_Driver\Src\stm32l4xx_hal_uart.o ..\Drivers\STM32L4xx_HAL_Driver\Src\stm32l4xx_hal_uart.c 
arm-atollic-eabi-gcc -c -mthumb -mcpu=cortex-m4 -mfloat-abi=hard -mfpu=fpv4-sp-d16 -std=gnu11 -D__weak=__attribute__((weak)) -D__packed=__attribute__((__packed__)) -DUSE_HAL_DRIVER -DSTM32L475xx -I../Inc -I../Drivers/STM32L4xx_HAL_Driver/Inc -I../Drivers/STM32L4xx_HAL_Driver/Inc/Legacy -I../Middlewares/Third_Party/FreeRTOS/Source/portable/GCC/ARM_CM4F -I../Drivers/CMSIS/Device/ST/STM32L4xx/Include -I../Middlewares/Third_Party/FreeRTOS/Source/include -I../Middlewares/Third_Party/FreeRTOS/Source/CMSIS_RTOS -I../Drivers/CMSIS/Include -Os -ffunction-sections -fdata-sections -g -fstack-usage -Wall -specs=nano.specs -o Src\main.o ..\Src\main.c 
..\Src\main.c: In function '__io_putchar':
..\Src\main.c:800:21: warning: unused variable 'status' [-Wunused-variable]
   HAL_StatusTypeDef status = HAL_UART_Transmit(&huart1, (uint8_t*)&data, 1, 100);
                     ^~~~~~
..\Src\main.c: In function 'StartDefaultTask':
..\Src\main.c:846:19: warning: pointer targets in passing argument 1 of 'WIFI_Connect' differ in signedness [-Wpointer-sign]
  if (WIFI_Connect((__uint8_t *)MYSSID, (__uint8_t *)PASSWORD, WIFI_ECN_WPA2_PSK) == WIFI_STATUS_OK) {
                   ^
In file included from ..\Src\main.c:56:0:
../Inc/wifi.h:140:21: note: expected 'const char *' but argument is of type '__uint8_t * {aka unsigned char *}'
 WIFI_Status_t       WIFI_Connect(
                     ^~~~~~~~~~~~
..\Src\main.c:846:40: warning: pointer targets in passing argument 2 of 'WIFI_Connect' differ in signedness [-Wpointer-sign]
  if (WIFI_Connect((__uint8_t *)MYSSID, (__uint8_t *)PASSWORD, WIFI_ECN_WPA2_PSK) == WIFI_STATUS_OK) {
                                        ^
In file included from ..\Src\main.c:56:0:
../Inc/wifi.h:140:21: note: expected 'const char *' but argument is of type '__uint8_t * {aka unsigned char *}'
 WIFI_Status_t       WIFI_Connect(
                     ^~~~~~~~~~~~
arm-atollic-eabi-gcc -c -mthumb -mcpu=cortex-m4 -mfloat-abi=hard -mfpu=fpv4-sp-d16 -std=gnu11 -D__weak=__attribute__((weak)) -D__packed=__attribute__((__packed__)) -DUSE_HAL_DRIVER -DSTM32L475xx -I../Inc -I../Drivers/STM32L4xx_HAL_Driver/Inc -I../Drivers/STM32L4xx_HAL_Driver/Inc/Legacy -I../Middlewares/Third_Party/FreeRTOS/Source/portable/GCC/ARM_CM4F -I../Drivers/CMSIS/Device/ST/STM32L4xx/Include -I../Middlewares/Third_Party/FreeRTOS/Source/include -I../Middlewares/Third_Party/FreeRTOS/Source/CMSIS_RTOS -I../Drivers/CMSIS/Include -Os -ffunction-sections -fdata-sections -g -fstack-usage -Wall -specs=nano.specs -o Drivers\STM32L4xx_HAL_Driver\Src\stm32l4xx_hal_qspi.o ..\Drivers\STM32L4xx_HAL_Driver\Src\stm32l4xx_hal_qspi.c 
arm-atollic-eabi-gcc -c -mthumb -mcpu=cortex-m4 -mfloat-abi=hard -mfpu=fpv4-sp-d16 -std=gnu11 -D__weak=__attribute__((weak)) -D__packed=__attribute__((__packed__)) -DUSE_HAL_DRIVER -DSTM32L475xx -I../Inc -I../Drivers/STM32L4xx_HAL_Driver/Inc -I../Drivers/STM32L4xx_HAL_Driver/Inc/Legacy -I../Middlewares/Third_Party/FreeRTOS/Source/portable/GCC/ARM_CM4F -I../Drivers/CMSIS/Device/ST/STM32L4xx/Include -I../Middlewares/Third_Party/FreeRTOS/Source/include -I../Middlewares/Third_Party/FreeRTOS/Source/CMSIS_RTOS -I../Drivers/CMSIS/Include -Os -ffunction-sections -fdata-sections -g -fstack-usage -Wall -specs=nano.specs -o Src\es_wifi_io.o ..\Src\es_wifi_io.c 
arm-atollic-eabi-gcc -c -mthumb -mcpu=cortex-m4 -mfloat-abi=hard -mfpu=fpv4-sp-d16 -std=gnu11 -D__weak=__attribute__((weak)) -D__packed=__attribute__((__packed__)) -DUSE_HAL_DRIVER -DSTM32L475xx -I../Inc -I../Drivers/STM32L4xx_HAL_Driver/Inc -I../Drivers/STM32L4xx_HAL_Driver/Inc/Legacy -I../Middlewares/Third_Party/FreeRTOS/Source/portable/GCC/ARM_CM4F -I../Drivers/CMSIS/Device/ST/STM32L4xx/Include -I../Middlewares/Third_Party/FreeRTOS/Source/include -I../Middlewares/Third_Party/FreeRTOS/Source/CMSIS_RTOS -I../Drivers/CMSIS/Include -Os -ffunction-sections -fdata-sections -g -fstack-usage -Wall -specs=nano.specs -o Drivers\STM32L4xx_HAL_Driver\Src\stm32l4xx_hal_dfsdm.o ..\Drivers\STM32L4xx_HAL_Driver\Src\stm32l4xx_hal_dfsdm.c 
arm-atollic-eabi-gcc -c -mthumb -mcpu=cortex-m4 -mfloat-abi=hard -mfpu=fpv4-sp-d16 -std=gnu11 -D__weak=__attribute__((weak)) -D__packed=__attribute__((__packed__)) -DUSE_HAL_DRIVER -DSTM32L475xx -I../Inc -I../Drivers/STM32L4xx_HAL_Driver/Inc -I../Drivers/STM32L4xx_HAL_Driver/Inc/Legacy -I../Middlewares/Third_Party/FreeRTOS/Source/portable/GCC/ARM_CM4F -I../Drivers/CMSIS/Device/ST/STM32L4xx/Include -I../Middlewares/Third_Party/FreeRTOS/Source/include -I../Middlewares/Third_Party/FreeRTOS/Source/CMSIS_RTOS -I../Drivers/CMSIS/Include -Os -ffunction-sections -fdata-sections -g -fstack-usage -Wall -specs=nano.specs -o Drivers\STM32L4xx_HAL_Driver\Src\stm32l4xx_hal_gpio.o ..\Drivers\STM32L4xx_HAL_Driver\Src\stm32l4xx_hal_gpio.c 
arm-atollic-eabi-gcc -c -mthumb -mcpu=cortex-m4 -mfloat-abi=hard -mfpu=fpv4-sp-d16 -std=gnu11 -D__weak=__attribute__((weak)) -D__packed=__attribute__((__packed__)) -DUSE_HAL_DRIVER -DSTM32L475xx -I../Inc -I../Drivers/STM32L4xx_HAL_Driver/Inc -I../Drivers/STM32L4xx_HAL_Driver/Inc/Legacy -I../Middlewares/Third_Party/FreeRTOS/Source/portable/GCC/ARM_CM4F -I../Drivers/CMSIS/Device/ST/STM32L4xx/Include -I../Middlewares/Third_Party/FreeRTOS/Source/include -I../Middlewares/Third_Party/FreeRTOS/Source/CMSIS_RTOS -I../Drivers/CMSIS/Include -Os -ffunction-sections -fdata-sections -g -fstack-usage -Wall -specs=nano.specs -o Drivers\STM32L4xx_HAL_Driver\Src\stm32l4xx_hal_pcd.o ..\Drivers\STM32L4xx_HAL_Driver\Src\stm32l4xx_hal_pcd.c 
arm-atollic-eabi-gcc -o XDDDDDDD.elf Drivers\STM32L4xx_HAL_Driver\Src\stm32l4xx_hal.o Drivers\STM32L4xx_HAL_Driver\Src\stm32l4xx_hal_cortex.o Drivers\STM32L4xx_HAL_Driver\Src\stm32l4xx_hal_dfsdm.o Drivers\STM32L4xx_HAL_Driver\Src\stm32l4xx_hal_dma.o Drivers\STM32L4xx_HAL_Driver\Src\stm32l4xx_hal_dma_ex.o Drivers\STM32L4xx_HAL_Driver\Src\stm32l4xx_hal_flash.o Drivers\STM32L4xx_HAL_Driver\Src\stm32l4xx_hal_flash_ex.o Drivers\STM32L4xx_HAL_Driver\Src\stm32l4xx_hal_flash_ramfunc.o Drivers\STM32L4xx_HAL_Driver\Src\stm32l4xx_hal_gpio.o Drivers\STM32L4xx_HAL_Driver\Src\stm32l4xx_hal_i2c.o Drivers\STM32L4xx_HAL_Driver\Src\stm32l4xx_hal_i2c_ex.o Drivers\STM32L4xx_HAL_Driver\Src\stm32l4xx_hal_pcd.o Drivers\STM32L4xx_HAL_Driver\Src\stm32l4xx_hal_pcd_ex.o Drivers\STM32L4xx_HAL_Driver\Src\stm32l4xx_hal_pwr.o Drivers\STM32L4xx_HAL_Driver\Src\stm32l4xx_hal_pwr_ex.o Drivers\STM32L4xx_HAL_Driver\Src\stm32l4xx_hal_qspi.o Drivers\STM32L4xx_HAL_Driver\Src\stm32l4xx_hal_rcc.o Drivers\STM32L4xx_HAL_Driver\Src\stm32l4xx_hal_rcc_ex.o Drivers\STM32L4xx_HAL_Driver\Src\stm32l4xx_hal_spi.o Drivers\STM32L4xx_HAL_Driver\Src\stm32l4xx_hal_spi_ex.o Drivers\STM32L4xx_HAL_Driver\Src\stm32l4xx_hal_tim.o Drivers\STM32L4xx_HAL_Driver\Src\stm32l4xx_hal_tim_ex.o Drivers\STM32L4xx_HAL_Driver\Src\stm32l4xx_hal_uart.o Drivers\STM32L4xx_HAL_Driver\Src\stm32l4xx_hal_uart_ex.o Drivers\STM32L4xx_HAL_Driver\Src\stm32l4xx_ll_usb.o Middlewares\Third_Party\FreeRTOS\Source\CMSIS_RTOS\cmsis_os.o Middlewares\Third_Party\FreeRTOS\Source\croutine.o Middlewares\Third_Party\FreeRTOS\Source\event_groups.o Middlewares\Third_Party\FreeRTOS\Source\list.o Middlewares\Third_Party\FreeRTOS\Source\portable\GCC\ARM_CM4F\port.o Middlewares\Third_Party\FreeRTOS\Source\portable\MemMang\heap_4.o Middlewares\Third_Party\FreeRTOS\Source\queue.o Middlewares\Third_Party\FreeRTOS\Source\stream_buffer.o Middlewares\Third_Party\FreeRTOS\Source\tasks.o Middlewares\Third_Party\FreeRTOS\Source\timers.o Src\es_wifi.o Src\es_wifi_io.o Src\freertos.o Src\main.o Src\stm32l4xx_hal_msp.o Src\stm32l4xx_hal_timebase_TIM.o Src\stm32l4xx_it.o Src\system_stm32l4xx.o Src\wifi.o startup\startup_stm32l475xx.o -mthumb -mcpu=cortex-m4 -mfloat-abi=hard -mfpu=fpv4-sp-d16 -T../STM32L475VG_FLASH.ld -specs=nosys.specs -static -Wl,-Map=XDDDDDDD.map -Wl,--gc-sections -Wl,--defsym=malloc_getpagesize_P=0x80 -Wl,--start-group -lc -lm -Wl,--end-group -specs=nano.specs 
C:\Program Files (x86)\Atollic\TrueSTUDIO for STM32 9.0.1\ide\jre\bin\java -jar C:\Program Files (x86)\Atollic\TrueSTUDIO for STM32 9.0.1\Tools\arm-atollic-reports.jar sizeinfo list XDDDDDDD.elf 
Generate build reports...
Print size information
   text	   data	    bss	    dec	    hex	filename
  28052	    116	   8652	  36820	   8fd4	XDDDDDDD.elf
Print size information done
Generate listing file
Output sent to: XDDDDDDD.list
Generate listing file done
Generate build reports done
arm-atollic-eabi-objcopy.exe -O ihex XDDDDDDD.elf XDDDDDDD.hex 
16:10:18 **** Incremental Build of configuration Debug for project XDDDDDDD ****
Info: Internal Builder is used for build
arm-atollic-eabi-gcc -c -mthumb -mcpu=cortex-m4 -mfloat-abi=hard -mfpu=fpv4-sp-d16 -std=gnu11 -D__weak=__attribute__((weak)) -D__packed=__attribute__((__packed__)) -DUSE_HAL_DRIVER -DSTM32L475xx -I../Inc -I../Drivers/STM32L4xx_HAL_Driver/Inc -I../Drivers/STM32L4xx_HAL_Driver/Inc/Legacy -I../Middlewares/Third_Party/FreeRTOS/Source/portable/GCC/ARM_CM4F -I../Drivers/CMSIS/Device/ST/STM32L4xx/Include -I../Middlewares/Third_Party/FreeRTOS/Source/include -I../Middlewares/Third_Party/FreeRTOS/Source/CMSIS_RTOS -I../Drivers/CMSIS/Include -Os -ffunction-sections -fdata-sections -g -fstack-usage -Wall -specs=nano.specs -o Src\main.o ..\Src\main.c 
..\Src\main.c: In function '__io_putchar':
..\Src\main.c:800:21: warning: unused variable 'status' [-Wunused-variable]
   HAL_StatusTypeDef status = HAL_UART_Transmit(&huart1, (uint8_t*)&data, 1, 100);
                     ^~~~~~
..\Src\main.c: In function 'StartDefaultTask':
..\Src\main.c:846:19: warning: pointer targets in passing argument 1 of 'WIFI_Connect' differ in signedness [-Wpointer-sign]
  if (WIFI_Connect((__uint8_t *)MYSSID, (__uint8_t *)PASSWORD, WIFI_ECN_WPA2_PSK) == WIFI_STATUS_OK) {
                   ^
In file included from ..\Src\main.c:56:0:
../Inc/wifi.h:140:21: note: expected 'const char *' but argument is of type '__uint8_t * {aka unsigned char *}'
 WIFI_Status_t       WIFI_Connect(
                     ^~~~~~~~~~~~
..\Src\main.c:846:40: warning: pointer targets in passing argument 2 of 'WIFI_Connect' differ in signedness [-Wpointer-sign]
  if (WIFI_Connect((__uint8_t *)MYSSID, (__uint8_t *)PASSWORD, WIFI_ECN_WPA2_PSK) == WIFI_STATUS_OK) {
                                        ^
In file included from ..\Src\main.c:56:0:
../Inc/wifi.h:140:21: note: expected 'const char *' but argument is of type '__uint8_t * {aka unsigned char *}'
 WIFI_Status_t       WIFI_Connect(
                     ^~~~~~~~~~~~
arm-atollic-eabi-gcc -o XDDDDDDD.elf Drivers\STM32L4xx_HAL_Driver\Src\stm32l4xx_hal.o Drivers\STM32L4xx_HAL_Driver\Src\stm32l4xx_hal_cortex.o Drivers\STM32L4xx_HAL_Driver\Src\stm32l4xx_hal_dfsdm.o Drivers\STM32L4xx_HAL_Driver\Src\stm32l4xx_hal_dma.o Drivers\STM32L4xx_HAL_Driver\Src\stm32l4xx_hal_dma_ex.o Drivers\STM32L4xx_HAL_Driver\Src\stm32l4xx_hal_flash.o Drivers\STM32L4xx_HAL_Driver\Src\stm32l4xx_hal_flash_ex.o Drivers\STM32L4xx_HAL_Driver\Src\stm32l4xx_hal_flash_ramfunc.o Drivers\STM32L4xx_HAL_Driver\Src\stm32l4xx_hal_gpio.o Drivers\STM32L4xx_HAL_Driver\Src\stm32l4xx_hal_i2c.o Drivers\STM32L4xx_HAL_Driver\Src\stm32l4xx_hal_i2c_ex.o Drivers\STM32L4xx_HAL_Driver\Src\stm32l4xx_hal_pcd.o Drivers\STM32L4xx_HAL_Driver\Src\stm32l4xx_hal_pcd_ex.o Drivers\STM32L4xx_HAL_Driver\Src\stm32l4xx_hal_pwr.o Drivers\STM32L4xx_HAL_Driver\Src\stm32l4xx_hal_pwr_ex.o Drivers\STM32L4xx_HAL_Driver\Src\stm32l4xx_hal_qspi.o Drivers\STM32L4xx_HAL_Driver\Src\stm32l4xx_hal_rcc.o Drivers\STM32L4xx_HAL_Driver\Src\stm32l4xx_hal_rcc_ex.o Drivers\STM32L4xx_HAL_Driver\Src\stm32l4xx_hal_spi.o Drivers\STM32L4xx_HAL_Driver\Src\stm32l4xx_hal_spi_ex.o Drivers\STM32L4xx_HAL_Driver\Src\stm32l4xx_hal_tim.o Drivers\STM32L4xx_HAL_Driver\Src\stm32l4xx_hal_tim_ex.o Drivers\STM32L4xx_HAL_Driver\Src\stm32l4xx_hal_uart.o Drivers\STM32L4xx_HAL_Driver\Src\stm32l4xx_hal_uart_ex.o Drivers\STM32L4xx_HAL_Driver\Src\stm32l4xx_ll_usb.o Middlewares\Third_Party\FreeRTOS\Source\CMSIS_RTOS\cmsis_os.o Middlewares\Third_Party\FreeRTOS\Source\croutine.o Middlewares\Third_Party\FreeRTOS\Source\event_groups.o Middlewares\Third_Party\FreeRTOS\Source\list.o Middlewares\Third_Party\FreeRTOS\Source\portable\GCC\ARM_CM4F\port.o Middlewares\Third_Party\FreeRTOS\Source\portable\MemMang\heap_4.o Middlewares\Third_Party\FreeRTOS\Source\queue.o Middlewares\Third_Party\FreeRTOS\Source\stream_buffer.o Middlewares\Third_Party\FreeRTOS\Source\tasks.o Middlewares\Third_Party\FreeRTOS\Source\timers.o Src\es_wifi.o Src\es_wifi_io.o Src\freertos.o Src\main.o Src\stm32l4xx_hal_msp.o Src\stm32l4xx_hal_timebase_TIM.o Src\stm32l4xx_it.o Src\system_stm32l4xx.o Src\wifi.o startup\startup_stm32l475xx.o -mthumb -mcpu=cortex-m4 -mfloat-abi=hard -mfpu=fpv4-sp-d16 -T../STM32L475VG_FLASH.ld -specs=nosys.specs -static -Wl,-Map=XDDDDDDD.map -Wl,--gc-sections -Wl,--defsym=malloc_getpagesize_P=0x80 -Wl,--start-group -lc -lm -Wl,--end-group -specs=nano.specs 
C:\Program Files (x86)\Atollic\TrueSTUDIO for STM32 9.0.1\ide\jre\bin\java -jar C:\Program Files (x86)\Atollic\TrueSTUDIO for STM32 9.0.1\Tools\arm-atollic-reports.jar sizeinfo list XDDDDDDD.elf 
Generate build reports...
Print size information
   text	   data	    bss	    dec	    hex	filename
  28052	    116	   8652	  36820	   8fd4	XDDDDDDD.elf
Print size information done
Generate listing file
Output sent to: XDDDDDDD.list
Generate listing file done
Generate build reports done
arm-atollic-eabi-objcopy.exe -O ihex XDDDDDDD.elf XDDDDDDD.hex 
